Archive member included to satisfy reference by file (symbol)

c:/devkitPro/libctru/lib\libarchive.a(archive_entry.o)
                              archive.o (archive_entry_pathname)
c:/devkitPro/libctru/lib\libarchive.a(archive_entry_sparse.o)
                              c:/devkitPro/libctru/lib\libarchive.a(archive_entry.o) (archive_entry_sparse_clear)
c:/devkitPro/libctru/lib\libarchive.a(archive_entry_xattr.o)
                              c:/devkitPro/libctru/lib\libarchive.a(archive_entry.o) (archive_entry_xattr_clear)
c:/devkitPro/libctru/lib\libarchive.a(archive_read.o)
                              archive.o (archive_read_new)
c:/devkitPro/libctru/lib\libarchive.a(archive_read_open_memory.o)
                              archive.o (archive_read_open_memory)
c:/devkitPro/libctru/lib\libarchive.a(archive_read_support_format_7zip.o)
                              archive.o (archive_read_support_format_7zip)
c:/devkitPro/libctru/lib\libarchive.a(archive_read_support_format_zip.o)
                              archive.o (archive_read_support_format_zip)
c:/devkitPro/libctru/lib\libarchive.a(archive_string.o)
                              c:/devkitPro/libctru/lib\libarchive.a(archive_read.o) (archive_string_free)
c:/devkitPro/libctru/lib\libarchive.a(archive_util.o)
                              c:/devkitPro/libctru/lib\libarchive.a(archive_read.o) (__archive_clean)
c:/devkitPro/libctru/lib\libarchive.a(archive_virtual.o)
                              c:/devkitPro/libctru/lib\libarchive.a(archive_util.o) (archive_filter_code)
c:/devkitPro/libctru/lib\libarchive.a(archive_write_disk_posix.o)
                              archive.o (archive_write_disk_set_options)
c:/devkitPro/libctru/lib\libarchive.a(archive_acl.o)
                              c:/devkitPro/libctru/lib\libarchive.a(archive_entry.o) (archive_acl_clear)
c:/devkitPro/libctru/lib\libarchive.a(archive_check_magic.o)
                              c:/devkitPro/libctru/lib\libarchive.a(archive_read.o) (__archive_check_magic)
c:/devkitPro/libctru/lib\libarchive.a(archive_ppmd7.o)
                              c:/devkitPro/libctru/lib\libarchive.a(archive_read_support_format_7zip.o) (__archive_ppmd7_functions)
c:/devkitPro/libctru/lib\libarchive.a(archive_rb.o)
                              c:/devkitPro/libctru/lib\libarchive.a(archive_read_support_format_zip.o) (__archive_rb_tree_init)
c:/devkitPro/libctru/lib\libarchive.a(archive_string_sprintf.o)
                              c:/devkitPro/libctru/lib\libarchive.a(archive_util.o) (archive_string_vsprintf)
c:/devkitPro/libctru/lib\libarchive.a(archive_write_disk_acl.o)
                              c:/devkitPro/libctru/lib\libarchive.a(archive_write_disk_posix.o) (archive_write_disk_set_acls)
c:/devkitPro/libctru/lib\liblzma.a(liblzma_la-common.o)
                              c:/devkitPro/libctru/lib\libarchive.a(archive_read_support_format_7zip.o) (lzma_code)
c:/devkitPro/libctru/lib\liblzma.a(liblzma_la-filter_decoder.o)
                              c:/devkitPro/libctru/lib\libarchive.a(archive_read_support_format_7zip.o) (lzma_raw_decoder)
c:/devkitPro/libctru/lib\liblzma.a(liblzma_la-lzma_decoder.o)
                              c:/devkitPro/libctru/lib\liblzma.a(liblzma_la-filter_decoder.o) (lzma_lzma_decoder_init)
c:/devkitPro/libctru/lib\liblzma.a(liblzma_la-lzma2_decoder.o)
                              c:/devkitPro/libctru/lib\liblzma.a(liblzma_la-filter_decoder.o) (lzma_lzma2_decoder_init)
c:/devkitPro/libctru/lib\liblzma.a(liblzma_la-delta_common.o)
                              c:/devkitPro/libctru/lib\liblzma.a(liblzma_la-filter_decoder.o) (lzma_delta_coder_memusage)
c:/devkitPro/libctru/lib\liblzma.a(liblzma_la-delta_decoder.o)
                              c:/devkitPro/libctru/lib\liblzma.a(liblzma_la-filter_decoder.o) (lzma_delta_decoder_init)
c:/devkitPro/libctru/lib\liblzma.a(liblzma_la-simple_decoder.o)
                              c:/devkitPro/libctru/lib\liblzma.a(liblzma_la-filter_decoder.o) (lzma_simple_props_decode)
c:/devkitPro/libctru/lib\liblzma.a(liblzma_la-x86.o)
                              c:/devkitPro/libctru/lib\liblzma.a(liblzma_la-filter_decoder.o) (lzma_simple_x86_decoder_init)
c:/devkitPro/libctru/lib\liblzma.a(liblzma_la-powerpc.o)
                              c:/devkitPro/libctru/lib\liblzma.a(liblzma_la-filter_decoder.o) (lzma_simple_powerpc_decoder_init)
c:/devkitPro/libctru/lib\liblzma.a(liblzma_la-ia64.o)
                              c:/devkitPro/libctru/lib\liblzma.a(liblzma_la-filter_decoder.o) (lzma_simple_ia64_decoder_init)
c:/devkitPro/libctru/lib\liblzma.a(liblzma_la-arm.o)
                              c:/devkitPro/libctru/lib\liblzma.a(liblzma_la-filter_decoder.o) (lzma_simple_arm_decoder_init)
c:/devkitPro/libctru/lib\liblzma.a(liblzma_la-armthumb.o)
                              c:/devkitPro/libctru/lib\liblzma.a(liblzma_la-filter_decoder.o) (lzma_simple_armthumb_decoder_init)
[...]
Memory Configuration

Name             Origin             Length             Attributes
*default*        0x00000000         0xffffffff

Linker script and memory map

                0x00100000                PROVIDE (__start__, 0x100000)
                0x00100000                . = __start__

.text           0x00100000    0x2eb30
 *(.crt0)
 .crt0          0x00100000       0x94 c:/devkitpro/devkitarm/bin/../lib/gcc/arm-none-eabi/7.1.0/../../../../arm-none-eabi/lib/armv6k/fpu/3dsx_crt0.o
                0x00100000                _start
                0x00100008                __service_ptr
                0x0010000c                __apt_appid
                0x00100010                __heap_size
                0x00100014                __linear_heap_size
                0x00100018                __system_arglist
                0x0010001c                __system_runflags
 *(.init)
 .init          0x00100094        0xc c:/devkitpro/devkitarm/bin/../lib/gcc/arm-none-eabi/7.1.0/armv6k/fpu/crti.o
                0x00100094                _init
 .init          0x001000a0        0xc c:/devkitpro/devkitarm/bin/../lib/gcc/arm-none-eabi/7.1.0/armv6k/fpu/crtn.o
                0x001000ac                . = ALIGN (0x4)
 *(.text)
 *fill*         0x001000ac        0x4 
 .text          0x001000b0       0x80 asm.o
                0x001000b0                flush_dcache
                0x001000bc                invalidate_icache
                0x001000c8                svcGlobalBackdoor
                0x001000d0                svc_30
                0x00100110                checkSvcGlobalBackdoor
 .text          0x00100130       0x64 c:/devkitPro/libctru/lib\libctru.a(stack_adjust.o)
                0x00100130                initSystem
                0x00100174                __ctru_exit
 .text          0x00100194      0x20c c:/devkitpro/devkitarm/bin/../lib/gcc/arm-none-eabi/7.1.0/armv6k/fpu\libgcc.a(_udivsi3.o)
                0x00100194                __aeabi_uidiv
                0x00100194                __udivsi3
                0x00100380                __aeabi_uidivmod
 .text          0x001003a0      0x240 c:/devkitpro/devkitarm/bin/../lib/gcc/arm-none-eabi/7.1.0/armv6k/fpu\libgcc.a(_divsi3.o)
                0x001003a0                __divsi3
                0x001003a0                __aeabi_idiv
                0x001005c0                __aeabi_idivmod
 .text          0x001005e0        0x4 c:/devkitpro/devkitarm/bin/../lib/gcc/arm-none-eabi/7.1.0/armv6k/fpu\libgcc.a(_dvmd_tls.o)
                0x001005e0                __aeabi_idiv0
                0x001005e0                __aeabi_ldiv0
 .text          0x001005e4       0x3c c:/devkitpro/devkitarm/bin/../lib/gcc/arm-none-eabi/7.1.0/armv6k/fpu\libgcc.a(_aeabi_uldivmod.o)
                0x001005e4                __aeabi_uldivmod
 .text          0x00100620      0x390 c:/devkitpro/devkitarm/bin/../lib/gcc/arm-none-eabi/7.1.0/../../../../arm-none-eabi/lib/armv6k/fpu\libg.a(lib_a-strcmp.o)
                0x00100628                strcmp
 *(.text.*)
 .text.deregister_tm_clones
                0x001009b0       0x2c c:/devkitpro/devkitarm/bin/../lib/gcc/arm-none-eabi/7.1.0/armv6k/fpu/crtbegin.o
 .text.register_tm_clones
                0x001009dc       0x38 c:/devkitpro/devkitarm/bin/../lib/gcc/arm-none-eabi/7.1.0/armv6k/fpu/crtbegin.o
 .text.__do_global_dtors_aux
                0x00100a14       0x44 c:/devkitpro/devkitarm/bin/../lib/gcc/arm-none-eabi/7.1.0/armv6k/fpu/crtbegin.o
 .text.frame_dummy
                0x00100a58       0x34 c:/devkitpro/devkitarm/bin/../lib/gcc/arm-none-eabi/7.1.0/armv6k/fpu/crtbegin.o
 .text.doExploitsStep1
                0x00100a8c       0x2c main.o
                0x00100a8c                doExploitsStep1
 .text.startup.main
                0x00100ab8       0x5c main.o
                0x00100ab8                main
 .text.K_PatchPID
                0x00100b14       0x34 kernel.o
 .text.K_RestorePID
                0x00100b48       0x2c kernel.o
 .text.initial_kernel_function
                0x00100b74       0x14 kernel.o
                0x00100b74                initial_kernel_function
 .text.K_PatchACL
                0x00100b88       0x54 kernel.o
 .text.gspSetTextureCopy
                0x00100bdc       0xdc kernel.o
                0x00100bdc                gspSetTextureCopy
 .text.hook_kernel
                0x00100cb8      0x344 kernel.o
                0x00100cb8                hook_kernel
 .text.initsrv_allservices
                0x00100ffc       0x58 kernel.o
                0x00100ffc                initsrv_allservices
 .text.patch_svcaccesstable
                0x00101054       0x2c kernel.o
                0x00101054                patch_svcaccesstable
 .text.patch_arm11_codeflow
                0x00101080      0x164 safehax.o
                0x00101080                patch_arm11_codeflow
 .text.FileRead
                0x001011e4       0xa4 safehax.o
                0x001011e4                FileRead
 .text.safehax  0x00101288      0x374 safehax.o
                0x00101288                safehax
 .text.__system_allocateHeaps
                0x001015fc       0xac udsploit.o
                0x001015fc                __system_allocateHeaps
 .text.allocHeapWithLa
                0x001016a8      0x1b4 udsploit.o
                0x001016a8                allocHeapWithLa
 .text.udsploit
                0x0010185c      0x3fc udsploit.o
                0x0010185c                udsploit
 .text._ZL21addrMapNodeComparatorPK11rbtree_nodeS1_
                0x00101c58       0x24 c:/devkitPro/libctru/lib\libctru.a(linear.o)
 .text._ZL21addrMapNodeDestructorP11rbtree_node
                0x00101c7c        0x4 c:/devkitPro/libctru/lib\libctru.a(linear.o)
 .text.linearMemAlign
                0x00101c80      0x11c c:/devkitPro/libctru/lib\libctru.a(linear.o)
                0x00101c80                linearMemAlign
 .text.linearAlloc
                0x00101d9c        0x8 c:/devkitPro/libctru/lib\libctru.a(linear.o)
                0x00101d9c                linearAlloc
 .text.linearFree
                0x00101da4       0x50 c:/devkitPro/libctru/lib\libctru.a(linear.o)
                0x00101da4                linearFree
 .text._ZN7MemPool13CoalesceRightEP8MemBlock
                0x00101df4       0x98 c:/devkitPro/libctru/lib\libctru.a(mem_pool.o)
                0x00101df4                MemPool::CoalesceRight(MemBlock*)
 .text._ZN7MemPool8AllocateER8MemChunkmi
                0x00101e8c      0x16c c:/devkitPro/libctru/lib\libctru.a(mem_pool.o)
                0x00101e8c                MemPool::Allocate(MemChunk&, unsigned long, int)
 .text._ZN7MemPool10DeallocateERK8MemChunk
                0x00101ff8       0xfc c:/devkitPro/libctru/lib\libctru.a(mem_pool.o)
                0x00101ff8                MemPool::Deallocate(MemChunk const&)
 .text.consoleDrawChar
                0x001020f4      0x1c0 c:/devkitPro/libctru/lib\libctru.a(console.o)
                0x001020f4                consoleDrawChar
 .text.consolePrintChar
                0x001022b4      0x128 c:/devkitPro/libctru/lib\libctru.a(console.o)
                0x001022b4                consolePrintChar
 .text.consoleCls
                0x001023dc      0x184 c:/devkitPro/libctru/lib\libctru.a(console.o)
 .text.consoleInit
                0x00102560      0x104 c:/devkitPro/libctru/lib\libctru.a(console.o)
                0x00102560                consoleInit
 .text.consoleClearLine
                0x00102664      0x138 c:/devkitPro/libctru/lib\libctru.a(console.o)
 .text.newRow   0x0010279c       0xc0 c:/devkitPro/libctru/lib\libctru.a(console.o)
 .text.con_write
                0x0010285c      0x810 c:/devkitPro/libctru/lib\libctru.a(console.o)
                0x0010285c                con_write
 .text.gfxSetFramebufferInfo.part.0
                0x0010306c       0x8c c:/devkitPro/libctru/lib\libctru.a(gfx.o)
 .text.__get_bytes_per_pixel
                0x001030f8       0x18 c:/devkitPro/libctru/lib\libctru.a(gfx.o)
                0x001030f8                __get_bytes_per_pixel
 .text.gfxSetScreenFormat
                0x00103110      0x184 c:/devkitPro/libctru/lib\libctru.a(gfx.o)
                0x00103110                gfxSetScreenFormat
 .text.gfxSetDoubleBuffering
                0x00103294       0x10 c:/devkitPro/libctru/lib\libctru.a(gfx.o)
                0x00103294                gfxSetDoubleBuffering
 .text.gfxSetFramebufferInfo
                0x001032a4       0x6c c:/devkitPro/libctru/lib\libctru.a(gfx.o)
                0x001032a4                gfxSetFramebufferInfo
 .text.gfxWriteFramebufferInfo
                0x00103310       0xb0 c:/devkitPro/libctru/lib\libctru.a(gfx.o)
                0x00103310                gfxWriteFramebufferInfo
 .text.gfxInit  0x001033c0      0x210 c:/devkitPro/libctru/lib\libctru.a(gfx.o)
                0x001033c0                gfxInit
 .text.gfxInitDefault
                0x001035d0       0x10 c:/devkitPro/libctru/lib\libctru.a(gfx.o)
                0x001035d0                gfxInitDefault
 .text.gfxExit  0x001035e0       0xe0 c:/devkitPro/libctru/lib\libctru.a(gfx.o)
                0x001035e0                gfxExit
 .text.gfxGetFramebuffer
                0x001036c0       0xa8 c:/devkitPro/libctru/lib\libctru.a(gfx.o)
                0x001036c0                gfxGetFramebuffer
 .text.gfxFlushBuffers
                0x00103768       0xe8 c:/devkitPro/libctru/lib\libctru.a(gfx.o)
                0x00103768                gfxFlushBuffers
 .text.gfxConfigScreen
                0x00103850       0x60 c:/devkitPro/libctru/lib\libctru.a(gfx.o)
                0x00103850                gfxConfigScreen
 .text.gfxSwapBuffers
                0x001038b0       0x20 c:/devkitPro/libctru/lib\libctru.a(gfx.o)
                0x001038b0                gfxSwapBuffers
 .text.gfxSwapBuffersGpu
                0x001038d0       0x20 c:/devkitPro/libctru/lib\libctru.a(gfx.o)
                0x001038d0                gfxSwapBuffersGpu
 .text.getSysTime
                0x001038f0       0x58 c:/devkitPro/libctru/lib\libctru.a(os.o)
 .text.__ctru_speedup_config.part.0
                0x00103948       0x28 c:/devkitPro/libctru/lib\libctru.a(os.o)
 .text.osConvertVirtToPhys
                0x00103970       0x4c c:/devkitPro/libctru/lib\libctru.a(os.o)
                0x00103970                osConvertVirtToPhys
 *fill*         0x001039bc        0x4 
 .text.__libctru_gtod
                0x001039c0      0x128 c:/devkitPro/libctru/lib\libctru.a(os.o)
                0x001039c0                __libctru_gtod
 .text.__ctru_speedup_config
                0x00103ae8       0x18 c:/devkitPro/libctru/lib\libctru.a(os.o)
                0x00103ae8                __ctru_speedup_config
 .text.romfs_close
                0x00103b00        0x8 c:/devkitPro/libctru/lib\libctru.a(romfs_dev.o)
 .text.romfs_seek
                0x00103b08       0xcc c:/devkitPro/libctru/lib\libctru.a(romfs_dev.o)
 .text.romfs_dirreset
                0x00103bd4       0x28 c:/devkitPro/libctru/lib\libctru.a(romfs_dev.o)
 .text.romfs_fstat
                0x00103bfc       0x78 c:/devkitPro/libctru/lib\libctru.a(romfs_dev.o)
 .text._romfs_read_chk
                0x00103c74       0x5c c:/devkitPro/libctru/lib\libctru.a(romfs_dev.o)
 .text.romfs_read
                0x00103cd0       0xe8 c:/devkitPro/libctru/lib\libctru.a(romfs_dev.o)
 .text.romfs_free
                0x00103db8       0x7c c:/devkitPro/libctru/lib\libctru.a(romfs_dev.o)
 .text.romfsMountCommon
                0x00103e34      0x16c c:/devkitPro/libctru/lib\libctru.a(romfs_dev.o)
 .text.romfs_dirnext
                0x00103fa0      0x254 c:/devkitPro/libctru/lib\libctru.a(romfs_dev.o)
 *fill*         0x001041f4        0x4 
 .text.romfsInitMtime.isra.4
                0x001041f8       0xd0 c:/devkitPro/libctru/lib\libctru.a(romfs_dev.o)
 .text.searchForFile.constprop.7
                0x001042c8       0xb4 c:/devkitPro/libctru/lib\libctru.a(romfs_dev.o)
 .text.searchForDir.constprop.8
                0x0010437c       0xb8 c:/devkitPro/libctru/lib\libctru.a(romfs_dev.o)
 .text.navigateToDir.constprop.6
                0x00104434      0x1b8 c:/devkitPro/libctru/lib\libctru.a(romfs_dev.o)
 .text.romfs_open
                0x001045ec      0x130 c:/devkitPro/libctru/lib\libctru.a(romfs_dev.o)
 .text.romfs_stat
                0x0010471c      0x210 c:/devkitPro/libctru/lib\libctru.a(romfs_dev.o)
 .text.romfs_chdir
                0x0010492c       0x54 c:/devkitPro/libctru/lib\libctru.a(romfs_dev.o)
 .text.romfs_diropen
                0x00104980       0x78 c:/devkitPro/libctru/lib\libctru.a(romfs_dev.o)
 .text.romfs_dirclose
                0x001049f8        0x8 c:/devkitPro/libctru/lib\libctru.a(romfs_dev.o)
 .text.romfsMount
                0x00104a00      0x344 c:/devkitPro/libctru/lib\libctru.a(romfs_dev.o)
                0x00104a00                romfsMount
 .text.romfsUnmount
                0x00104d44       0x78 c:/devkitPro/libctru/lib\libctru.a(romfs_dev.o)
                0x00104d44                romfsUnmount
 .text.srvExit  0x00104dbc       0x58 c:/devkitPro/libctru/lib\libctru.a(srv.o)
                0x00104dbc                srvExit
 .text.srvRegisterClient
                0x00104e14       0x38 c:/devkitPro/libctru/lib\libctru.a(srv.o)
                0x00104e14                srvRegisterClient
 .text.srvInit  0x00104e4c       0xc4 c:/devkitPro/libctru/lib\libctru.a(srv.o)
                0x00104e4c                srvInit
 .text.srvGetServiceHandleDirect
                0x00104f10       0x6c c:/devkitPro/libctru/lib\libctru.a(srv.o)
                0x00104f10                srvGetServiceHandleDirect
 .text.srvGetServiceHandle
                0x00104f7c       0x38 c:/devkitPro/libctru/lib\libctru.a(srv.o)
                0x00104f7c                srvGetServiceHandle
 .text.gxCmdQueueAdd
                0x00104fb4        0x4 c:/devkitPro/libctru/lib\libctru.a(gx.o)
                0x00104fb4                gxCmdQueueAdd
 .text.submitGxCommand
                0x00104fb8       0x38 c:/devkitPro/libctru/lib\libctru.a(gx.o)
 .text.GX_TextureCopy
                0x00104ff0       0x4c c:/devkitPro/libctru/lib\libctru.a(gx.o)
                0x00104ff0                GX_TextureCopy
 .text._aptDebug
                0x0010503c        0x4 c:/devkitPro/libctru/lib\libctru.a(apt.o)
                0x0010503c                _aptDebug
 .text.aptSendCommand
                0x00105040      0x15c c:/devkitPro/libctru/lib\libctru.a(apt.o)
                0x00105040                aptSendCommand
 .text.aptExitProcess
                0x0010519c       0x3c c:/devkitPro/libctru/lib\libctru.a(apt.o)
 .text.APT_InquireNotification
                0x001051d8       0x4c c:/devkitPro/libctru/lib\libctru.a(apt.o)
                0x001051d8                APT_InquireNotification
 .text.aptEventHandler
                0x00105224      0x19c c:/devkitPro/libctru/lib\libctru.a(apt.o)
 .text.APT_AppletUtility
                0x001053c0       0x74 c:/devkitPro/libctru/lib\libctru.a(apt.o)
                0x001053c0                APT_AppletUtility
 .text.aptSetSleepAllowed
                0x00105434       0xb0 c:/devkitPro/libctru/lib\libctru.a(apt.o)
                0x00105434                aptSetSleepAllowed
 .text.APT_GlanceParameter
                0x001054e4       0xb0 c:/devkitPro/libctru/lib\libctru.a(apt.o)
                0x001054e4                APT_GlanceParameter
 .text.APT_ReceiveParameter
                0x00105594       0xc4 c:/devkitPro/libctru/lib\libctru.a(apt.o)
                0x00105594                APT_ReceiveParameter
 .text.aptReceiveParameter.constprop.1
                0x00105658       0xbc c:/devkitPro/libctru/lib\libctru.a(apt.o)
 *fill*         0x00105714        0x4 
 .text.aptScreenTransfer
                0x00105718      0x1e8 c:/devkitPro/libctru/lib\libctru.a(apt.o)
 .text.aptWaitForWakeUp
                0x00105900      0x210 c:/devkitPro/libctru/lib\libctru.a(apt.o)
 .text.APT_CancelParameter
                0x00105b10       0x70 c:/devkitPro/libctru/lib\libctru.a(apt.o)
                0x00105b10                APT_CancelParameter
 .text.aptInit  0x00105b80      0x270 c:/devkitPro/libctru/lib\libctru.a(apt.o)
                0x00105b80                aptInit
 .text.aptClearParamQueue
                0x00105df0       0x88 c:/devkitPro/libctru/lib\libctru.a(apt.o)
 .text.aptMainLoop.part.0
                0x00105e78      0x1e4 c:/devkitPro/libctru/lib\libctru.a(apt.o)
 .text.aptMainLoop
                0x0010605c       0x1c c:/devkitPro/libctru/lib\libctru.a(apt.o)
                0x0010605c                aptMainLoop
 .text.aptExit  0x00106078      0x24c c:/devkitPro/libctru/lib\libctru.a(apt.o)
                0x00106078                aptExit
 .text.APT_CheckNew3DS
                0x001062c4       0x7c c:/devkitPro/libctru/lib\libctru.a(apt.o)
                0x001062c4                APT_CheckNew3DS
 .text.fsSessionForArchive.part.0
                0x00106340       0x28 c:/devkitPro/libctru/lib\libctru.a(fs.o)
 .text.fsInit   0x00106368       0xd0 c:/devkitPro/libctru/lib\libctru.a(fs.o)
                0x00106368                fsInit
 .text.fsExit   0x00106438       0x3c c:/devkitPro/libctru/lib\libctru.a(fs.o)
                0x00106438                fsExit
 .text.fsExemptFromSession
                0x00106474       0x74 c:/devkitPro/libctru/lib\libctru.a(fs.o)
                0x00106474                fsExemptFromSession
 .text.fsUnexemptFromSession
                0x001064e8       0x50 c:/devkitPro/libctru/lib\libctru.a(fs.o)
                0x001064e8                fsUnexemptFromSession
 .text.FSUSER_OpenFile
                0x00106538       0xc0 c:/devkitPro/libctru/lib\libctru.a(fs.o)
                0x00106538                FSUSER_OpenFile
 .text.FSUSER_OpenFileDirectly
                0x001065f8       0xd4 c:/devkitPro/libctru/lib\libctru.a(fs.o)
                0x001065f8                FSUSER_OpenFileDirectly
 .text.FSUSER_DeleteFile
                0x001066cc       0xa8 c:/devkitPro/libctru/lib\libctru.a(fs.o)
                0x001066cc                FSUSER_DeleteFile
 .text.FSUSER_RenameFile
                0x00106774       0xe0 c:/devkitPro/libctru/lib\libctru.a(fs.o)
                0x00106774                FSUSER_RenameFile
 .text.FSUSER_DeleteDirectory
                0x00106854       0xa8 c:/devkitPro/libctru/lib\libctru.a(fs.o)
                0x00106854                FSUSER_DeleteDirectory
 .text.FSUSER_CreateFile
                0x001068fc       0xc0 c:/devkitPro/libctru/lib\libctru.a(fs.o)
                0x001068fc                FSUSER_CreateFile
 .text.FSUSER_CreateDirectory
                0x001069bc       0xb0 c:/devkitPro/libctru/lib\libctru.a(fs.o)
                0x001069bc                FSUSER_CreateDirectory
 .text.FSUSER_RenameDirectory
                0x00106a6c       0xe0 c:/devkitPro/libctru/lib\libctru.a(fs.o)
                0x00106a6c                FSUSER_RenameDirectory
 .text.FSUSER_OpenDirectory
                0x00106b4c       0xa4 c:/devkitPro/libctru/lib\libctru.a(fs.o)
                0x00106b4c                FSUSER_OpenDirectory
 .text.FSUSER_OpenArchive
                0x00106bf0       0x98 c:/devkitPro/libctru/lib\libctru.a(fs.o)
                0x00106bf0                FSUSER_OpenArchive
 .text.FSUSER_ControlArchive
                0x00106c88       0x9c c:/devkitPro/libctru/lib\libctru.a(fs.o)
                0x00106c88                FSUSER_ControlArchive
 .text.FSUSER_CloseArchive
                0x00106d24       0x74 c:/devkitPro/libctru/lib\libctru.a(fs.o)
                0x00106d24                FSUSER_CloseArchive
 .text.FSUSER_GetSdmcArchiveResource
                0x00106d98       0x78 c:/devkitPro/libctru/lib\libctru.a(fs.o)
                0x00106d98                FSUSER_GetSdmcArchiveResource
 .text.FSUSER_IsSdmcWritable
                0x00106e10       0x64 c:/devkitPro/libctru/lib\libctru.a(fs.o)
                0x00106e10                FSUSER_IsSdmcWritable
 .text.FSFILE_Read
                0x00106e74       0x58 c:/devkitPro/libctru/lib\libctru.a(fs.o)
                0x00106e74                FSFILE_Read
 .text.FSFILE_Write
                0x00106ecc       0x64 c:/devkitPro/libctru/lib\libctru.a(fs.o)
                0x00106ecc                FSFILE_Write
 .text.FSFILE_GetSize
                0x00106f30       0x38 c:/devkitPro/libctru/lib\libctru.a(fs.o)
                0x00106f30                FSFILE_GetSize
 .text.FSFILE_SetSize
                0x00106f68       0x28 c:/devkitPro/libctru/lib\libctru.a(fs.o)
                0x00106f68                FSFILE_SetSize
 .text.FSFILE_Close
                0x00106f90       0x3c c:/devkitPro/libctru/lib\libctru.a(fs.o)
                0x00106f90                FSFILE_Close
 .text.FSFILE_Flush
                0x00106fcc       0x24 c:/devkitPro/libctru/lib\libctru.a(fs.o)
                0x00106fcc                FSFILE_Flush
 .text.FSDIR_Read
                0x00106ff0       0x54 c:/devkitPro/libctru/lib\libctru.a(fs.o)
                0x00106ff0                FSDIR_Read
 .text.FSDIR_Close
                0x00107044       0x3c c:/devkitPro/libctru/lib\libctru.a(fs.o)
                0x00107044                FSDIR_Close
 .text.gspInit  0x00107080       0x74 c:/devkitPro/libctru/lib\libctru.a(gspgpu.o)
                0x00107080                gspInit
 .text.gspExit  0x001070f4       0x3c c:/devkitPro/libctru/lib\libctru.a(gspgpu.o)
                0x001070f4                gspExit
 .text.gspInitEventHandler
                0x00107130       0xa0 c:/devkitPro/libctru/lib\libctru.a(gspgpu.o)
                0x00107130                gspInitEventHandler
 .text.gspExitEventHandler
                0x001071d0       0x40 c:/devkitPro/libctru/lib\libctru.a(gspgpu.o)
                0x001071d0                gspExitEventHandler
 .text.gspWaitForEvent
                0x00107210       0x44 c:/devkitPro/libctru/lib\libctru.a(gspgpu.o)
                0x00107210                gspWaitForEvent
 .text.gxCmdQueueInterrupt
                0x00107254        0x4 c:/devkitPro/libctru/lib\libctru.a(gspgpu.o)
                0x00107254                gxCmdQueueInterrupt
 .text.gspEventThreadMain
                0x00107258      0x174 c:/devkitPro/libctru/lib\libctru.a(gspgpu.o)
 .text.gspSubmitGxCommand
                0x001073cc      0x124 c:/devkitPro/libctru/lib\libctru.a(gspgpu.o)
                0x001073cc                gspSubmitGxCommand
 .text.GSPGPU_WriteHWRegs
                0x001074f0       0x68 c:/devkitPro/libctru/lib\libctru.a(gspgpu.o)
                0x001074f0                GSPGPU_WriteHWRegs
 .text.GSPGPU_ReadHWRegs
                0x00107558       0x68 c:/devkitPro/libctru/lib\libctru.a(gspgpu.o)
                0x00107558                GSPGPU_ReadHWRegs
 .text.GSPGPU_SetBufferSwap
                0x001075c0       0x6c c:/devkitPro/libctru/lib\libctru.a(gspgpu.o)
                0x001075c0                GSPGPU_SetBufferSwap
 .text.GSPGPU_FlushDataCache
                0x0010762c       0x4c c:/devkitPro/libctru/lib\libctru.a(gspgpu.o)
                0x0010762c                GSPGPU_FlushDataCache
 .text.GSPGPU_InvalidateDataCache
                0x00107678       0x4c c:/devkitPro/libctru/lib\libctru.a(gspgpu.o)
                0x00107678                GSPGPU_InvalidateDataCache
 .text.GSPGPU_SetLcdForceBlack
                0x001076c4       0x34 c:/devkitPro/libctru/lib\libctru.a(gspgpu.o)
                0x001076c4                GSPGPU_SetLcdForceBlack
 .text.GSPGPU_RegisterInterruptRelayQueue
                0x001076f8       0x64 c:/devkitPro/libctru/lib\libctru.a(gspgpu.o)
                0x001076f8                GSPGPU_RegisterInterruptRelayQueue
 .text.GSPGPU_UnregisterInterruptRelayQueue
                0x0010775c       0x2c c:/devkitPro/libctru/lib\libctru.a(gspgpu.o)
                0x0010775c                GSPGPU_UnregisterInterruptRelayQueue
 .text.GSPGPU_AcquireRight
                0x00107788       0x48 c:/devkitPro/libctru/lib\libctru.a(gspgpu.o)
                0x00107788                GSPGPU_AcquireRight
 .text.GSPGPU_ReleaseRight
                0x001077d0       0x2c c:/devkitPro/libctru/lib\libctru.a(gspgpu.o)
                0x001077d0                GSPGPU_ReleaseRight
 .text.GSPGPU_ImportDisplayCaptureInfo
                0x001077fc       0x80 c:/devkitPro/libctru/lib\libctru.a(gspgpu.o)
                0x001077fc                GSPGPU_ImportDisplayCaptureInfo
 .text.GSPGPU_SaveVramSysArea
                0x0010787c       0x2c c:/devkitPro/libctru/lib\libctru.a(gspgpu.o)
                0x0010787c                GSPGPU_SaveVramSysArea
 .text.GSPGPU_RestoreVramSysArea
                0x001078a8       0x2c c:/devkitPro/libctru/lib\libctru.a(gspgpu.o)
                0x001078a8                GSPGPU_RestoreVramSysArea
 .text.hidExit  0x001078d4       0xd0 c:/devkitPro/libctru/lib\libctru.a(hid.o)
                0x001078d4                hidExit
 .text.hidScanInput
                0x001079a4      0x26c c:/devkitPro/libctru/lib\libctru.a(hid.o)
                0x001079a4                hidScanInput
 .text.hidKeysDown
                0x00107c10       0x10 c:/devkitPro/libctru/lib\libctru.a(hid.o)
                0x00107c10                hidKeysDown
 .text.HIDUSER_GetHandles
                0x00107c20       0x90 c:/devkitPro/libctru/lib\libctru.a(hid.o)
                0x00107c20                HIDUSER_GetHandles
 .text.hidInit  0x00107cb0      0x1a8 c:/devkitPro/libctru/lib\libctru.a(hid.o)
                0x00107cb0                hidInit
 .text.httpcInit
                0x00107e58      0x19c c:/devkitPro/libctru/lib\libctru.a(httpc.o)
                0x00107e58                httpcInit
 .text.httpcExit
                0x00107ff4       0x94 c:/devkitPro/libctru/lib\libctru.a(httpc.o)
                0x00107ff4                httpcExit
 .text.irrstScanInput
                0x00108088       0xac c:/devkitPro/libctru/lib\libctru.a(irrst.o)
                0x00108088                irrstScanInput
 .text.irrstKeysHeld
                0x00108134       0x24 c:/devkitPro/libctru/lib\libctru.a(irrst.o)
                0x00108134                irrstKeysHeld
 .text.IRRST_GetHandles
                0x00108158       0x50 c:/devkitPro/libctru/lib\libctru.a(irrst.o)
                0x00108158                IRRST_GetHandles
 .text.irrstInit
                0x001081a8      0x158 c:/devkitPro/libctru/lib\libctru.a(irrst.o)
                0x001081a8                irrstInit
 .text.IRRST_Shutdown
                0x00108300       0x2c c:/devkitPro/libctru/lib\libctru.a(irrst.o)
                0x00108300                IRRST_Shutdown
 .text.irrstExit
                0x0010832c       0xac c:/devkitPro/libctru/lib\libctru.a(irrst.o)
                0x0010832c                irrstExit
 .text.pmInit   0x001083d8       0x74 c:/devkitPro/libctru/lib\libctru.a(pm.o)
                0x001083d8                pmInit
 .text.pmExit   0x0010844c       0x3c c:/devkitPro/libctru/lib\libctru.a(pm.o)
                0x0010844c                pmExit
 .text.PM_LaunchFIRMSetParams
                0x00108488       0x44 c:/devkitPro/libctru/lib\libctru.a(pm.o)
                0x00108488                PM_LaunchFIRMSetParams
 .text.ptmSysmInit
                0x001084cc       0x74 c:/devkitPro/libctru/lib\libctru.a(ptmsysm.o)
                0x001084cc                ptmSysmInit
 .text.ptmSysmExit
                0x00108540       0x3c c:/devkitPro/libctru/lib\libctru.a(ptmsysm.o)
                0x00108540                ptmSysmExit
 .text.PTMSYSM_ConfigureNew3DSCPU
                0x0010857c       0x34 c:/devkitPro/libctru/lib\libctru.a(ptmsysm.o)
                0x0010857c                PTMSYSM_ConfigureNew3DSCPU
 .text.srvPmGetSessionHandle
                0x001085b0        0xc c:/devkitPro/libctru/lib\libctru.a(srvpm.o)
                0x001085b0                srvPmGetSessionHandle
 .text.rbtree_find
                0x001085bc       0x6c c:/devkitPro/libctru/lib\libctru.a(rbtree_find.o)
                0x001085bc                rbtree_find
 .text.rbtree_init
                0x00108628       0x14 c:/devkitPro/libctru/lib\libctru.a(rbtree_init.o)
                0x00108628                rbtree_init
 .text.do_insert
                0x0010863c      0x18c c:/devkitPro/libctru/lib\libctru.a(rbtree_insert.o)
 .text.rbtree_insert
                0x001087c8        0x8 c:/devkitPro/libctru/lib\libctru.a(rbtree_insert.o)
                0x001087c8                rbtree_insert
 .text.rbtree_remove
                0x001087d0      0x32c c:/devkitPro/libctru/lib\libctru.a(rbtree_remove.o)
                0x001087d0                rbtree_remove
 .text.rbtree_rotate
                0x00108afc       0x94 c:/devkitPro/libctru/lib\libctru.a(rbtree_rotate.o)
                0x00108afc                rbtree_rotate
 .text.utf16_to_utf8
                0x00108b90       0xe8 c:/devkitPro/libctru/lib\libctru.a(utf16_to_utf8.o)
                0x00108b90                utf16_to_utf8
 .text.utf8_to_utf16
                0x00108c78       0xc0 c:/devkitPro/libctru/lib\libctru.a(utf8_to_utf16.o)
                0x00108c78                utf8_to_utf16
 .text.__system_initArgv
                0x00108d38       0xec c:/devkitPro/libctru/lib\libctru.a(initArgv.o)
                0x00108d38                __system_initArgv
 .text.__libctru_init
                0x00108e24       0x38 c:/devkitPro/libctru/lib\libctru.a(initSystem.o)
                0x00108e24                __libctru_init
 .text.__ctru_get_reent
                0x00108e5c       0x30 c:/devkitPro/libctru/lib\libctru.a(syscalls.o)
 .text.__system_initSyscalls
                0x00108e8c       0xe4 c:/devkitPro/libctru/lib\libctru.a(syscalls.o)
                0x00108e8c                __system_initSyscalls
 .text.svcControlMemory
                0x00108f70       0x20 c:/devkitPro/libctru/lib\libctru.a(svc.o)
                0x00108f70                svcControlMemory
 .text.svcExitProcess
                0x00108f90        0x8 c:/devkitPro/libctru/lib\libctru.a(svc.o)
                0x00108f90                svcExitProcess
 .text.svcCreateThread
                0x00108f98       0x20 c:/devkitPro/libctru/lib\libctru.a(svc.o)
                0x00108f98                svcCreateThread
 .text.svcExitThread
                0x00108fb8        0x8 c:/devkitPro/libctru/lib\libctru.a(svc.o)
                0x00108fb8                svcExitThread
 .text.svcSleepThread
                0x00108fc0        0x8 c:/devkitPro/libctru/lib\libctru.a(svc.o)
                0x00108fc0                svcSleepThread
 .text.svcReleaseMutex
                0x00108fc8        0x8 c:/devkitPro/libctru/lib\libctru.a(svc.o)
                0x00108fc8                svcReleaseMutex
 .text.svcCreateEvent
                0x00108fd0       0x14 c:/devkitPro/libctru/lib\libctru.a(svc.o)
                0x00108fd0                svcCreateEvent
 .text.svcSignalEvent
                0x00108fe4        0x8 c:/devkitPro/libctru/lib\libctru.a(svc.o)
                0x00108fe4                svcSignalEvent
 .text.svcClearEvent
                0x00108fec        0x8 c:/devkitPro/libctru/lib\libctru.a(svc.o)
                0x00108fec                svcClearEvent
 .text.svcCreateMemoryBlock
                0x00108ff4       0x18 c:/devkitPro/libctru/lib\libctru.a(svc.o)
                0x00108ff4                svcCreateMemoryBlock
 .text.svcMapMemoryBlock
                0x0010900c        0x8 c:/devkitPro/libctru/lib\libctru.a(svc.o)
                0x0010900c                svcMapMemoryBlock
 .text.svcUnmapMemoryBlock
                0x00109014        0x8 c:/devkitPro/libctru/lib\libctru.a(svc.o)
                0x00109014                svcUnmapMemoryBlock
 .text.svcCreateAddressArbiter
                0x0010901c       0x14 c:/devkitPro/libctru/lib\libctru.a(svc.o)
                0x0010901c                svcCreateAddressArbiter
 .text.svcArbitrateAddress
                0x00109030       0x18 c:/devkitPro/libctru/lib\libctru.a(svc.o)
                0x00109030                svcArbitrateAddress
 .text.svcCloseHandle
                0x00109048        0x8 c:/devkitPro/libctru/lib\libctru.a(svc.o)
                0x00109048                svcCloseHandle
 .text.svcWaitSynchronization
                0x00109050        0x8 c:/devkitPro/libctru/lib\libctru.a(svc.o)
                0x00109050                svcWaitSynchronization
 .text.svcWaitSynchronizationN
                0x00109058       0x28 c:/devkitPro/libctru/lib\libctru.a(svc.o)
                0x00109058                svcWaitSynchronizationN
 .text.svcDuplicateHandle
                0x00109080       0x14 c:/devkitPro/libctru/lib\libctru.a(svc.o)
                0x00109080                svcDuplicateHandle
 .text.svcGetSystemTick
                0x00109094        0x8 c:/devkitPro/libctru/lib\libctru.a(svc.o)
                0x00109094                svcGetSystemTick
 .text.svcGetSystemInfo
                0x0010909c       0x18 c:/devkitPro/libctru/lib\libctru.a(svc.o)
                0x0010909c                svcGetSystemInfo
 .text.svcConnectToPort
                0x001090b4       0x14 c:/devkitPro/libctru/lib\libctru.a(svc.o)
                0x001090b4                svcConnectToPort
 .text.svcSendSyncRequest
                0x001090c8        0x8 c:/devkitPro/libctru/lib\libctru.a(svc.o)
                0x001090c8                svcSendSyncRequest
 .text.svcBreak
                0x001090d0        0x8 c:/devkitPro/libctru/lib\libctru.a(svc.o)
                0x001090d0                svcBreak
 .text.svcBackdoor
                0x001090d8        0x8 c:/devkitPro/libctru/lib\libctru.a(svc.o)
                0x001090d8                svcBackdoor
 .text._ZL21addrMapNodeComparatorPK11rbtree_nodeS1_
                0x001090e0       0x24 c:/devkitPro/libctru/lib\libctru.a(mappable.o)
 .text._ZL21addrMapNodeDestructorP11rbtree_node
                0x00109104        0x4 c:/devkitPro/libctru/lib\libctru.a(mappable.o)
 .text.mappableAlloc
                0x00109108       0xe4 c:/devkitPro/libctru/lib\libctru.a(mappable.o)
                0x00109108                mappableAlloc
 .text.mappableFree
                0x001091ec       0x50 c:/devkitPro/libctru/lib\libctru.a(mappable.o)
                0x001091ec                mappableFree
 .text._ZL21addrMapNodeComparatorPK11rbtree_nodeS1_
                0x0010923c       0x24 c:/devkitPro/libctru/lib\libctru.a(vram.o)
 .text._ZL21addrMapNodeDestructorP11rbtree_node
                0x00109260        0x4 c:/devkitPro/libctru/lib\libctru.a(vram.o)
 .text.vramMemAlign
                0x00109264      0x110 c:/devkitPro/libctru/lib\libctru.a(vram.o)
                0x00109264                vramMemAlign
 .text.vramAlloc
                0x00109374        0x8 c:/devkitPro/libctru/lib\libctru.a(vram.o)
                0x00109374                vramAlloc
 .text.vramFree
                0x0010937c       0x50 c:/devkitPro/libctru/lib\libctru.a(vram.o)
                0x0010937c                vramFree
 .text.envGetHandle
                0x001093cc       0x84 c:/devkitPro/libctru/lib\libctru.a(env.o)
                0x001093cc                envGetHandle
 .text.envDestroyHandles
                0x00109450       0x4c c:/devkitPro/libctru/lib\libctru.a(env.o)
                0x00109450                envDestroyHandles
 .text.LightLock_Unlock.part.1
                0x0010949c       0x34 c:/devkitPro/libctru/lib\libctru.a(synchronization.o)
 .text.__sync_init
                0x001094d0        0xc c:/devkitPro/libctru/lib\libctru.a(synchronization.o)
                0x001094d0                __sync_init
 .text.__sync_fini
                0x001094dc       0x18 c:/devkitPro/libctru/lib\libctru.a(synchronization.o)
                0x001094dc                __sync_fini
 .text.__sync_get_arbiter
                0x001094f4       0x10 c:/devkitPro/libctru/lib\libctru.a(synchronization.o)
                0x001094f4                __sync_get_arbiter
 .text.LightLock_Init
                0x00109504       0x18 c:/devkitPro/libctru/lib\libctru.a(synchronization.o)
                0x00109504                LightLock_Init
 .text.LightLock_Lock
                0x0010951c       0x9c c:/devkitPro/libctru/lib\libctru.a(synchronization.o)
                0x0010951c                LightLock_Lock
 .text.LightLock_TryLock
                0x001095b8       0x34 c:/devkitPro/libctru/lib\libctru.a(synchronization.o)
                0x001095b8                LightLock_TryLock
 .text.LightLock_Unlock
                0x001095ec       0x20 c:/devkitPro/libctru/lib\libctru.a(synchronization.o)
                0x001095ec                LightLock_Unlock
 .text.RecursiveLock_Init
                0x0010960c       0x24 c:/devkitPro/libctru/lib\libctru.a(synchronization.o)
                0x0010960c                RecursiveLock_Init
 .text.RecursiveLock_Lock
                0x00109630       0x30 c:/devkitPro/libctru/lib\libctru.a(synchronization.o)
                0x00109630                RecursiveLock_Lock
 .text.RecursiveLock_TryLock
                0x00109660       0x58 c:/devkitPro/libctru/lib\libctru.a(synchronization.o)
                0x00109660                RecursiveLock_TryLock
 .text.RecursiveLock_Unlock
                0x001096b8       0x38 c:/devkitPro/libctru/lib\libctru.a(synchronization.o)
                0x001096b8                RecursiveLock_Unlock
 .text.LightEvent_Init
                0x001096f0       0x38 c:/devkitPro/libctru/lib\libctru.a(synchronization.o)
                0x001096f0                LightEvent_Init
 .text.LightEvent_Clear
                0x00109728       0x7c c:/devkitPro/libctru/lib\libctru.a(synchronization.o)
                0x00109728                LightEvent_Clear
 .text.LightEvent_Signal
                0x001097a4       0xdc c:/devkitPro/libctru/lib\libctru.a(synchronization.o)
                0x001097a4                LightEvent_Signal
 .text.LightEvent_Wait
                0x00109880       0xbc c:/devkitPro/libctru/lib\libctru.a(synchronization.o)
                0x00109880                LightEvent_Wait
 .text.threadFree.part.0
                0x0010993c       0x1c c:/devkitPro/libctru/lib\libctru.a(thread.o)
 .text.threadCreate
                0x00109958      0x1ac c:/devkitPro/libctru/lib\libctru.a(thread.o)
                0x00109958                threadCreate
 .text.threadJoin
                0x00109b04       0x24 c:/devkitPro/libctru/lib\libctru.a(thread.o)
                0x00109b04                threadJoin
 .text.threadExit
                0x00109b28       0x64 c:/devkitPro/libctru/lib\libctru.a(thread.o)
                0x00109b28                threadExit
 .text._thread_begin
                0x00109b8c       0x40 c:/devkitPro/libctru/lib\libctru.a(thread.o)
 .text.rbtree_node_next
                0x00109bcc       0x74 c:/devkitPro/libctru/lib\libctru.a(rbtree_iterator.o)
                0x00109bcc                rbtree_node_next
 .text.decode_utf16
                0x00109c40       0x60 c:/devkitPro/libctru/lib\libctru.a(decode_utf16.o)
                0x00109c40                decode_utf16
 .text.decode_utf8
                0x00109ca0      0x138 c:/devkitPro/libctru/lib\libctru.a(decode_utf8.o)
                0x00109ca0                decode_utf8
 .text.encode_utf16
                0x00109dd8       0x68 c:/devkitPro/libctru/lib\libctru.a(encode_utf16.o)
                0x00109dd8                encode_utf16
 .text.encode_utf8
                0x00109e40      0x104 c:/devkitPro/libctru/lib\libctru.a(encode_utf8.o)
                0x00109e40                encode_utf8
 .text.__appExit
                0x00109f44       0x1c c:/devkitPro/libctru/lib\libctru.a(appExit.o)
                0x00109f44                __appExit
 .text.__appInit
                0x00109f60       0x1c c:/devkitPro/libctru/lib\libctru.a(appInit.o)
                0x00109f60                __appInit
 .text.__libctru_exit
                0x00109f7c       0xa4 c:/devkitPro/libctru/lib\libctru.a(ctru_exit.o)
                0x00109f7c                __libctru_exit
 .text.sdmc_link
                0x0010a020       0x10 c:/devkitPro/libctru/lib\libctru.a(sdmc_dev.o)
 .text.sdmc_dirreset
                0x0010a030       0x10 c:/devkitPro/libctru/lib\libctru.a(sdmc_dev.o)
 .text.sdmc_chmod
                0x0010a040       0x10 c:/devkitPro/libctru/lib\libctru.a(sdmc_dev.o)
 .text.error_cmp
                0x0010a050       0x24 c:/devkitPro/libctru/lib\libctru.a(sdmc_dev.o)
 .text.sdmc_translate_error
                0x0010a074       0x50 c:/devkitPro/libctru/lib\libctru.a(sdmc_dev.o)
 .text.sdmc_fsync
                0x0010a0c4       0x34 c:/devkitPro/libctru/lib\libctru.a(sdmc_dev.o)
 .text.sdmc_ftruncate
                0x0010a0f8       0x54 c:/devkitPro/libctru/lib\libctru.a(sdmc_dev.o)
 .text.sdmc_statvfs
                0x0010a14c       0xb8 c:/devkitPro/libctru/lib\libctru.a(sdmc_dev.o)
 .text.sdmc_dirclose
                0x0010a204       0x38 c:/devkitPro/libctru/lib\libctru.a(sdmc_dev.o)
 .text.sdmc_dirnext
                0x0010a23c      0x138 c:/devkitPro/libctru/lib\libctru.a(sdmc_dev.o)
 .text.sdmc_close
                0x0010a374       0x34 c:/devkitPro/libctru/lib\libctru.a(sdmc_dev.o)
 .text.sdmc_fstat
                0x0010a3a8       0x74 c:/devkitPro/libctru/lib\libctru.a(sdmc_dev.o)
 .text.sdmc_seek
                0x0010a41c       0xd0 c:/devkitPro/libctru/lib\libctru.a(sdmc_dev.o)
 .text.sdmc_read
                0x0010a4ec       0x84 c:/devkitPro/libctru/lib\libctru.a(sdmc_dev.o)
 .text.sdmc_write
                0x0010a570       0xc0 c:/devkitPro/libctru/lib\libctru.a(sdmc_dev.o)
 .text.sdmc_utf16path
                0x0010a630      0x1a8 c:/devkitPro/libctru/lib\libctru.a(sdmc_dev.o)
 .text.sdmc_rmdir
                0x0010a7d8       0x74 c:/devkitPro/libctru/lib\libctru.a(sdmc_dev.o)
 .text.sdmc_diropen
                0x0010a84c       0xa0 c:/devkitPro/libctru/lib\libctru.a(sdmc_dev.o)
 .text.sdmc_chdir
                0x0010a8ec       0xa0 c:/devkitPro/libctru/lib\libctru.a(sdmc_dev.o)
 .text.sdmc_mkdir
                0x0010a98c       0x98 c:/devkitPro/libctru/lib\libctru.a(sdmc_dev.o)
 .text.sdmc_rename
                0x0010aa24      0x108 c:/devkitPro/libctru/lib\libctru.a(sdmc_dev.o)
 .text.sdmc_unlink
                0x0010ab2c       0x74 c:/devkitPro/libctru/lib\libctru.a(sdmc_dev.o)
 .text.sdmc_stat
                0x0010aba0      0x108 c:/devkitPro/libctru/lib\libctru.a(sdmc_dev.o)
 .text.sdmc_open
                0x0010aca8      0x198 c:/devkitPro/libctru/lib\libctru.a(sdmc_dev.o)
 .text.sdmc_fchmod
                0x0010ae40       0x10 c:/devkitPro/libctru/lib\libctru.a(sdmc_dev.o)
 .text.sdmcInit
                0x0010ae50      0x168 c:/devkitPro/libctru/lib\libctru.a(sdmc_dev.o)
                0x0010ae50                sdmcInit
 .text.sdmcExit
                0x0010afb8       0x60 c:/devkitPro/libctru/lib\libctru.a(sdmc_dev.o)
                0x0010afb8                sdmcExit
 .text.__aeabi_read_tp
                0x0010b018        0xc c:/devkitPro/libctru/lib\libctru.a(readtp.o)
                0x0010b018                __aeabi_read_tp
 .text.__udivmoddi4
                0x0010b024      0x158 c:/devkitpro/devkitarm/bin/../lib/gcc/arm-none-eabi/7.1.0/armv6k/fpu\libgcc.a(_udivmoddi4.o)
                0x0010b024                __udivmoddi4
 .text.bsearch  0x0010b17c       0x74 c:/devkitpro/devkitarm/bin/../lib/gcc/arm-none-eabi/7.1.0/../../../../arm-none-eabi/lib/armv6k/fpu\libg.a(lib_a-bsearch.o)
                0x0010b17c                bsearch
 .text.calloc   0x0010b1f0       0x20 c:/devkitpro/devkitarm/bin/../lib/gcc/arm-none-eabi/7.1.0/../../../../arm-none-eabi/lib/armv6k/fpu\libg.a(lib_a-calloc.o)
                0x0010b1f0                calloc
 .text._calloc_r
                0x0010b210       0x90 c:/devkitpro/devkitarm/bin/../lib/gcc/arm-none-eabi/7.1.0/../../../../arm-none-eabi/lib/armv6k/fpu\libg.a(lib_a-callocr.o)
                0x0010b210                _calloc_r
 .text.__errno  0x0010b2a0        0xc c:/devkitpro/devkitarm/bin/../lib/gcc/arm-none-eabi/7.1.0/../../../../arm-none-eabi/lib/armv6k/fpu\libg.a(lib_a-errno.o)
                0x0010b2a0                __errno
 .text._fclose_r
                0x0010b2ac      0x164 c:/devkitpro/devkitarm/bin/../lib/gcc/arm-none-eabi/7.1.0/../../../../arm-none-eabi/lib/armv6k/fpu\libg.a(lib_a-fclose.o)
                0x0010b2ac                _fclose_r
 .text.fclose   0x0010b410       0x18 c:/devkitpro/devkitarm/bin/../lib/gcc/arm-none-eabi/7.1.0/../../../../arm-none-eabi/lib/armv6k/fpu\libg.a(lib_a-fclose.o)
                0x0010b410                fclose
 .text.__sflush_r
                0x0010b428      0x26c c:/devkitpro/devkitarm/bin/../lib/gcc/arm-none-eabi/7.1.0/../../../../arm-none-eabi/lib/armv6k/fpu\libg.a(lib_a-fflush.o)
                0x0010b428                __sflush_r
 .text._fflush_r
                0x0010b694       0x94 c:/devkitpro/devkitarm/bin/../lib/gcc/arm-none-eabi/7.1.0/../../../../arm-none-eabi/lib/armv6k/fpu\libg.a(lib_a-fflush.o)
                0x0010b694                _fflush_r
 .text.fflush   0x0010b728       0x38 c:/devkitpro/devkitarm/bin/../lib/gcc/arm-none-eabi/7.1.0/../../../../arm-none-eabi/lib/armv6k/fpu\libg.a(lib_a-fflush.o)
                0x0010b728                fflush
 .text._cleanup_r
                0x0010b760        0xc c:/devkitpro/devkitarm/bin/../lib/gcc/arm-none-eabi/7.1.0/../../../../arm-none-eabi/lib/armv6k/fpu\libg.a(lib_a-findfp.o)
                0x0010b760                _cleanup_r
 .text.std.isra.0
                0x0010b76c       0x78 c:/devkitpro/devkitarm/bin/../lib/gcc/arm-none-eabi/7.1.0/../../../../arm-none-eabi/lib/armv6k/fpu\libg.a(lib_a-findfp.o)
 .text.__sfmoreglue
                0x0010b7e4       0x48 c:/devkitpro/devkitarm/bin/../lib/gcc/arm-none-eabi/7.1.0/../../../../arm-none-eabi/lib/armv6k/fpu\libg.a(lib_a-findfp.o)
                0x0010b7e4                __sfmoreglue
 .text.__sinit  0x0010b82c       0x8c c:/devkitpro/devkitarm/bin/../lib/gcc/arm-none-eabi/7.1.0/../../../../arm-none-eabi/lib/armv6k/fpu\libg.a(lib_a-findfp.o)
                0x0010b82c                __sinit
 .text.__sfp    0x0010b8b8      0x110 c:/devkitpro/devkitarm/bin/../lib/gcc/arm-none-eabi/7.1.0/../../../../arm-none-eabi/lib/armv6k/fpu\libg.a(lib_a-findfp.o)
                0x0010b8b8                __sfp
 .text.__sfp_lock_acquire
                0x0010b9c8        0xc c:/devkitpro/devkitarm/bin/../lib/gcc/arm-none-eabi/7.1.0/../../../../arm-none-eabi/lib/armv6k/fpu\libg.a(lib_a-findfp.o)
                0x0010b9c8                __sfp_lock_acquire
 .text.__sfp_lock_release
                0x0010b9d4        0xc c:/devkitpro/devkitarm/bin/../lib/gcc/arm-none-eabi/7.1.0/../../../../arm-none-eabi/lib/armv6k/fpu\libg.a(lib_a-findfp.o)
                0x0010b9d4                __sfp_lock_release
 .text.__libc_fini_array
                0x0010b9e0       0x40 c:/devkitpro/devkitarm/bin/../lib/gcc/arm-none-eabi/7.1.0/../../../../arm-none-eabi/lib/armv6k/fpu\libg.a(lib_a-fini.o)
                0x0010b9e0                __libc_fini_array
 .text._fopen_r
                0x0010ba20      0x140 c:/devkitpro/devkitarm/bin/../lib/gcc/arm-none-eabi/7.1.0/../../../../arm-none-eabi/lib/armv6k/fpu\libg.a(lib_a-fopen.o)
                0x0010ba20                _fopen_r
 .text.fopen    0x0010bb60       0x20 c:/devkitpro/devkitarm/bin/../lib/gcc/arm-none-eabi/7.1.0/../../../../arm-none-eabi/lib/armv6k/fpu\libg.a(lib_a-fopen.o)
                0x0010bb60                fopen
 .text._fread_r
                0x0010bb80      0x2e4 c:/devkitpro/devkitarm/bin/../lib/gcc/arm-none-eabi/7.1.0/../../../../arm-none-eabi/lib/armv6k/fpu\libg.a(lib_a-fread.o)
                0x0010bb80                _fread_r
 .text.fread    0x0010be64       0x38 c:/devkitpro/devkitarm/bin/../lib/gcc/arm-none-eabi/7.1.0/../../../../arm-none-eabi/lib/armv6k/fpu\libg.a(lib_a-fread.o)
                0x0010be64                fread
 .text._malloc_trim_r
                0x0010be9c       0xf8 c:/devkitpro/devkitarm/bin/../lib/gcc/arm-none-eabi/7.1.0/../../../../arm-none-eabi/lib/armv6k/fpu\libg.a(lib_a-freer.o)
                0x0010be9c                _malloc_trim_r
 .text._free_r  0x0010bf94      0x2e4 c:/devkitpro/devkitarm/bin/../lib/gcc/arm-none-eabi/7.1.0/../../../../arm-none-eabi/lib/armv6k/fpu\libg.a(lib_a-freer.o)
                0x0010bf94                _free_r
 .text._fseek_r
                0x0010c278        0x4 c:/devkitpro/devkitarm/bin/../lib/gcc/arm-none-eabi/7.1.0/../../../../arm-none-eabi/lib/armv6k/fpu\libg.a(lib_a-fseek.o)
                0x0010c278                _fseek_r
 .text.fseek    0x0010c27c       0x30 c:/devkitpro/devkitarm/bin/../lib/gcc/arm-none-eabi/7.1.0/../../../../arm-none-eabi/lib/armv6k/fpu\libg.a(lib_a-fseek.o)
                0x0010c27c                fseek
 .text._fseeko_r
                0x0010c2ac      0x5d0 c:/devkitpro/devkitarm/bin/../lib/gcc/arm-none-eabi/7.1.0/../../../../arm-none-eabi/lib/armv6k/fpu\libg.a(lib_a-fseeko.o)
                0x0010c2ac                _fseeko_r
 .text.ftell    0x0010c87c       0x34 c:/devkitpro/devkitarm/bin/../lib/gcc/arm-none-eabi/7.1.0/../../../../arm-none-eabi/lib/armv6k/fpu\libg.a(lib_a-ftell.o)
                0x0010c87c                ftell
 .text._ftello_r
                0x0010c8b0      0x198 c:/devkitpro/devkitarm/bin/../lib/gcc/arm-none-eabi/7.1.0/../../../../arm-none-eabi/lib/armv6k/fpu\libg.a(lib_a-ftello.o)
                0x0010c8b0                _ftello_r
 .text._fwalk   0x0010ca48       0x70 c:/devkitpro/devkitarm/bin/../lib/gcc/arm-none-eabi/7.1.0/../../../../arm-none-eabi/lib/armv6k/fpu\libg.a(lib_a-fwalk.o)
                0x0010ca48                _fwalk
 .text._fwalk_reent
                0x0010cab8       0x78 c:/devkitpro/devkitarm/bin/../lib/gcc/arm-none-eabi/7.1.0/../../../../arm-none-eabi/lib/armv6k/fpu\libg.a(lib_a-fwalk.o)
                0x0010cab8                _fwalk_reent
 .text.__libc_init_array
                0x0010cb30       0x7c c:/devkitpro/devkitarm/bin/../lib/gcc/arm-none-eabi/7.1.0/../../../../arm-none-eabi/lib/armv6k/fpu\libg.a(lib_a-init.o)
                0x0010cb30                __libc_init_array
 .text.__locale_mb_cur_max
                0x0010cbac       0x24 c:/devkitpro/devkitarm/bin/../lib/gcc/arm-none-eabi/7.1.0/../../../../arm-none-eabi/lib/armv6k/fpu\libg.a(lib_a-locale.o)
                0x0010cbac                __locale_mb_cur_max
 .text.__locale_ctype_ptr_l
                0x0010cbd0        0x8 c:/devkitpro/devkitarm/bin/../lib/gcc/arm-none-eabi/7.1.0/../../../../arm-none-eabi/lib/armv6k/fpu\libg.a(lib_a-locale.o)
                0x0010cbd0                __locale_ctype_ptr_l
 .text.__locale_ctype_ptr
                0x0010cbd8       0x24 c:/devkitpro/devkitarm/bin/../lib/gcc/arm-none-eabi/7.1.0/../../../../arm-none-eabi/lib/armv6k/fpu\libg.a(lib_a-locale.o)
                0x0010cbd8                __locale_ctype_ptr
 .text.__swhatbuf_r
                0x0010cbfc       0x94 c:/devkitpro/devkitarm/bin/../lib/gcc/arm-none-eabi/7.1.0/../../../../arm-none-eabi/lib/armv6k/fpu\libg.a(lib_a-makebuf.o)
                0x0010cbfc                __swhatbuf_r
 .text.__smakebuf_r
                0x0010cc90       0xf4 c:/devkitpro/devkitarm/bin/../lib/gcc/arm-none-eabi/7.1.0/../../../../arm-none-eabi/lib/armv6k/fpu\libg.a(lib_a-makebuf.o)
                0x0010cc90                __smakebuf_r
 .text.memalign
                0x0010cd84       0x20 c:/devkitpro/devkitarm/bin/../lib/gcc/arm-none-eabi/7.1.0/../../../../arm-none-eabi/lib/armv6k/fpu\libg.a(lib_a-malign.o)
                0x0010cd84                memalign
 .text._memalign_r
                0x0010cda4      0x158 c:/devkitpro/devkitarm/bin/../lib/gcc/arm-none-eabi/7.1.0/../../../../arm-none-eabi/lib/armv6k/fpu\libg.a(lib_a-malignr.o)
                0x0010cda4                _memalign_r
 .text.malloc   0x0010cefc       0x18 c:/devkitpro/devkitarm/bin/../lib/gcc/arm-none-eabi/7.1.0/../../../../arm-none-eabi/lib/armv6k/fpu\libg.a(lib_a-malloc.o)
                0x0010cefc                malloc
 .text.free     0x0010cf14       0x18 c:/devkitpro/devkitarm/bin/../lib/gcc/arm-none-eabi/7.1.0/../../../../arm-none-eabi/lib/armv6k/fpu\libg.a(lib_a-malloc.o)
                0x0010cf14                free
 .text._malloc_r
                0x0010cf2c      0x7a8 c:/devkitpro/devkitarm/bin/../lib/gcc/arm-none-eabi/7.1.0/../../../../arm-none-eabi/lib/armv6k/fpu\libg.a(lib_a-mallocr.o)
                0x0010cf2c                _malloc_r
 .text._mbrtowc_r
                0x0010d6d4       0xb4 c:/devkitpro/devkitarm/bin/../lib/gcc/arm-none-eabi/7.1.0/../../../../arm-none-eabi/lib/armv6k/fpu\libg.a(lib_a-mbrtowc.o)
                0x0010d6d4                _mbrtowc_r
 .text.__utf8_mbtowc
                0x0010d788      0x2fc c:/devkitpro/devkitarm/bin/../lib/gcc/arm-none-eabi/7.1.0/../../../../arm-none-eabi/lib/armv6k/fpu\libg.a(lib_a-mbtowc_r.o)
                0x0010d788                __utf8_mbtowc
 .text.memchr   0x0010da84      0x100 c:/devkitpro/devkitarm/bin/../lib/gcc/arm-none-eabi/7.1.0/../../../../arm-none-eabi/lib/armv6k/fpu\libg.a(lib_a-memchr-stub.o)
                0x0010da84                memchr
 .text.memcmp   0x0010db84       0xfc c:/devkitpro/devkitarm/bin/../lib/gcc/arm-none-eabi/7.1.0/../../../../arm-none-eabi/lib/armv6k/fpu\libg.a(lib_a-memcmp.o)
                0x0010db84                memcmp
 .text.memcpy   0x0010dc80      0x10c c:/devkitpro/devkitarm/bin/../lib/gcc/arm-none-eabi/7.1.0/../../../../arm-none-eabi/lib/armv6k/fpu\libg.a(lib_a-memcpy-stub.o)
                0x0010dc80                memcpy
 .text.memmove  0x0010dd8c      0x13c c:/devkitpro/devkitarm/bin/../lib/gcc/arm-none-eabi/7.1.0/../../../../arm-none-eabi/lib/armv6k/fpu\libg.a(lib_a-memmove.o)
                0x0010dd8c                memmove
 .text.memset   0x0010dec8      0x110 c:/devkitpro/devkitarm/bin/../lib/gcc/arm-none-eabi/7.1.0/../../../../arm-none-eabi/lib/armv6k/fpu\libg.a(lib_a-memset.o)
                0x0010dec8                memset
 .text.__malloc_lock
                0x0010dfd8        0xc c:/devkitpro/devkitarm/bin/../lib/gcc/arm-none-eabi/7.1.0/../../../../arm-none-eabi/lib/armv6k/fpu\libg.a(lib_a-mlock.o)
                0x0010dfd8                __malloc_lock
 .text.__malloc_unlock
                0x0010dfe4        0xc c:/devkitpro/devkitarm/bin/../lib/gcc/arm-none-eabi/7.1.0/../../../../arm-none-eabi/lib/armv6k/fpu\libg.a(lib_a-mlock.o)
                0x0010dfe4                __malloc_unlock
 .text.printf   0x0010dff0       0x38 c:/devkitpro/devkitarm/bin/../lib/gcc/arm-none-eabi/7.1.0/../../../../arm-none-eabi/lib/armv6k/fpu\libg.a(lib_a-printf.o)
                0x0010dff0                printf
 .text._puts_r  0x0010e028       0xe0 c:/devkitpro/devkitarm/bin/../lib/gcc/arm-none-eabi/7.1.0/../../../../arm-none-eabi/lib/armv6k/fpu\libg.a(lib_a-puts.o)
                0x0010e028                _puts_r
 .text.puts     0x0010e108       0x18 c:/devkitpro/devkitarm/bin/../lib/gcc/arm-none-eabi/7.1.0/../../../../arm-none-eabi/lib/armv6k/fpu\libg.a(lib_a-puts.o)
                0x0010e108                puts
 .text._realloc_r
                0x0010e120      0x4d0 c:/devkitpro/devkitarm/bin/../lib/gcc/arm-none-eabi/7.1.0/../../../../arm-none-eabi/lib/armv6k/fpu\libg.a(lib_a-reallocr.o)
                0x0010e120                _realloc_r
 .text.lflush   0x0010e5f0       0x1c c:/devkitpro/devkitarm/bin/../lib/gcc/arm-none-eabi/7.1.0/../../../../arm-none-eabi/lib/armv6k/fpu\libg.a(lib_a-refill.o)
 .text.__srefill_r
                0x0010e60c      0x1ac c:/devkitpro/devkitarm/bin/../lib/gcc/arm-none-eabi/7.1.0/../../../../arm-none-eabi/lib/armv6k/fpu\libg.a(lib_a-refill.o)
                0x0010e60c                __srefill_r
 .text.rewind   0x0010e7b8       0x3c c:/devkitpro/devkitarm/bin/../lib/gcc/arm-none-eabi/7.1.0/../../../../arm-none-eabi/lib/armv6k/fpu\libg.a(lib_a-rewind.o)
                0x0010e7b8                rewind
 .text.setvbuf  0x0010e7f4      0x264 c:/devkitpro/devkitarm/bin/../lib/gcc/arm-none-eabi/7.1.0/../../../../arm-none-eabi/lib/armv6k/fpu\libg.a(lib_a-setvbuf.o)
                0x0010e7f4                setvbuf
 .text.sprintf  0x0010ea58       0x64 c:/devkitpro/devkitarm/bin/../lib/gcc/arm-none-eabi/7.1.0/../../../../arm-none-eabi/lib/armv6k/fpu\libg.a(lib_a-sprintf.o)
                0x0010ea58                sprintf
 .text.sscanf   0x0010eabc       0x74 c:/devkitpro/devkitarm/bin/../lib/gcc/arm-none-eabi/7.1.0/../../../../arm-none-eabi/lib/armv6k/fpu\libg.a(lib_a-sscanf.o)
                0x0010eabc                sscanf
 .text.__sread  0x0010eb30       0x3c c:/devkitpro/devkitarm/bin/../lib/gcc/arm-none-eabi/7.1.0/../../../../arm-none-eabi/lib/armv6k/fpu\libg.a(lib_a-stdio.o)
                0x0010eb30                __sread
 .text.__seofread
                0x0010eb6c        0x8 c:/devkitpro/devkitarm/bin/../lib/gcc/arm-none-eabi/7.1.0/../../../../arm-none-eabi/lib/armv6k/fpu\libg.a(lib_a-stdio.o)
                0x0010eb6c                __seofread
 .text.__swrite
                0x0010eb74       0x64 c:/devkitpro/devkitarm/bin/../lib/gcc/arm-none-eabi/7.1.0/../../../../arm-none-eabi/lib/armv6k/fpu\libg.a(lib_a-stdio.o)
                0x0010eb74                __swrite
 .text.__sseek  0x0010ebd8       0x4c c:/devkitpro/devkitarm/bin/../lib/gcc/arm-none-eabi/7.1.0/../../../../arm-none-eabi/lib/armv6k/fpu\libg.a(lib_a-stdio.o)
                0x0010ebd8                __sseek
 .text.__sclose
                0x0010ec24        0x8 c:/devkitpro/devkitarm/bin/../lib/gcc/arm-none-eabi/7.1.0/../../../../arm-none-eabi/lib/armv6k/fpu\libg.a(lib_a-stdio.o)
                0x0010ec24                __sclose
 .text.strchr   0x0010ec2c      0x180 c:/devkitpro/devkitarm/bin/../lib/gcc/arm-none-eabi/7.1.0/../../../../arm-none-eabi/lib/armv6k/fpu\libg.a(lib_a-strchr.o)
                0x0010ec2c                strchr
 .text.strlen   0x0010edac       0x5c c:/devkitpro/devkitarm/bin/../lib/gcc/arm-none-eabi/7.1.0/../../../../arm-none-eabi/lib/armv6k/fpu\libg.a(lib_a-strlen-stub.o)
                0x0010edac                strlen
 .text.strncat  0x0010ee08       0x98 c:/devkitpro/devkitarm/bin/../lib/gcc/arm-none-eabi/7.1.0/../../../../arm-none-eabi/lib/armv6k/fpu\libg.a(lib_a-strncat.o)
                0x0010ee08                strncat
 .text.strncmp  0x0010eea0       0xf8 c:/devkitpro/devkitarm/bin/../lib/gcc/arm-none-eabi/7.1.0/../../../../arm-none-eabi/lib/armv6k/fpu\libg.a(lib_a-strncmp.o)
                0x0010eea0                strncmp
 .text.strncpy  0x0010ef98       0xd8 c:/devkitpro/devkitarm/bin/../lib/gcc/arm-none-eabi/7.1.0/../../../../arm-none-eabi/lib/armv6k/fpu\libg.a(lib_a-strncpy.o)
                0x0010ef98                strncpy
 .text.strnlen  0x0010f070       0x5c c:/devkitpro/devkitarm/bin/../lib/gcc/arm-none-eabi/7.1.0/../../../../arm-none-eabi/lib/armv6k/fpu\libg.a(lib_a-strnlen.o)
                0x0010f070                strnlen
 .text.strrchr  0x0010f0cc       0x44 c:/devkitpro/devkitarm/bin/../lib/gcc/arm-none-eabi/7.1.0/../../../../arm-none-eabi/lib/armv6k/fpu\libg.a(lib_a-strrchr.o)
                0x0010f0cc                strrchr
 .text._strtol_l.isra.0
                0x0010f110      0x1bc c:/devkitpro/devkitarm/bin/../lib/gcc/arm-none-eabi/7.1.0/../../../../arm-none-eabi/lib/armv6k/fpu\libg.a(lib_a-strtol.o)
 .text._strtol_r
                0x0010f2cc       0x50 c:/devkitpro/devkitarm/bin/../lib/gcc/arm-none-eabi/7.1.0/../../../../arm-none-eabi/lib/armv6k/fpu\libg.a(lib_a-strtol.o)
                0x0010f2cc                _strtol_r
 .text.get_arg  0x0010f31c     0x74a0 c:/devkitpro/devkitarm/bin/../lib/gcc/arm-none-eabi/7.1.0/../../../../arm-none-eabi/lib/armv6k/fpu\libg.a(lib_a-svfprintf.o)
 *fill*         0x001167bc        0x4 
 .text._svfprintf_r
                0x001167c0     0x3e2c c:/devkitpro/devkitarm/bin/../lib/gcc/arm-none-eabi/7.1.0/../../../../arm-none-eabi/lib/armv6k/fpu\libg.a(lib_a-svfprintf.o)
                0x001167c0                _svfprintf_r
 .text.__ssvfscanf_r
                0x0011a5ec     0x27c8 c:/devkitpro/devkitarm/bin/../lib/gcc/arm-none-eabi/7.1.0/../../../../arm-none-eabi/lib/armv6k/fpu\libg.a(lib_a-svfscanf.o)
                0x0011a5ec                __ssvfscanf_r
 .text.time     0x0011cdb4       0x38 c:/devkitpro/devkitarm/bin/../lib/gcc/arm-none-eabi/7.1.0/../../../../arm-none-eabi/lib/armv6k/fpu\libg.a(lib_a-time.o)
                0x0011cdb4                time
 .text.__sprint_r.part.0
                0x0011cdec       0x1c c:/devkitpro/devkitarm/bin/../lib/gcc/arm-none-eabi/7.1.0/../../../../arm-none-eabi/lib/armv6k/fpu\libg.a(lib_a-vfiprintf.o)
 .text.__sprint_r
                0x0011ce08       0x1c c:/devkitpro/devkitarm/bin/../lib/gcc/arm-none-eabi/7.1.0/../../../../arm-none-eabi/lib/armv6k/fpu\libg.a(lib_a-vfiprintf.o)
                0x0011ce08                __sprint_r
 .text.get_arg  0x0011ce24     0x74a0 c:/devkitpro/devkitarm/bin/../lib/gcc/arm-none-eabi/7.1.0/../../../../arm-none-eabi/lib/armv6k/fpu\libg.a(lib_a-vfprintf.o)
 *fill*         0x001242c4        0x4 
 .text._vfprintf_r
                0x001242c8     0x3fd8 c:/devkitpro/devkitarm/bin/../lib/gcc/arm-none-eabi/7.1.0/../../../../arm-none-eabi/lib/armv6k/fpu\libg.a(lib_a-vfprintf.o)
                0x001242c8                _vfprintf_r
 .text.__sbprintf
                0x001282a0       0xd0 c:/devkitpro/devkitarm/bin/../lib/gcc/arm-none-eabi/7.1.0/../../../../arm-none-eabi/lib/armv6k/fpu\libg.a(lib_a-vfprintf.o)
 .text._wcrtomb_r
                0x00128370       0xa0 c:/devkitpro/devkitarm/bin/../lib/gcc/arm-none-eabi/7.1.0/../../../../arm-none-eabi/lib/armv6k/fpu\libg.a(lib_a-wcrtomb.o)
                0x00128370                _wcrtomb_r
 .text._wcsrtombs_r
                0x00128410       0x20 c:/devkitpro/devkitarm/bin/../lib/gcc/arm-none-eabi/7.1.0/../../../../arm-none-eabi/lib/armv6k/fpu\libg.a(lib_a-wcsrtombs.o)
                0x00128410                _wcsrtombs_r
 .text.__utf8_wctomb
                0x00128430       0xe8 c:/devkitpro/devkitarm/bin/../lib/gcc/arm-none-eabi/7.1.0/../../../../arm-none-eabi/lib/armv6k/fpu\libg.a(lib_a-wctomb_r.o)
                0x00128430                __utf8_wctomb
 .text.__swsetup_r
                0x00128518      0x148 c:/devkitpro/devkitarm/bin/../lib/gcc/arm-none-eabi/7.1.0/../../../../arm-none-eabi/lib/armv6k/fpu\libg.a(lib_a-wsetup.o)
                0x00128518                __swsetup_r
 .text.quorem   0x00128660      0x1bc c:/devkitpro/devkitarm/bin/../lib/gcc/arm-none-eabi/7.1.0/../../../../arm-none-eabi/lib/armv6k/fpu\libg.a(lib_a-dtoa.o)
 *fill*         0x0012881c        0x4 
 .text._dtoa_r  0x00128820     0x1224 c:/devkitpro/devkitarm/bin/../lib/gcc/arm-none-eabi/7.1.0/../../../../arm-none-eabi/lib/armv6k/fpu\libg.a(lib_a-dtoa.o)
                0x00128820                _dtoa_r
 .text.__sflags
                0x00129a44       0xb0 c:/devkitpro/devkitarm/bin/../lib/gcc/arm-none-eabi/7.1.0/../../../../arm-none-eabi/lib/armv6k/fpu\libg.a(lib_a-flags.o)
                0x00129a44                __sflags
 .text.__sfvwrite_r
                0x00129af4      0x498 c:/devkitpro/devkitarm/bin/../lib/gcc/arm-none-eabi/7.1.0/../../../../arm-none-eabi/lib/armv6k/fpu\libg.a(lib_a-fvwrite.o)
                0x00129af4                __sfvwrite_r
 .text.iswspace
                0x00129f8c       0x74 c:/devkitpro/devkitarm/bin/../lib/gcc/arm-none-eabi/7.1.0/../../../../arm-none-eabi/lib/armv6k/fpu\libg.a(lib_a-iswspace.o)
                0x00129f8c                iswspace
 .text.__jp2uc  0x0012a000      0x1e0 c:/devkitpro/devkitarm/bin/../lib/gcc/arm-none-eabi/7.1.0/../../../../arm-none-eabi/lib/armv6k/fpu\libg.a(lib_a-jp2uc.o)
 .text._jp2uc   0x0012a1e0       0xc4 c:/devkitpro/devkitarm/bin/../lib/gcc/arm-none-eabi/7.1.0/../../../../arm-none-eabi/lib/armv6k/fpu\libg.a(lib_a-jp2uc.o)
                0x0012a1e0                _jp2uc
 .text.__localeconv_l
                0x0012a2a4        0x8 c:/devkitpro/devkitarm/bin/../lib/gcc/arm-none-eabi/7.1.0/../../../../arm-none-eabi/lib/armv6k/fpu\libg.a(lib_a-localeconv.o)
                0x0012a2a4                __localeconv_l
 .text._localeconv_r
                0x0012a2ac       0x24 c:/devkitpro/devkitarm/bin/../lib/gcc/arm-none-eabi/7.1.0/../../../../arm-none-eabi/lib/armv6k/fpu\libg.a(lib_a-localeconv.o)
                0x0012a2ac                _localeconv_r
 .text._Balloc  0x0012a2d0       0x88 c:/devkitpro/devkitarm/bin/../lib/gcc/arm-none-eabi/7.1.0/../../../../arm-none-eabi/lib/armv6k/fpu\libg.a(lib_a-mprec.o)
                0x0012a2d0                _Balloc
 .text._Bfree   0x0012a358       0x1c c:/devkitpro/devkitarm/bin/../lib/gcc/arm-none-eabi/7.1.0/../../../../arm-none-eabi/lib/armv6k/fpu\libg.a(lib_a-mprec.o)
                0x0012a358                _Bfree
 .text.__multadd
                0x0012a374       0xd0 c:/devkitpro/devkitarm/bin/../lib/gcc/arm-none-eabi/7.1.0/../../../../arm-none-eabi/lib/armv6k/fpu\libg.a(lib_a-mprec.o)
                0x0012a374                __multadd
 .text.__s2b    0x0012a444       0xe0 c:/devkitpro/devkitarm/bin/../lib/gcc/arm-none-eabi/7.1.0/../../../../arm-none-eabi/lib/armv6k/fpu\libg.a(lib_a-mprec.o)
                0x0012a444                __s2b
 .text.__hi0bits
                0x0012a524       0x58 c:/devkitpro/devkitarm/bin/../lib/gcc/arm-none-eabi/7.1.0/../../../../arm-none-eabi/lib/armv6k/fpu\libg.a(lib_a-mprec.o)
                0x0012a524                __hi0bits
 .text.__lo0bits
                0x0012a57c       0x9c c:/devkitpro/devkitarm/bin/../lib/gcc/arm-none-eabi/7.1.0/../../../../arm-none-eabi/lib/armv6k/fpu\libg.a(lib_a-mprec.o)
                0x0012a57c                __lo0bits
 .text.__i2b    0x0012a618       0x20 c:/devkitpro/devkitarm/bin/../lib/gcc/arm-none-eabi/7.1.0/../../../../arm-none-eabi/lib/armv6k/fpu\libg.a(lib_a-mprec.o)
                0x0012a618                __i2b
 .text.__multiply
                0x0012a638      0x1d4 c:/devkitpro/devkitarm/bin/../lib/gcc/arm-none-eabi/7.1.0/../../../../arm-none-eabi/lib/armv6k/fpu\libg.a(lib_a-mprec.o)
                0x0012a638                __multiply
 .text.__pow5mult
                0x0012a80c      0x100 c:/devkitpro/devkitarm/bin/../lib/gcc/arm-none-eabi/7.1.0/../../../../arm-none-eabi/lib/armv6k/fpu\libg.a(lib_a-mprec.o)
                0x0012a80c                __pow5mult
 .text.__lshift
                0x0012a90c       0xe8 c:/devkitpro/devkitarm/bin/../lib/gcc/arm-none-eabi/7.1.0/../../../../arm-none-eabi/lib/armv6k/fpu\libg.a(lib_a-mprec.o)
                0x0012a90c                __lshift
 .text.__mcmp   0x0012a9f4       0x5c c:/devkitpro/devkitarm/bin/../lib/gcc/arm-none-eabi/7.1.0/../../../../arm-none-eabi/lib/armv6k/fpu\libg.a(lib_a-mprec.o)
                0x0012a9f4                __mcmp
 .text.__mdiff  0x0012aa50      0x168 c:/devkitpro/devkitarm/bin/../lib/gcc/arm-none-eabi/7.1.0/../../../../arm-none-eabi/lib/armv6k/fpu\libg.a(lib_a-mprec.o)
                0x0012aa50                __mdiff
 .text.__ulp    0x0012abb8       0x78 c:/devkitpro/devkitarm/bin/../lib/gcc/arm-none-eabi/7.1.0/../../../../arm-none-eabi/lib/armv6k/fpu\libg.a(lib_a-mprec.o)
                0x0012abb8                __ulp
 .text.__b2d    0x0012ac30       0xd0 c:/devkitpro/devkitarm/bin/../lib/gcc/arm-none-eabi/7.1.0/../../../../arm-none-eabi/lib/armv6k/fpu\libg.a(lib_a-mprec.o)
                0x0012ac30                __b2d
 .text.__d2b    0x0012ad00      0x104 c:/devkitpro/devkitarm/bin/../lib/gcc/arm-none-eabi/7.1.0/../../../../arm-none-eabi/lib/armv6k/fpu\libg.a(lib_a-mprec.o)
                0x0012ad00                __d2b
 .text.__ratio  0x0012ae04       0x84 c:/devkitpro/devkitarm/bin/../lib/gcc/arm-none-eabi/7.1.0/../../../../arm-none-eabi/lib/armv6k/fpu\libg.a(lib_a-mprec.o)
                0x0012ae04                __ratio
 .text.__copybits
                0x0012ae88       0x88 c:/devkitpro/devkitarm/bin/../lib/gcc/arm-none-eabi/7.1.0/../../../../arm-none-eabi/lib/armv6k/fpu\libg.a(lib_a-mprec.o)
                0x0012ae88                __copybits
 .text.__any_on
                0x0012af10       0x78 c:/devkitpro/devkitarm/bin/../lib/gcc/arm-none-eabi/7.1.0/../../../../arm-none-eabi/lib/armv6k/fpu\libg.a(lib_a-mprec.o)
                0x0012af10                __any_on
 .text.__sccl   0x0012af88       0xcc c:/devkitpro/devkitarm/bin/../lib/gcc/arm-none-eabi/7.1.0/../../../../arm-none-eabi/lib/armv6k/fpu\libg.a(lib_a-sccl.o)
                0x0012af88                __sccl
 .text.nanf     0x0012b054        0xc c:/devkitpro/devkitarm/bin/../lib/gcc/arm-none-eabi/7.1.0/../../../../arm-none-eabi/lib/armv6k/fpu\libg.a(lib_a-sf_nan.o)
                0x0012b054                nanf
 .text.frexp    0x0012b060       0x9c c:/devkitpro/devkitarm/bin/../lib/gcc/arm-none-eabi/7.1.0/../../../../arm-none-eabi/lib/armv6k/fpu\libg.a(lib_a-s_frexp.o)
                0x0012b060                frexp
 .text.stpncpy  0x0012b0fc       0xf8 c:/devkitpro/devkitarm/bin/../lib/gcc/arm-none-eabi/7.1.0/../../../../arm-none-eabi/lib/armv6k/fpu\libg.a(lib_a-stpncpy.o)
                0x0012b0fc                stpncpy
 .text.unlikely.sulp
                0x0012b1f4       0x54 c:/devkitpro/devkitarm/bin/../lib/gcc/arm-none-eabi/7.1.0/../../../../arm-none-eabi/lib/armv6k/fpu\libg.a(lib_a-strtod.o)
 .text._strtod_l
                0x0012b248     0x1464 c:/devkitpro/devkitarm/bin/../lib/gcc/arm-none-eabi/7.1.0/../../../../arm-none-eabi/lib/armv6k/fpu\libg.a(lib_a-strtod.o)
                0x0012b248                _strtod_l
 .text._strtod_r
                0x0012c6ac       0x3c c:/devkitpro/devkitarm/bin/../lib/gcc/arm-none-eabi/7.1.0/../../../../arm-none-eabi/lib/armv6k/fpu\libg.a(lib_a-strtod.o)
                0x0012c6ac                _strtod_r
 .text._strtoll_l.isra.0
                0x0012c6e8      0x274 c:/devkitpro/devkitarm/bin/../lib/gcc/arm-none-eabi/7.1.0/../../../../arm-none-eabi/lib/armv6k/fpu\libg.a(lib_a-strtoll.o)
 .text._strtoll_r
                0x0012c95c       0x50 c:/devkitpro/devkitarm/bin/../lib/gcc/arm-none-eabi/7.1.0/../../../../arm-none-eabi/lib/armv6k/fpu\libg.a(lib_a-strtoll.o)
                0x0012c95c                _strtoll_r
 *fill*         0x0012c9ac        0x4 
 .text._strtoull_l.isra.0
                0x0012c9b0      0x260 c:/devkitpro/devkitarm/bin/../lib/gcc/arm-none-eabi/7.1.0/../../../../arm-none-eabi/lib/armv6k/fpu\libg.a(lib_a-strtoull.o)
 .text._strtoull_r
                0x0012cc10       0x50 c:/devkitpro/devkitarm/bin/../lib/gcc/arm-none-eabi/7.1.0/../../../../arm-none-eabi/lib/armv6k/fpu\libg.a(lib_a-strtoull.o)
                0x0012cc10                _strtoull_r
 .text._strtoul_l.isra.0
                0x0012cc60      0x1d0 c:/devkitpro/devkitarm/bin/../lib/gcc/arm-none-eabi/7.1.0/../../../../arm-none-eabi/lib/armv6k/fpu\libg.a(lib_a-strtoul.o)
 .text._strtoul_r
                0x0012ce30       0x50 c:/devkitpro/devkitarm/bin/../lib/gcc/arm-none-eabi/7.1.0/../../../../arm-none-eabi/lib/armv6k/fpu\libg.a(lib_a-strtoul.o)
                0x0012ce30                _strtoul_r
 .text.__ssprint_r
                0x0012ce80      0x188 c:/devkitpro/devkitarm/bin/../lib/gcc/arm-none-eabi/7.1.0/../../../../arm-none-eabi/lib/armv6k/fpu\libg.a(lib_a-svfiprintf.o)
                0x0012ce80                __ssprint_r
 .text._sungetc_r
                0x0012d008       0xdc c:/devkitpro/devkitarm/bin/../lib/gcc/arm-none-eabi/7.1.0/../../../../arm-none-eabi/lib/armv6k/fpu\libg.a(lib_a-svfiscanf.o)
                0x0012d008                _sungetc_r
 .text.__ssrefill_r
                0x0012d0e4       0x6c c:/devkitpro/devkitarm/bin/../lib/gcc/arm-none-eabi/7.1.0/../../../../arm-none-eabi/lib/armv6k/fpu\libg.a(lib_a-svfiscanf.o)
                0x0012d0e4                __ssrefill_r
 .text._sfread_r
                0x0012d150       0xc8 c:/devkitpro/devkitarm/bin/../lib/gcc/arm-none-eabi/7.1.0/../../../../arm-none-eabi/lib/armv6k/fpu\libg.a(lib_a-svfiscanf.o)
                0x0012d150                _sfread_r
 .text.__submore
                0x0012d218       0xa4 c:/devkitpro/devkitarm/bin/../lib/gcc/arm-none-eabi/7.1.0/../../../../arm-none-eabi/lib/armv6k/fpu\libg.a(lib_a-ungetc.o)
                0x0012d218                __submore
 .text._wcsnrtombs_l
                0x0012d2bc      0x170 c:/devkitpro/devkitarm/bin/../lib/gcc/arm-none-eabi/7.1.0/../../../../arm-none-eabi/lib/armv6k/fpu\libg.a(lib_a-wcsnrtombs.o)
                0x0012d2bc                _wcsnrtombs_l
 .text._wcsnrtombs_r
                0x0012d42c       0x64 c:/devkitpro/devkitarm/bin/../lib/gcc/arm-none-eabi/7.1.0/../../../../arm-none-eabi/lib/armv6k/fpu\libg.a(lib_a-wcsnrtombs.o)
                0x0012d42c                _wcsnrtombs_r
 .text.rshift   0x0012d490      0x104 c:/devkitpro/devkitarm/bin/../lib/gcc/arm-none-eabi/7.1.0/../../../../arm-none-eabi/lib/armv6k/fpu\libg.a(lib_a-gdtoa-gethex.o)
 .text.__gethex
                0x0012d594      0x7f8 c:/devkitpro/devkitarm/bin/../lib/gcc/arm-none-eabi/7.1.0/../../../../arm-none-eabi/lib/armv6k/fpu\libg.a(lib_a-gdtoa-gethex.o)
                0x0012d594                __gethex
 .text.__match  0x0012dd8c       0x60 c:/devkitpro/devkitarm/bin/../lib/gcc/arm-none-eabi/7.1.0/../../../../arm-none-eabi/lib/armv6k/fpu\libg.a(lib_a-gdtoa-hexnan.o)
                0x0012dd8c                __match
 .text.__hexnan
                0x0012ddec      0x254 c:/devkitpro/devkitarm/bin/../lib/gcc/arm-none-eabi/7.1.0/../../../../arm-none-eabi/lib/armv6k/fpu\libg.a(lib_a-gdtoa-hexnan.o)
                0x0012ddec                __hexnan
 .text.null_write
                0x0012e040        0x8 c:/devkitpro/devkitarm/bin/../lib/gcc/arm-none-eabi/7.1.0/../../../../arm-none-eabi/lib/armv6k/fpu\libsysbase.a(iosupport.o)
 .text.setDefaultDevice
                0x0012e048       0x18 c:/devkitpro/devkitarm/bin/../lib/gcc/arm-none-eabi/7.1.0/../../../../arm-none-eabi/lib/armv6k/fpu\libsysbase.a(iosupport.o)
                0x0012e048                setDefaultDevice
 .text.FindDevice
                0x0012e060       0xcc c:/devkitpro/devkitarm/bin/../lib/gcc/arm-none-eabi/7.1.0/../../../../arm-none-eabi/lib/armv6k/fpu\libsysbase.a(iosupport.o)
                0x0012e060                FindDevice
 .text.RemoveDevice
                0x0012e12c       0x28 c:/devkitpro/devkitarm/bin/../lib/gcc/arm-none-eabi/7.1.0/../../../../arm-none-eabi/lib/armv6k/fpu\libsysbase.a(iosupport.o)
                0x0012e12c                RemoveDevice
 .text.AddDevice
                0x0012e154       0x98 c:/devkitpro/devkitarm/bin/../lib/gcc/arm-none-eabi/7.1.0/../../../../arm-none-eabi/lib/armv6k/fpu\libsysbase.a(iosupport.o)
                0x0012e154                AddDevice
 .text._close_r
                0x0012e1ec       0x84 c:/devkitpro/devkitarm/bin/../lib/gcc/arm-none-eabi/7.1.0/../../../../arm-none-eabi/lib/armv6k/fpu\libsysbase.a(close.o)
                0x0012e1ec                _close_r
 .text._fstat_r
                0x0012e270       0x74 c:/devkitpro/devkitarm/bin/../lib/gcc/arm-none-eabi/7.1.0/../../../../arm-none-eabi/lib/armv6k/fpu\libsysbase.a(fstat.o)
                0x0012e270                _fstat_r
 .text._gettimeofday_r
                0x0012e2e4       0x2c c:/devkitpro/devkitarm/bin/../lib/gcc/arm-none-eabi/7.1.0/../../../../arm-none-eabi/lib/armv6k/fpu\libsysbase.a(gettod.o)
                0x0012e2e4                _gettimeofday_r
 .text._isatty_r
                0x0012e310        0x8 c:/devkitpro/devkitarm/bin/../lib/gcc/arm-none-eabi/7.1.0/../../../../arm-none-eabi/lib/armv6k/fpu\libsysbase.a(isatty.o)
                0x0012e310                _isatty_r
 .text._lseek_r
                0x0012e318       0x84 c:/devkitpro/devkitarm/bin/../lib/gcc/arm-none-eabi/7.1.0/../../../../arm-none-eabi/lib/armv6k/fpu\libsysbase.a(lseek.o)
                0x0012e318                _lseek_r
 .text._open_r  0x0012e39c       0xc4 c:/devkitpro/devkitarm/bin/../lib/gcc/arm-none-eabi/7.1.0/../../../../arm-none-eabi/lib/armv6k/fpu\libsysbase.a(open.o)
                0x0012e39c                _open_r
 .text._read_r  0x0012e460       0x80 c:/devkitpro/devkitarm/bin/../lib/gcc/arm-none-eabi/7.1.0/../../../../arm-none-eabi/lib/armv6k/fpu\libsysbase.a(read.o)
                0x0012e460                _read_r
 .text._sbrk_r  0x0012e4e0       0x70 c:/devkitpro/devkitarm/bin/../lib/gcc/arm-none-eabi/7.1.0/../../../../arm-none-eabi/lib/armv6k/fpu\libsysbase.a(sbrk.o)
                0x0012e4e0                _sbrk_r
 .text._write_r
                0x0012e550       0x80 c:/devkitpro/devkitarm/bin/../lib/gcc/arm-none-eabi/7.1.0/../../../../arm-none-eabi/lib/armv6k/fpu\libsysbase.a(write.o)
                0x0012e550                _write_r
 .text._concatenate_path
                0x0012e5d0      0x1cc c:/devkitpro/devkitarm/bin/../lib/gcc/arm-none-eabi/7.1.0/../../../../arm-none-eabi/lib/armv6k/fpu\libsysbase.a(chdir.o)
                0x0012e5d0                _concatenate_path
 .text.chdir    0x0012e79c      0x15c c:/devkitpro/devkitarm/bin/../lib/gcc/arm-none-eabi/7.1.0/../../../../arm-none-eabi/lib/armv6k/fpu\libsysbase.a(chdir.o)
                0x0012e79c                chdir
 .text.__flockfile
                0x0012e8f8        0x8 c:/devkitpro/devkitarm/bin/../lib/gcc/arm-none-eabi/7.1.0/../../../../arm-none-eabi/lib/armv6k/fpu\libsysbase.a(flock.o)
                0x0012e8f8                __flockfile
 .text.__funlockfile
                0x0012e900        0x8 c:/devkitpro/devkitarm/bin/../lib/gcc/arm-none-eabi/7.1.0/../../../../arm-none-eabi/lib/armv6k/fpu\libsysbase.a(flock.o)
                0x0012e900                __funlockfile
 .text.__libc_lock_acquire
                0x0012e908       0x18 c:/devkitpro/devkitarm/bin/../lib/gcc/arm-none-eabi/7.1.0/../../../../arm-none-eabi/lib/armv6k/fpu\libsysbase.a(syscall_support.o)
                0x0012e908                __libc_lock_acquire
 .text.__libc_lock_release
                0x0012e920       0x18 c:/devkitpro/devkitarm/bin/../lib/gcc/arm-none-eabi/7.1.0/../../../../arm-none-eabi/lib/armv6k/fpu\libsysbase.a(syscall_support.o)
                0x0012e920                __libc_lock_release
 .text.__libc_lock_init_recursive
                0x0012e938       0x18 c:/devkitpro/devkitarm/bin/../lib/gcc/arm-none-eabi/7.1.0/../../../../arm-none-eabi/lib/armv6k/fpu\libsysbase.a(syscall_support.o)
                0x0012e938                __libc_lock_init_recursive
 .text.__libc_lock_acquire_recursive
                0x0012e950       0x18 c:/devkitpro/devkitarm/bin/../lib/gcc/arm-none-eabi/7.1.0/../../../../arm-none-eabi/lib/armv6k/fpu\libsysbase.a(syscall_support.o)
                0x0012e950                __libc_lock_acquire_recursive
 .text.__libc_lock_release_recursive
                0x0012e968       0x18 c:/devkitpro/devkitarm/bin/../lib/gcc/arm-none-eabi/7.1.0/../../../../arm-none-eabi/lib/armv6k/fpu\libsysbase.a(syscall_support.o)
                0x0012e968                __libc_lock_release_recursive
 .text.__libc_lock_close_recursive
                0x0012e980       0x18 c:/devkitpro/devkitarm/bin/../lib/gcc/arm-none-eabi/7.1.0/../../../../arm-none-eabi/lib/armv6k/fpu\libsysbase.a(syscall_support.o)
                0x0012e980                __libc_lock_close_recursive
 .text.__release_handle
                0x0012e998       0x8c c:/devkitpro/devkitarm/bin/../lib/gcc/arm-none-eabi/7.1.0/../../../../arm-none-eabi/lib/armv6k/fpu\libsysbase.a(handle_manager.o)
                0x0012e998                __release_handle
 .text.__alloc_handle
                0x0012ea24       0xb4 c:/devkitpro/devkitarm/bin/../lib/gcc/arm-none-eabi/7.1.0/../../../../arm-none-eabi/lib/armv6k/fpu\libsysbase.a(handle_manager.o)
                0x0012ea24                __alloc_handle
 .text.__get_handle
                0x0012ead8       0x18 c:/devkitpro/devkitarm/bin/../lib/gcc/arm-none-eabi/7.1.0/../../../../arm-none-eabi/lib/armv6k/fpu\libsysbase.a(handle_manager.o)
                0x0012ead8                __get_handle
 .text.__getreent
                0x0012eaf0       0x28 c:/devkitpro/devkitarm/bin/../lib/gcc/arm-none-eabi/7.1.0/../../../../arm-none-eabi/lib/armv6k/fpu\libsysbase.a(getreent.o)
                0x0012eaf0                __getreent
 *(.glue_7)
 .glue_7        0x0012eb18        0x0 linker stubs
 *(.glue_7t)
 .glue_7t       0x0012eb18        0x0 linker stubs
 *(.stub)
 *(.gnu.warning)
 *(.gnu.linkonce.t*)
                0x0012eb18                . = ALIGN (0x4)
 *(.fini)
 .fini          0x0012eb18        0xc c:/devkitpro/devkitarm/bin/../lib/gcc/arm-none-eabi/7.1.0/armv6k/fpu/crti.o
                0x0012eb18                _fini
 .fini          0x0012eb24        0xc c:/devkitpro/devkitarm/bin/../lib/gcc/arm-none-eabi/7.1.0/armv6k/fpu/crtn.o
                0x0012eb30                . = ALIGN (0x4)

.vfp11_veneer   0x0012eb30        0x0
 .vfp11_veneer  0x0012eb30        0x0 linker stubs

.v4_bx          0x0012eb30        0x0
 .v4_bx         0x0012eb30        0x0 linker stubs

.iplt           0x0012eb30        0x0
 .iplt          0x0012eb30        0x0 c:/devkitpro/devkitarm/bin/../lib/gcc/arm-none-eabi/7.1.0/../../../../arm-none-eabi/lib/armv6k/fpu/3dsx_crt0.o
                0x0012f000                . = ALIGN (0x1000)

.rodata         0x0012f000     0x4c5c
 *(.rodata)
 .rodata        0x0012f000        0xc c:/devkitPro/libctru/lib\libctru.a(romfs_dev.o)
 .rodata        0x0012f00c      0x804 c:/devkitPro/libctru/lib\libctru.a(default_font.bin.o)
                0x0012f00c                default_font_bin
                0x0012f80c                default_font_bin_size
                0x0012f80c                default_font_bin_end
 .rodata        0x0012f810        0xc c:/devkitPro/libctru/lib\libctru.a(sdmc_dev.o)
 *(.roda)
 *(.rodata.*)
 .rodata.str1.4
                0x0012f81c      0x209 main.o
                                0x20d (size before relaxing)
 *fill*         0x0012fa25        0x3 
 .rodata.str1.4
                0x0012fa28       0xa2 kernel.o
 *fill*         0x0012faca        0x2 
 .rodata.str1.4
                0x0012facc      0x1de safehax.o
                                0x1e6 (size before relaxing)
 *fill*         0x0012fcaa        0x2 
 .rodata.str1.4
                0x0012fcac      0x21d udsploit.o
 *fill*         0x0012fec9        0x3 
 .rodata.colorTable
                0x0012fecc       0x30 c:/devkitPro/libctru/lib\libctru.a(console.o)
 .rodata.con_write.str1.4
                0x0012fefc       0x52 c:/devkitPro/libctru/lib\libctru.a(console.o)
 *fill*         0x0012ff4e        0x2 
 .rodata.dotab_stdout
                0x0012ff50       0x68 c:/devkitPro/libctru/lib\libctru.a(console.o)
 .rodata.str1.4
                0x0012ffb8       0x10 c:/devkitPro/libctru/lib\libctru.a(console.o)
 .rodata.CSWTCH.61
                0x0012ffc8       0x14 c:/devkitPro/libctru/lib\libctru.a(gfx.o)
 .rodata.framebufferInfoSt
                0x0012ffdc        0x8 c:/devkitPro/libctru/lib\libctru.a(gfx.o)
 .rodata.romfsMount.str1.4
                0x0012ffe4       0x19 c:/devkitPro/libctru/lib\libctru.a(romfs_dev.o)
 *fill*         0x0012fffd        0x3 
 .rodata.romfsUnmount.str1.4
                0x00130000        0x7 c:/devkitPro/libctru/lib\libctru.a(romfs_dev.o)
 .rodata.romfs_dirnext.str1.4
                0x00130007        0x7 c:/devkitPro/libctru/lib\libctru.a(romfs_dev.o)
 *fill*         0x00130007        0x1 
 .rodata.str1.4
                0x00130008        0x6 c:/devkitPro/libctru/lib\libctru.a(romfs_dev.o)
                                  0xa (size before relaxing)
 *fill*         0x0013000e        0x2 
 .rodata.srvInit.str1.4
                0x00130010        0x5 c:/devkitPro/libctru/lib\libctru.a(srv.o)
 *fill*         0x00130015        0x3 
 .rodata.aptSendCommand.str1.4
                0x00130018       0x16 c:/devkitPro/libctru/lib\libctru.a(apt.o)
 *fill*         0x0013002e        0x2 
 .rodata.fsInit.str1.4
                0x00130030        0x8 c:/devkitPro/libctru/lib\libctru.a(fs.o)
 .rodata.gspInit.str1.4
                0x00130038        0x9 c:/devkitPro/libctru/lib\libctru.a(gspgpu.o)
 *fill*         0x00130041        0x3 
 .rodata.hidInit.str1.4
                0x00130044       0x15 c:/devkitPro/libctru/lib\libctru.a(hid.o)
 *fill*         0x00130059        0x3 
 .rodata.httpcInit.str1.4
                0x0013005c        0x7 c:/devkitPro/libctru/lib\libctru.a(httpc.o)
 *fill*         0x00130063        0x1 
 .rodata.irrstInit.str1.4
                0x00130064        0x7 c:/devkitPro/libctru/lib\libctru.a(irrst.o)
 *fill*         0x0013006b        0x1 
 .rodata.pmInit.str1.4
                0x0013006c        0x7 c:/devkitPro/libctru/lib\libctru.a(pm.o)
 *fill*         0x00130073        0x1 
 .rodata.ptmSysmInit.str1.4
                0x00130074        0x9 c:/devkitPro/libctru/lib\libctru.a(ptmsysm.o)
 *fill*         0x0013007d        0x3 
 .rodata.error_table
                0x00130080       0x30 c:/devkitPro/libctru/lib\libctru.a(sdmc_dev.o)
 .rodata.sdmcExit.str1.4
                0x001300b0        0x6 c:/devkitPro/libctru/lib\libctru.a(sdmc_dev.o)
 *fill*         0x001300b6        0x2 
 .rodata.str1.4
                0x001300b8        0x5 c:/devkitPro/libctru/lib\libctru.a(sdmc_dev.o)
                                  0x9 (size before relaxing)
 *fill*         0x001300bd        0x3 
 .rodata._global_impure_ptr
                0x001300c0        0x4 c:/devkitpro/devkitarm/bin/../lib/gcc/arm-none-eabi/7.1.0/../../../../arm-none-eabi/lib/armv6k/fpu\libg.a(lib_a-impure.o)
                0x001300c0                _global_impure_ptr
 .rodata.str1.4
                0x001300c4       0x44 c:/devkitpro/devkitarm/bin/../lib/gcc/arm-none-eabi/7.1.0/../../../../arm-none-eabi/lib/armv6k/fpu\libg.a(lib_a-locale.o)
                                 0x4c (size before relaxing)
 .rodata._mbrtowc_r.str1.4
                0x00130108        0x1 c:/devkitpro/devkitarm/bin/../lib/gcc/arm-none-eabi/7.1.0/../../../../arm-none-eabi/lib/armv6k/fpu\libg.a(lib_a-mbrtowc.o)
 .rodata._puts_r.str1.4
                0x00130108       0x44 c:/devkitpro/devkitarm/bin/../lib/gcc/arm-none-eabi/7.1.0/../../../../arm-none-eabi/lib/armv6k/fpu\libg.a(lib_a-puts.o)
                                  0x2 (size before relaxing)
 .rodata._svfprintf_r.str1.4
                0x00130108       0x42 c:/devkitpro/devkitarm/bin/../lib/gcc/arm-none-eabi/7.1.0/../../../../arm-none-eabi/lib/armv6k/fpu\libg.a(lib_a-svfprintf.o)
 *fill*         0x0013014a        0x2 
 .rodata.blanks.8562
                0x0013014c       0x10 c:/devkitpro/devkitarm/bin/../lib/gcc/arm-none-eabi/7.1.0/../../../../arm-none-eabi/lib/armv6k/fpu\libg.a(lib_a-svfprintf.o)
 .rodata.zeroes.8563
                0x0013015c       0x10 c:/devkitpro/devkitarm/bin/../lib/gcc/arm-none-eabi/7.1.0/../../../../arm-none-eabi/lib/armv6k/fpu\libg.a(lib_a-svfprintf.o)
 .rodata.__ssvfscanf_r.str1.4
                0x0013016c        0x5 c:/devkitpro/devkitarm/bin/../lib/gcc/arm-none-eabi/7.1.0/../../../../arm-none-eabi/lib/armv6k/fpu\libg.a(lib_a-svfscanf.o)
 *fill*         0x00130171        0x3 
 .rodata.basefix.8603
                0x00130174       0x22 c:/devkitpro/devkitarm/bin/../lib/gcc/arm-none-eabi/7.1.0/../../../../arm-none-eabi/lib/armv6k/fpu\libg.a(lib_a-svfscanf.o)
 .rodata._vfprintf_r.str1.4
                0x00130196       0x42 c:/devkitpro/devkitarm/bin/../lib/gcc/arm-none-eabi/7.1.0/../../../../arm-none-eabi/lib/armv6k/fpu\libg.a(lib_a-vfprintf.o)
 *fill*         0x00130196        0x2 
 .rodata.blanks.8577
                0x00130198       0x10 c:/devkitpro/devkitarm/bin/../lib/gcc/arm-none-eabi/7.1.0/../../../../arm-none-eabi/lib/armv6k/fpu\libg.a(lib_a-vfprintf.o)
 .rodata.zeroes.8578
                0x001301a8       0x10 c:/devkitpro/devkitarm/bin/../lib/gcc/arm-none-eabi/7.1.0/../../../../arm-none-eabi/lib/armv6k/fpu\libg.a(lib_a-vfprintf.o)
 .rodata._ctype_
                0x001301b8      0x101 c:/devkitpro/devkitarm/bin/../lib/gcc/arm-none-eabi/7.1.0/../../../../arm-none-eabi/lib/armv6k/fpu\libg.a(lib_a-ctype_.o)
                0x001301b8                _ctype_
 *fill*         0x001302b9        0x3 
 .rodata._dtoa_r.str1.4
                0x001302bc       0x10 c:/devkitpro/devkitarm/bin/../lib/gcc/arm-none-eabi/7.1.0/../../../../arm-none-eabi/lib/armv6k/fpu\libg.a(lib_a-dtoa.o)
                                 0x12 (size before relaxing)
 .rodata._jp2uc.str1.4
                0x001302cc       0x12 c:/devkitpro/devkitarm/bin/../lib/gcc/arm-none-eabi/7.1.0/../../../../arm-none-eabi/lib/armv6k/fpu\libg.a(lib_a-jp2uc.o)
 *fill*         0x001302de        0x2 
 .rodata.a1     0x001302e0       0xbc c:/devkitpro/devkitarm/bin/../lib/gcc/arm-none-eabi/7.1.0/../../../../arm-none-eabi/lib/armv6k/fpu\libg.a(lib_a-jp2uc.o)
 .rodata.a2     0x0013039c       0xbc c:/devkitpro/devkitarm/bin/../lib/gcc/arm-none-eabi/7.1.0/../../../../arm-none-eabi/lib/armv6k/fpu\libg.a(lib_a-jp2uc.o)
 .rodata.a3     0x00130458       0x5b c:/devkitpro/devkitarm/bin/../lib/gcc/arm-none-eabi/7.1.0/../../../../arm-none-eabi/lib/armv6k/fpu\libg.a(lib_a-jp2uc.o)
 *fill*         0x001304b3        0x1 
 .rodata.a6     0x001304b4       0x70 c:/devkitpro/devkitarm/bin/../lib/gcc/arm-none-eabi/7.1.0/../../../../arm-none-eabi/lib/armv6k/fpu\libg.a(lib_a-jp2uc.o)
 .rodata.a7     0x00130524       0xa2 c:/devkitpro/devkitarm/bin/../lib/gcc/arm-none-eabi/7.1.0/../../../../arm-none-eabi/lib/armv6k/fpu\libg.a(lib_a-jp2uc.o)
 *fill*         0x001305c6        0x2 
 .rodata.a8     0x001305c8       0x40 c:/devkitpro/devkitarm/bin/../lib/gcc/arm-none-eabi/7.1.0/../../../../arm-none-eabi/lib/armv6k/fpu\libg.a(lib_a-jp2uc.o)
 .rodata.b02cf  0x00130608     0x172a c:/devkitpro/devkitarm/bin/../lib/gcc/arm-none-eabi/7.1.0/../../../../arm-none-eabi/lib/armv6k/fpu\libg.a(lib_a-jp2uc.o)
 *fill*         0x00131d32        0x2 
 .rodata.d02f4  0x00131d34     0x1a7c c:/devkitpro/devkitarm/bin/../lib/gcc/arm-none-eabi/7.1.0/../../../../arm-none-eabi/lib/armv6k/fpu\libg.a(lib_a-jp2uc.o)
 .rodata.__mprec_bigtens
                0x001337b0       0x28 c:/devkitpro/devkitarm/bin/../lib/gcc/arm-none-eabi/7.1.0/../../../../arm-none-eabi/lib/armv6k/fpu\libg.a(lib_a-mprec.o)
                0x001337b0                __mprec_bigtens
 .rodata.__mprec_tens
                0x001337d8       0xc8 c:/devkitpro/devkitarm/bin/../lib/gcc/arm-none-eabi/7.1.0/../../../../arm-none-eabi/lib/armv6k/fpu\libg.a(lib_a-mprec.o)
                0x001337d8                __mprec_tens
 .rodata.p05.7353
                0x001338a0        0xc c:/devkitpro/devkitarm/bin/../lib/gcc/arm-none-eabi/7.1.0/../../../../arm-none-eabi/lib/armv6k/fpu\libg.a(lib_a-mprec.o)
 .rodata._strtod_l.str1.4
                0x001338ac        0xf c:/devkitpro/devkitarm/bin/../lib/gcc/arm-none-eabi/7.1.0/../../../../arm-none-eabi/lib/armv6k/fpu\libg.a(lib_a-strtod.o)
 *fill*         0x001338bb        0x1 
 .rodata.fpi.7439
                0x001338bc       0x14 c:/devkitpro/devkitarm/bin/../lib/gcc/arm-none-eabi/7.1.0/../../../../arm-none-eabi/lib/armv6k/fpu\libg.a(lib_a-strtod.o)
 .rodata.fpinan.7475
                0x001338d0       0x14 c:/devkitpro/devkitarm/bin/../lib/gcc/arm-none-eabi/7.1.0/../../../../arm-none-eabi/lib/armv6k/fpu\libg.a(lib_a-strtod.o)
 *fill*         0x001338e4        0x4 
 .rodata.tinytens
                0x001338e8       0x28 c:/devkitpro/devkitarm/bin/../lib/gcc/arm-none-eabi/7.1.0/../../../../arm-none-eabi/lib/armv6k/fpu\libg.a(lib_a-strtod.o)
 .rodata.__action_table
                0x00133910       0x6c c:/devkitpro/devkitarm/bin/../lib/gcc/arm-none-eabi/7.1.0/../../../../arm-none-eabi/lib/armv6k/fpu\libg.a(lib_a-svfiprintf.o)
                0x00133910                __action_table
 .rodata.__chclass
                0x0013397c      0x100 c:/devkitpro/devkitarm/bin/../lib/gcc/arm-none-eabi/7.1.0/../../../../arm-none-eabi/lib/armv6k/fpu\libg.a(lib_a-svfiprintf.o)
                0x0013397c                __chclass
 .rodata.__state_table
                0x00133a7c       0x6c c:/devkitpro/devkitarm/bin/../lib/gcc/arm-none-eabi/7.1.0/../../../../arm-none-eabi/lib/armv6k/fpu\libg.a(lib_a-svfiprintf.o)
                0x00133a7c                __state_table
 .rodata.__hexdig
                0x00133ae8      0x100 c:/devkitpro/devkitarm/bin/../lib/gcc/arm-none-eabi/7.1.0/../../../../arm-none-eabi/lib/armv6k/fpu\libg.a(lib_a-gdtoa-gethex.o)
                0x00133ae8                __hexdig
 .rodata.AddDevice.str1.4
                0x00133be8        0x8 c:/devkitpro/devkitarm/bin/../lib/gcc/arm-none-eabi/7.1.0/../../../../arm-none-eabi/lib/armv6k/fpu\libsysbase.a(iosupport.o)
 .rodata.dotab_stdnull
                0x00133bf0       0x68 c:/devkitpro/devkitarm/bin/../lib/gcc/arm-none-eabi/7.1.0/../../../../arm-none-eabi/lib/armv6k/fpu\libsysbase.a(iosupport.o)
                0x00133bf0                dotab_stdnull
 .rodata.DIRECTORY_PARENT
                0x00133c58        0x3 c:/devkitpro/devkitarm/bin/../lib/gcc/arm-none-eabi/7.1.0/../../../../arm-none-eabi/lib/armv6k/fpu\libsysbase.a(chdir.o)
                0x00133c58                DIRECTORY_PARENT
 *all.rodata*(*)
 *(.gnu.linkonce.r*)
                0x00133c5c                . = ALIGN (0x4)
 *fill*         0x00133c5b        0x1 

.eh_frame       0x00133c5c        0x0
 .eh_frame      0x00133c5c        0x0 c:/devkitpro/devkitarm/bin/../lib/gcc/arm-none-eabi/7.1.0/armv6k/fpu/crtbegin.o

.rel.dyn        0x00133c5c        0x0
 .rel.iplt      0x00133c5c        0x0 c:/devkitpro/devkitarm/bin/../lib/gcc/arm-none-eabi/7.1.0/../../../../arm-none-eabi/lib/armv6k/fpu/3dsx_crt0.o

.ARM.extab