Archive member included to satisfy reference by file (symbol)

c:/devkitPro/libctru/lib\libarchive.a(archive_entry.o)
                              archive.o (archive_entry_pathname)
c:/devkitPro/libctru/lib\libarchive.a(archive_entry_sparse.o)
                              c:/devkitPro/libctru/lib\libarchive.a(archive_entry.o) (archive_entry_sparse_clear)
c:/devkitPro/libctru/lib\libarchive.a(archive_entry_xattr.o)
                              c:/devkitPro/libctru/lib\libarchive.a(archive_entry.o) (archive_entry_xattr_clear)
c:/devkitPro/libctru/lib\libarchive.a(archive_read.o)
                              archive.o (archive_read_new)
c:/devkitPro/libctru/lib\libarchive.a(archive_read_open_memory.o)
                              archive.o (archive_read_open_memory)
c:/devkitPro/libctru/lib\libarchive.a(archive_read_support_format_7zip.o)
                              archive.o (archive_read_support_format_7zip)
c:/devkitPro/libctru/lib\libarchive.a(archive_read_support_format_zip.o)
                              archive.o (archive_read_support_format_zip)
c:/devkitPro/libctru/lib\libarchive.a(archive_string.o)
                              c:/devkitPro/libctru/lib\libarchive.a(archive_read.o) (archive_string_free)
c:/devkitPro/libctru/lib\libarchive.a(archive_util.o)
                              c:/devkitPro/libctru/lib\libarchive.a(archive_read.o) (__archive_clean)
c:/devkitPro/libctru/lib\libarchive.a(archive_virtual.o)
                              c:/devkitPro/libctru/lib\libarchive.a(archive_util.o) (archive_filter_code)
c:/devkitPro/libctru/lib\libarchive.a(archive_write_disk_posix.o)
                              archive.o (archive_write_disk_set_options)
c:/devkitPro/libctru/lib\libarchive.a(archive_acl.o)
                              c:/devkitPro/libctru/lib\libarchive.a(archive_entry.o) (archive_acl_clear)
c:/devkitPro/libctru/lib\libarchive.a(archive_check_magic.o)
                              c:/devkitPro/libctru/lib\libarchive.a(archive_read.o) (__archive_check_magic)
c:/devkitPro/libctru/lib\libarchive.a(archive_ppmd7.o)
                              c:/devkitPro/libctru/lib\libarchive.a(archive_read_support_format_7zip.o) (__archive_ppmd7_functions)
c:/devkitPro/libctru/lib\libarchive.a(archive_rb.o)
                              c:/devkitPro/libctru/lib\libarchive.a(archive_read_support_format_zip.o) (__archive_rb_tree_init)
c:/devkitPro/libctru/lib\libarchive.a(archive_string_sprintf.o)
                              c:/devkitPro/libctru/lib\libarchive.a(archive_util.o) (archive_string_vsprintf)
c:/devkitPro/libctru/lib\libarchive.a(archive_write_disk_acl.o)
                              c:/devkitPro/libctru/lib\libarchive.a(archive_write_disk_posix.o) (archive_write_disk_set_acls)
c:/devkitPro/libctru/lib\liblzma.a(liblzma_la-common.o)
                              c:/devkitPro/libctru/lib\libarchive.a(archive_read_support_format_7zip.o) (lzma_code)
c:/devkitPro/libctru/lib\liblzma.a(liblzma_la-filter_decoder.o)
                              c:/devkitPro/libctru/lib\libarchive.a(archive_read_support_format_7zip.o) (lzma_raw_decoder)
c:/devkitPro/libctru/lib\liblzma.a(liblzma_la-lzma_decoder.o)
                              c:/devkitPro/libctru/lib\liblzma.a(liblzma_la-filter_decoder.o) (lzma_lzma_decoder_init)
c:/devkitPro/libctru/lib\liblzma.a(liblzma_la-lzma2_decoder.o)
                              c:/devkitPro/libctru/lib\liblzma.a(liblzma_la-filter_decoder.o) (lzma_lzma2_decoder_init)
c:/devkitPro/libctru/lib\liblzma.a(liblzma_la-delta_common.o)
                              c:/devkitPro/libctru/lib\liblzma.a(liblzma_la-filter_decoder.o) (lzma_delta_coder_memusage)
c:/devkitPro/libctru/lib\liblzma.a(liblzma_la-delta_decoder.o)
                              c:/devkitPro/libctru/lib\liblzma.a(liblzma_la-filter_decoder.o) (lzma_delta_decoder_init)
c:/devkitPro/libctru/lib\liblzma.a(liblzma_la-simple_decoder.o)
                              c:/devkitPro/libctru/lib\liblzma.a(liblzma_la-filter_decoder.o) (lzma_simple_props_decode)
c:/devkitPro/libctru/lib\liblzma.a(liblzma_la-x86.o)
                              c:/devkitPro/libctru/lib\liblzma.a(liblzma_la-filter_decoder.o) (lzma_simple_x86_decoder_init)
c:/devkitPro/libctru/lib\liblzma.a(liblzma_la-powerpc.o)
                              c:/devkitPro/libctru/lib\liblzma.a(liblzma_la-filter_decoder.o) (lzma_simple_powerpc_decoder_init)
c:/devkitPro/libctru/lib\liblzma.a(liblzma_la-ia64.o)
                              c:/devkitPro/libctru/lib\liblzma.a(liblzma_la-filter_decoder.o) (lzma_simple_ia64_decoder_init)
c:/devkitPro/libctru/lib\liblzma.a(liblzma_la-arm.o)
                              c:/devkitPro/libctru/lib\liblzma.a(liblzma_la-filter_decoder.o) (lzma_simple_arm_decoder_init)
c:/devkitPro/libctru/lib\liblzma.a(liblzma_la-armthumb.o)
                              c:/devkitPro/libctru/lib\liblzma.a(liblzma_la-filter_decoder.o) (lzma_simple_armthumb_decoder_init)
[...]
Memory Configuration

Name             Origin             Length             Attributes
*default*        0x00000000         0xffffffff

Linker script and memory map

                0x00100000                PROVIDE (__start__, 0x100000)
                0x00100000                . = __start__

.text           0x00100000    0x5ec2c
 *(.crt0)
 .crt0          0x00100000       0x94 c:/devkitpro/devkitarm/bin/../lib/gcc/arm-none-eabi/7.1.0/../../../../arm-none-eabi/lib/armv6k/fpu/3dsx_crt0.o
                0x00100000                _start
                0x00100008                __service_ptr
                0x0010000c                __apt_appid
                0x00100010                __heap_size
                0x00100014                __linear_heap_size
                0x00100018                __system_arglist
                0x0010001c                __system_runflags
 *(.init)
 .init          0x00100094        0xc c:/devkitpro/devkitarm/bin/../lib/gcc/arm-none-eabi/7.1.0/armv6k/fpu/crti.o
                0x00100094                _init
 .init          0x001000a0        0xc c:/devkitpro/devkitarm/bin/../lib/gcc/arm-none-eabi/7.1.0/armv6k/fpu/crtn.o
                0x001000ac                . = ALIGN (0x4)
 *(.text)
 *fill*         0x001000ac        0x4 
 .text          0x001000b0       0x88 asm.o
                0x001000b0                flush_dcache
                0x001000bc                invalidate_icache
                0x001000c8                svcGlobalBackdoor
                0x001000d0                svc_30
                0x00100110                checkSvcGlobalBackdoor
                0x00100130                checkRunningCFW
 .text          0x00100138      0x5d8 c:/devkitPro/libctru/lib\libz.a(crc32.o)
                0x0010034c                get_crc_table
                0x00100358                crc32
                0x00100708                crc32_combine
                0x0010070c                crc32_combine64
 .text          0x00100710     0x40e0 c:/devkitPro/libctru/lib\libz.a(deflate.o)
                0x00101d8c                deflateSetDictionary
                0x00101fa4                deflateResetKeep
                0x0010207c                deflateReset
                0x001021e4                deflateSetHeader
                0x00102218                deflatePending
                0x00102264                deflatePrime
                0x0010230c                deflateTune
                0x00102344                deflateBound
                0x00102458                deflate
                0x00103ca8                deflateParams
                0x00103dc4                deflateEnd
                0x00103ee4                deflateInit2_
                0x001042ac                deflateInit_
                0x001045ec                deflateCopy
 .text          0x001047f0     0x2c58 c:/devkitPro/libctru/lib\libz.a(inflate.o)
                0x001047f0                inflateResetKeep
                0x00104880                inflateReset
                0x0010491c                inflateReset2
                0x00104a3c                inflateInit2_
                0x00104bc4                inflateInit_
                0x00104d28                inflatePrime
                0x00104da0                inflate
                0x00106c3c                inflateEnd
                0x00106ca0                inflateGetDictionary
                0x00106d38                inflateSetDictionary
                0x00106ee0                inflateGetHeader
                0x00106f1c                inflateSync
                0x001071d4                inflateSyncPoint
                0x00107214                inflateCopy
                0x001073c0                inflateUndermine
                0x001073f0                inflateMark
 .text          0x00107448      0xbf4 c:/devkitPro/libctru/lib\libz.a(inftrees.o)
                0x00107448                inflate_table
 .text          0x0010803c     0x257c c:/devkitPro/libctru/lib\libz.a(trees.o)
                0x0010956c                _tr_init
                0x00109638                _tr_stored_block
                0x001097cc                _tr_flush_bits
                0x00109868                _tr_align
                0x001099ec                _tr_flush_block
                0x0010a500                _tr_tally
 .text          0x0010a5b8       0x38 c:/devkitPro/libctru/lib\libz.a(zutil.o)
                0x0010a5b8                zlibVersion
                0x0010a5c4                zlibCompileFlags
                0x0010a5cc                zError
                0x0010a5e0                zcalloc
                0x0010a5e8                zcfree
 .text          0x0010a5f0      0x5c0 c:/devkitPro/libctru/lib\libz.a(adler32.o)
                0x0010a5f0                adler32
                0x0010aa38                adler32_combine
                0x0010aaf4                adler32_combine64
 .text          0x0010abb0      0xbe4 c:/devkitPro/libctru/lib\libz.a(inffast.o)
                0x0010abb0                inflate_fast
 .text          0x0010b794       0x64 c:/devkitPro/libctru/lib\libctru.a(stack_adjust.o)
                0x0010b794                initSystem
                0x0010b7d8                __ctru_exit
 .text          0x0010b7f8      0x20c c:/devkitpro/devkitarm/bin/../lib/gcc/arm-none-eabi/7.1.0/armv6k/fpu\libgcc.a(_udivsi3.o)
                0x0010b7f8                __aeabi_uidiv
                0x0010b7f8                __udivsi3
                0x0010b9e4                __aeabi_uidivmod
 .text          0x0010ba04      0x240 c:/devkitpro/devkitarm/bin/../lib/gcc/arm-none-eabi/7.1.0/armv6k/fpu\libgcc.a(_divsi3.o)
                0x0010ba04                __divsi3
                0x0010ba04                __aeabi_idiv
                0x0010bc24                __aeabi_idivmod
 .text          0x0010bc44        0x4 c:/devkitpro/devkitarm/bin/../lib/gcc/arm-none-eabi/7.1.0/armv6k/fpu\libgcc.a(_dvmd_tls.o)
                0x0010bc44                __aeabi_idiv0
                0x0010bc44                __aeabi_ldiv0
 .text          0x0010bc48       0xd4 c:/devkitpro/devkitarm/bin/../lib/gcc/arm-none-eabi/7.1.0/armv6k/fpu\libgcc.a(_aeabi_ldivmod.o)
                0x0010bc48                __aeabi_ldivmod
 .text          0x0010bd1c       0x3c c:/devkitpro/devkitarm/bin/../lib/gcc/arm-none-eabi/7.1.0/armv6k/fpu\libgcc.a(_aeabi_uldivmod.o)
                0x0010bd1c                __aeabi_uldivmod
 *fill*         0x0010bd58        0x8 
 .text          0x0010bd60      0x390 c:/devkitpro/devkitarm/bin/../lib/gcc/arm-none-eabi/7.1.0/../../../../arm-none-eabi/lib/armv6k/fpu\libg.a(lib_a-strcmp.o)
                0x0010bd68                strcmp
 *(.text.*)
 .text.deregister_tm_clones
                0x0010c0f0       0x2c c:/devkitpro/devkitarm/bin/../lib/gcc/arm-none-eabi/7.1.0/armv6k/fpu/crtbegin.o
 .text.register_tm_clones
                0x0010c11c       0x38 c:/devkitpro/devkitarm/bin/../lib/gcc/arm-none-eabi/7.1.0/armv6k/fpu/crtbegin.o
 .text.__do_global_dtors_aux
                0x0010c154       0x44 c:/devkitpro/devkitarm/bin/../lib/gcc/arm-none-eabi/7.1.0/armv6k/fpu/crtbegin.o
 .text.frame_dummy
                0x0010c198       0x34 c:/devkitpro/devkitarm/bin/../lib/gcc/arm-none-eabi/7.1.0/armv6k/fpu/crtbegin.o
 .text.copy_data
                0x0010c1cc       0x84 archive.o
 .text.archiveExtractFile
                0x0010c250      0x184 archive.o
                0x0010c250                archiveExtractFile
 .text.fsOpenAndWrite
                0x0010c3d4       0xa0 fs.o
                0x0010c3d4                fsOpenAndWrite
 *fill*         0x0010c474        0x4 
 .text.progressbar
                0x0010c478       0xb8 httpc.o
                0x0010c478                progressbar
 .text.httpDownloadData
                0x0010c530      0x234 httpc.o
                0x0010c530                httpDownloadData
 .text.httpRetrieveData
                0x0010c764       0x10 httpc.o
                0x0010c764                httpRetrieveData
 .text.httpBufSize
                0x0010c774       0x10 httpc.o
                0x0010c774                httpBufSize
 .text.httpFree
                0x0010c784       0x10 httpc.o
                0x0010c784                httpFree
 .text.downloadExtractStep1
                0x0010c794      0x194 main.o
                0x0010c794                downloadExtractStep1
 .text.doExploitsStep1
                0x0010c928       0x94 main.o
                0x0010c928                doExploitsStep1
 .text.ciaInstall
                0x0010c9bc       0xdc main.o
                0x0010c9bc                ciaInstall
 .text.downloadExtractStep2
                0x0010ca98      0x21c main.o
                0x0010ca98                downloadExtractStep2
 .text.startup.main
                0x0010ccb4      0x14c main.o
                0x0010ccb4                main
 .text.K_PatchPID
                0x0010ce00       0x34 kernel.o
 .text.K_RestorePID
                0x0010ce34       0x2c kernel.o
 .text.initial_kernel_function
                0x0010ce60       0x14 kernel.o
                0x0010ce60                initial_kernel_function
 .text.K_PatchACL
                0x0010ce74       0x54 kernel.o
 .text.gspSetTextureCopy
                0x0010cec8       0xdc kernel.o
                0x0010cec8                gspSetTextureCopy
 *fill*         0x0010cfa4        0x4 
 .text.hook_kernel
                0x0010cfa8      0x344 kernel.o
                0x0010cfa8                hook_kernel
 .text.initsrv_allservices
                0x0010d2ec       0x58 kernel.o
                0x0010d2ec                initsrv_allservices
 .text.patch_svcaccesstable
                0x0010d344       0x2c kernel.o
                0x0010d344                patch_svcaccesstable
 .text.patch_arm11_codeflow
                0x0010d370      0x164 safehax.o
                0x0010d370                patch_arm11_codeflow
 .text.FileRead
                0x0010d4d4       0xa4 safehax.o
                0x0010d4d4                FileRead
 .text.safehax  0x0010d578      0x368 safehax.o
                0x0010d578                safehax
 .text.__system_allocateHeaps
                0x0010d8e0       0xac udsploit.o
                0x0010d8e0                __system_allocateHeaps
 .text.allocHeapWithLa
                0x0010d98c      0x1b4 udsploit.o
                0x0010d98c                allocHeapWithLa
 .text.udsploit
                0x0010db40      0x3fc udsploit.o
                0x0010db40                udsploit
 .text.archive_entry_clear
                0x0010df3c       0x90 c:/devkitPro/libctru/lib\libarchive.a(archive_entry.o)
                0x0010df3c                archive_entry_clear
 .text.archive_entry_clone
                0x0010dfcc      0x15c c:/devkitPro/libctru/lib\libarchive.a(archive_entry.o)
                0x0010dfcc                archive_entry_clone
 .text.archive_entry_free
                0x0010e128       0x84 c:/devkitPro/libctru/lib\libarchive.a(archive_entry.o)
                0x0010e128                archive_entry_free
 .text.archive_entry_new2
                0x0010e1ac       0x20 c:/devkitPro/libctru/lib\libarchive.a(archive_entry.o)
                0x0010e1ac                archive_entry_new2
 .text.archive_entry_atime
                0x0010e1cc        0x8 c:/devkitPro/libctru/lib\libarchive.a(archive_entry.o)
                0x0010e1cc                archive_entry_atime
 .text.archive_entry_atime_nsec
                0x0010e1d4        0x8 c:/devkitPro/libctru/lib\libarchive.a(archive_entry.o)
                0x0010e1d4                archive_entry_atime_nsec
 .text.archive_entry_atime_is_set
                0x0010e1dc        0xc c:/devkitPro/libctru/lib\libarchive.a(archive_entry.o)
                0x0010e1dc                archive_entry_atime_is_set
 .text.archive_entry_birthtime
                0x0010e1e8        0x8 c:/devkitPro/libctru/lib\libarchive.a(archive_entry.o)
                0x0010e1e8                archive_entry_birthtime
 .text.archive_entry_birthtime_nsec
                0x0010e1f0        0x8 c:/devkitPro/libctru/lib\libarchive.a(archive_entry.o)
                0x0010e1f0                archive_entry_birthtime_nsec
 .text.archive_entry_birthtime_is_set
                0x0010e1f8        0xc c:/devkitPro/libctru/lib\libarchive.a(archive_entry.o)
                0x0010e1f8                archive_entry_birthtime_is_set
 .text.archive_entry_ctime
                0x0010e204        0x8 c:/devkitPro/libctru/lib\libarchive.a(archive_entry.o)
                0x0010e204                archive_entry_ctime
 .text.archive_entry_ctime_is_set
                0x0010e20c        0xc c:/devkitPro/libctru/lib\libarchive.a(archive_entry.o)
                0x0010e20c                archive_entry_ctime_is_set
 .text.archive_entry_ctime_nsec
                0x0010e218        0x8 c:/devkitPro/libctru/lib\libarchive.a(archive_entry.o)
                0x0010e218                archive_entry_ctime_nsec
 .text.archive_entry_filetype
                0x0010e220        0xc c:/devkitPro/libctru/lib\libarchive.a(archive_entry.o)
                0x0010e220                archive_entry_filetype
 .text.archive_entry_fflags
                0x0010e22c       0x14 c:/devkitPro/libctru/lib\libarchive.a(archive_entry.o)
                0x0010e22c                archive_entry_fflags
 .text.archive_entry_gid
                0x0010e240        0x8 c:/devkitPro/libctru/lib\libarchive.a(archive_entry.o)
                0x0010e240                archive_entry_gid
 .text.archive_entry_gname
                0x0010e248       0x50 c:/devkitPro/libctru/lib\libarchive.a(archive_entry.o)
                0x0010e248                archive_entry_gname
 .text.archive_entry_hardlink
                0x0010e298       0x64 c:/devkitPro/libctru/lib\libarchive.a(archive_entry.o)
                0x0010e298                archive_entry_hardlink
 .text.archive_entry_mode
                0x0010e2fc        0x8 c:/devkitPro/libctru/lib\libarchive.a(archive_entry.o)
                0x0010e2fc                archive_entry_mode
 .text.archive_entry_mtime
                0x0010e304        0x8 c:/devkitPro/libctru/lib\libarchive.a(archive_entry.o)
                0x0010e304                archive_entry_mtime
 .text.archive_entry_mtime_nsec
                0x0010e30c        0x8 c:/devkitPro/libctru/lib\libarchive.a(archive_entry.o)
                0x0010e30c                archive_entry_mtime_nsec
 .text.archive_entry_mtime_is_set
                0x0010e314        0xc c:/devkitPro/libctru/lib\libarchive.a(archive_entry.o)
                0x0010e314                archive_entry_mtime_is_set
 .text.archive_entry_pathname
                0x0010e320       0x50 c:/devkitPro/libctru/lib\libarchive.a(archive_entry.o)
                0x0010e320                archive_entry_pathname
 .text.archive_entry_pathname_w
                0x0010e370       0x50 c:/devkitPro/libctru/lib\libarchive.a(archive_entry.o)
                0x0010e370                archive_entry_pathname_w
 .text.archive_entry_size
                0x0010e3c0        0x8 c:/devkitPro/libctru/lib\libarchive.a(archive_entry.o)
                0x0010e3c0                archive_entry_size
 .text.archive_entry_size_is_set
                0x0010e3c8        0xc c:/devkitPro/libctru/lib\libarchive.a(archive_entry.o)
                0x0010e3c8                archive_entry_size_is_set
 .text.archive_entry_symlink
                0x0010e3d4       0x64 c:/devkitPro/libctru/lib\libarchive.a(archive_entry.o)
                0x0010e3d4                archive_entry_symlink
 .text.archive_entry_uid
                0x0010e438        0x8 c:/devkitPro/libctru/lib\libarchive.a(archive_entry.o)
                0x0010e438                archive_entry_uid
 .text.archive_entry_uname
                0x0010e440       0x50 c:/devkitPro/libctru/lib\libarchive.a(archive_entry.o)
                0x0010e440                archive_entry_uname
 .text.archive_entry_set_gid
                0x0010e490       0x10 c:/devkitPro/libctru/lib\libarchive.a(archive_entry.o)
                0x0010e490                archive_entry_set_gid
 .text.archive_entry_set_atime
                0x0010e4a0       0x5c c:/devkitPro/libctru/lib\libarchive.a(archive_entry.o)
                0x0010e4a0                archive_entry_set_atime
 .text.archive_entry_set_ctime
                0x0010e4fc       0x5c c:/devkitPro/libctru/lib\libarchive.a(archive_entry.o)
                0x0010e4fc                archive_entry_set_ctime
 .text.archive_entry_set_mode
                0x0010e558       0x10 c:/devkitPro/libctru/lib\libarchive.a(archive_entry.o)
                0x0010e558                archive_entry_set_mode
 .text.archive_entry_set_mtime
                0x0010e568       0x5c c:/devkitPro/libctru/lib\libarchive.a(archive_entry.o)
                0x0010e568                archive_entry_set_mtime
 .text.archive_entry_set_pathname
                0x0010e5c4        0x8 c:/devkitPro/libctru/lib\libarchive.a(archive_entry.o)
                0x0010e5c4                archive_entry_set_pathname
 .text._archive_entry_copy_pathname_l
                0x0010e5cc        0x8 c:/devkitPro/libctru/lib\libarchive.a(archive_entry.o)
                0x0010e5cc                _archive_entry_copy_pathname_l
 .text.archive_entry_set_size
                0x0010e5d4       0x1c c:/devkitPro/libctru/lib\libarchive.a(archive_entry.o)
                0x0010e5d4                archive_entry_set_size
 .text.archive_entry_unset_size
                0x0010e5f0       0x2c c:/devkitPro/libctru/lib\libarchive.a(archive_entry.o)
                0x0010e5f0                archive_entry_unset_size
 .text.archive_entry_copy_symlink
                0x0010e61c       0x2c c:/devkitPro/libctru/lib\libarchive.a(archive_entry.o)
                0x0010e61c                archive_entry_copy_symlink
 .text._archive_entry_copy_symlink_l
                0x0010e648       0x3c c:/devkitPro/libctru/lib\libarchive.a(archive_entry.o)
                0x0010e648                _archive_entry_copy_symlink_l
 .text.archive_entry_set_uid
                0x0010e684       0x10 c:/devkitPro/libctru/lib\libarchive.a(archive_entry.o)
                0x0010e684                archive_entry_set_uid
 .text.archive_entry_mac_metadata
                0x0010e694       0x10 c:/devkitPro/libctru/lib\libarchive.a(archive_entry.o)
                0x0010e694                archive_entry_mac_metadata
 .text.archive_entry_copy_mac_metadata
                0x0010e6a4       0x60 c:/devkitPro/libctru/lib\libarchive.a(archive_entry.o)
                0x0010e6a4                archive_entry_copy_mac_metadata
 .text.archive_entry_acl
                0x0010e704        0x8 c:/devkitPro/libctru/lib\libarchive.a(archive_entry.o)
                0x0010e704                archive_entry_acl
 .text.archive_entry_sparse_clear
                0x0010e70c       0x34 c:/devkitPro/libctru/lib\libarchive.a(archive_entry_sparse.o)
                0x0010e70c                archive_entry_sparse_clear
 .text.archive_entry_sparse_add_entry
                0x0010e740       0xd4 c:/devkitPro/libctru/lib\libarchive.a(archive_entry_sparse.o)
                0x0010e740                archive_entry_sparse_add_entry
 .text.archive_entry_xattr_clear
                0x0010e814       0x4c c:/devkitPro/libctru/lib\libarchive.a(archive_entry_xattr.o)
                0x0010e814                archive_entry_xattr_clear
 .text.archive_entry_xattr_add_entry
                0x0010e860       0x80 c:/devkitPro/libctru/lib\libarchive.a(archive_entry_xattr.o)
                0x0010e860                archive_entry_xattr_add_entry
 .text.archive_entry_xattr_count
                0x0010e8e0       0x2c c:/devkitPro/libctru/lib\libarchive.a(archive_entry_xattr.o)
                0x0010e8e0                archive_entry_xattr_count
 .text.client_read_proxy
                0x0010e90c       0x24 c:/devkitPro/libctru/lib\libarchive.a(archive_read.o)
 .text.client_seek_proxy
                0x0010e930       0x34 c:/devkitPro/libctru/lib\libarchive.a(archive_read.o)
 .text.client_open_proxy
                0x0010e964       0x24 c:/devkitPro/libctru/lib\libarchive.a(archive_read.o)
 .text.client_switch_proxy
                0x0010e988       0xac c:/devkitPro/libctru/lib\libarchive.a(archive_read.o)
 .text._archive_filter_count
                0x0010ea34       0x2c c:/devkitPro/libctru/lib\libarchive.a(archive_read.o)
 .text._archive_filter_bytes
                0x0010ea60       0x90 c:/devkitPro/libctru/lib\libarchive.a(archive_read.o)
 .text.client_close_proxy
                0x0010eaf0       0x74 c:/devkitPro/libctru/lib\libarchive.a(archive_read.o)
 .text.client_skip_proxy
                0x0010eb64      0x128 c:/devkitPro/libctru/lib\libarchive.a(archive_read.o)
 .text._archive_read_free
                0x0010ec8c      0x134 c:/devkitPro/libctru/lib\libarchive.a(archive_read.o)
 .text._archive_read_data_block
                0x0010edc0       0x7c c:/devkitPro/libctru/lib\libarchive.a(archive_read.o)
 .text._archive_filter_code
                0x0010ee3c       0x90 c:/devkitPro/libctru/lib\libarchive.a(archive_read.o)
 .text._archive_filter_name
                0x0010eecc       0x90 c:/devkitPro/libctru/lib\libarchive.a(archive_read.o)
 .text._archive_read_close
                0x0010ef5c       0xb0 c:/devkitPro/libctru/lib\libarchive.a(archive_read.o)
 .text._archive_read_next_header
                0x0010f00c      0x238 c:/devkitPro/libctru/lib\libarchive.a(archive_read.o)
 .text._archive_read_next_header2
                0x0010f244      0x244 c:/devkitPro/libctru/lib\libarchive.a(archive_read.o)
 .text.archive_read_new
                0x0010f488       0xcc c:/devkitPro/libctru/lib\libarchive.a(archive_read.o)
                0x0010f488                archive_read_new
 .text.archive_read_set_open_callback
                0x0010f554       0x34 c:/devkitPro/libctru/lib\libarchive.a(archive_read.o)
                0x0010f554                archive_read_set_open_callback
 .text.archive_read_set_read_callback
                0x0010f588       0x34 c:/devkitPro/libctru/lib\libarchive.a(archive_read.o)
                0x0010f588                archive_read_set_read_callback
 .text.archive_read_set_skip_callback
                0x0010f5bc       0x34 c:/devkitPro/libctru/lib\libarchive.a(archive_read.o)
                0x0010f5bc                archive_read_set_skip_callback
 .text.archive_read_set_seek_callback
                0x0010f5f0       0x34 c:/devkitPro/libctru/lib\libarchive.a(archive_read.o)
                0x0010f5f0                archive_read_set_seek_callback
 .text.archive_read_set_close_callback
                0x0010f624       0x34 c:/devkitPro/libctru/lib\libarchive.a(archive_read.o)
                0x0010f624                archive_read_set_close_callback
 .text.archive_read_set_callback_data
                0x0010f658       0x98 c:/devkitPro/libctru/lib\libarchive.a(archive_read.o)
                0x0010f658                archive_read_set_callback_data
 .text.__archive_read_close_filters
                0x0010f6f0       0x6c c:/devkitPro/libctru/lib\libarchive.a(archive_read.o)
                0x0010f6f0                __archive_read_close_filters
 .text.archive_read_open1
                0x0010f75c      0xa38 c:/devkitPro/libctru/lib\libarchive.a(archive_read.o)
                0x0010f75c                archive_read_open1
 .text.__archive_read_register_format
                0x00110194      0x254 c:/devkitPro/libctru/lib\libarchive.a(archive_read.o)
                0x00110194                __archive_read_register_format
 .text.__archive_read_ahead
                0x001103e8      0x3a8 c:/devkitPro/libctru/lib\libarchive.a(archive_read.o)
                0x001103e8                __archive_read_ahead
 .text.__archive_read_consume
                0x00110790      0x3f8 c:/devkitPro/libctru/lib\libarchive.a(archive_read.o)
                0x00110790                __archive_read_consume
 .text.__archive_read_filter_seek
                0x00110b88      0x6f8 c:/devkitPro/libctru/lib\libarchive.a(archive_read.o)
                0x00110b88                __archive_read_filter_seek
 .text.__archive_read_seek
                0x00111280        0x8 c:/devkitPro/libctru/lib\libarchive.a(archive_read.o)
                0x00111280                __archive_read_seek
 .text.memory_read_open
                0x00111288        0x8 c:/devkitPro/libctru/lib\libarchive.a(archive_read_open_memory.o)
 .text.memory_read
                0x00111290       0x2c c:/devkitPro/libctru/lib\libarchive.a(archive_read_open_memory.o)
 .text.memory_read_skip
                0x001112bc       0x64 c:/devkitPro/libctru/lib\libarchive.a(archive_read_open_memory.o)
 .text.memory_read_seek
                0x00111320       0x90 c:/devkitPro/libctru/lib\libarchive.a(archive_read_open_memory.o)
 .text.memory_read_close
                0x001113b0       0x14 c:/devkitPro/libctru/lib\libarchive.a(archive_read_open_memory.o)
 .text.archive_read_open_memory
                0x001113c4       0xb8 c:/devkitPro/libctru/lib\libarchive.a(archive_read_open_memory.o)
                0x001113c4                archive_read_open_memory
 .text.Bcj2_Decode
                0x0011147c      0x574 c:/devkitPro/libctru/lib\libarchive.a(archive_read_support_format_7zip.o)
 .text.set_error
                0x001119f0       0xac c:/devkitPro/libctru/lib\libarchive.a(archive_read_support_format_7zip.o)
 .text.ppmd_read
                0x00111a9c       0x7c c:/devkitPro/libctru/lib\libarchive.a(archive_read_support_format_7zip.o)
 .text.ppmd_free
                0x00111b18        0x8 c:/devkitPro/libctru/lib\libarchive.a(archive_read_support_format_7zip.o)
 .text.ppmd_alloc
                0x00111b20        0x8 c:/devkitPro/libctru/lib\libarchive.a(archive_read_support_format_7zip.o)
 .text.init_decompression
                0x00111b28      0x638 c:/devkitPro/libctru/lib\libarchive.a(archive_read_support_format_7zip.o)
 .text.seek_pack
                0x00112160       0xb8 c:/devkitPro/libctru/lib\libarchive.a(archive_read_support_format_7zip.o)
 .text.free_StreamsInfo
                0x00112218       0xf8 c:/devkitPro/libctru/lib\libarchive.a(archive_read_support_format_7zip.o)
 .text.archive_read_format_7zip_cleanup
                0x00112310       0xf8 c:/devkitPro/libctru/lib\libarchive.a(archive_read_support_format_7zip.o)
 .text.archive_read_format_7zip_bid
                0x00112408      0x1d0 c:/devkitPro/libctru/lib\libarchive.a(archive_read_support_format_7zip.o)
 .text.extract_pack_stream
                0x001125d8      0xdb4 c:/devkitPro/libctru/lib\libarchive.a(archive_read_support_format_7zip.o)
 .text.get_uncompressed_data
                0x0011338c      0x12c c:/devkitPro/libctru/lib\libarchive.a(archive_read_support_format_7zip.o)
 .text.setup_decode_folder
                0x001134b8      0x874 c:/devkitPro/libctru/lib\libarchive.a(archive_read_support_format_7zip.o)
 .text.read_stream
                0x00113d2c      0x350 c:/devkitPro/libctru/lib\libarchive.a(archive_read_support_format_7zip.o)
 .text.read_Bools
                0x0011407c      0x154 c:/devkitPro/libctru/lib\libarchive.a(archive_read_support_format_7zip.o)
 .text.archive_read_format_7zip_read_data_skip
                0x001141d0      0x474 c:/devkitPro/libctru/lib\libarchive.a(archive_read_support_format_7zip.o)
 .text.header_bytes
                0x00114644      0x3dc c:/devkitPro/libctru/lib\libarchive.a(archive_read_support_format_7zip.o)
 .text.header_bytes.constprop.3
                0x00114a20      0x3ac c:/devkitPro/libctru/lib\libarchive.a(archive_read_support_format_7zip.o)
 .text.parse_7zip_uint64
                0x00114dcc      0x424 c:/devkitPro/libctru/lib\libarchive.a(archive_read_support_format_7zip.o)
 .text.read_Digests
                0x001151f0      0x220 c:/devkitPro/libctru/lib\libarchive.a(archive_read_support_format_7zip.o)
 .text.read_StreamsInfo
                0x00115410      0xf48 c:/devkitPro/libctru/lib\libarchive.a(archive_read_support_format_7zip.o)
 .text.archive_read_format_7zip_read_header
                0x00116358     0x1744 c:/devkitPro/libctru/lib\libarchive.a(archive_read_support_format_7zip.o)
 .text.archive_read_format_7zip_read_data
                0x00117a9c      0x4bc c:/devkitPro/libctru/lib\libarchive.a(archive_read_support_format_7zip.o)
 .text.archive_read_support_format_7zip
                0x00117f58       0xd4 c:/devkitPro/libctru/lib\libarchive.a(archive_read_support_format_7zip.o)
                0x00117f58                archive_read_support_format_7zip
 .text.cmp_node
                0x0011802c       0x10 c:/devkitPro/libctru/lib\libarchive.a(archive_read_support_format_zip.o)
 .text.cmp_key  0x0011803c        0x8 c:/devkitPro/libctru/lib\libarchive.a(archive_read_support_format_zip.o)
 .text.archive_read_format_zip_cleanup
                0x00118044       0x9c c:/devkitPro/libctru/lib\libarchive.a(archive_read_support_format_zip.o)
 .text.archive_read_format_zip_streamable_bid
                0x001180e0       0xd0 c:/devkitPro/libctru/lib\libarchive.a(archive_read_support_format_zip.o)
 .text.archive_read_format_zip_options
                0x001181b0       0xd8 c:/devkitPro/libctru/lib\libarchive.a(archive_read_support_format_zip.o)
 .text.rsrc_cmp_key
                0x00118288       0x10 c:/devkitPro/libctru/lib\libarchive.a(archive_read_support_format_zip.o)
 .text.rsrc_cmp_node
                0x00118298       0x10 c:/devkitPro/libctru/lib\libarchive.a(archive_read_support_format_zip.o)
 .text.archive_read_format_zip_seekable_bid
                0x001182a8      0x258 c:/devkitPro/libctru/lib\libarchive.a(archive_read_support_format_zip.o)
 .text.zip_read_local_file_header
                0x00118500      0x9bc c:/devkitPro/libctru/lib\libarchive.a(archive_read_support_format_zip.o)
 .text.archive_read_format_zip_streamable_read_header
                0x00118ebc      0x1f0 c:/devkitPro/libctru/lib\libarchive.a(archive_read_support_format_zip.o)
 .text.zip_read_data_deflate.isra.2
                0x001190ac      0x304 c:/devkitPro/libctru/lib\libarchive.a(archive_read_support_format_zip.o)
 .text.archive_read_format_zip_read_data_skip
                0x001193b0      0x224 c:/devkitPro/libctru/lib\libarchive.a(archive_read_support_format_zip.o)
 .text.archive_read_format_zip_read_data
                0x001195d4      0x464 c:/devkitPro/libctru/lib\libarchive.a(archive_read_support_format_zip.o)
 .text.archive_read_format_zip_seekable_read_header
                0x00119a38      0xbdc c:/devkitPro/libctru/lib\libarchive.a(archive_read_support_format_zip.o)
 .text.archive_read_support_format_zip
                0x0011a614      0x150 c:/devkitPro/libctru/lib\libarchive.a(archive_read_support_format_zip.o)
                0x0011a614                archive_read_support_format_zip
 .text.unicode_to_utf8
                0x0011a764      0x124 c:/devkitPro/libctru/lib\libarchive.a(archive_string.o)
 .text.utf16be_to_unicode
                0x0011a888       0xa8 c:/devkitPro/libctru/lib\libarchive.a(archive_string.o)
 .text.unicode_to_utf16be
                0x0011a930       0x7c c:/devkitPro/libctru/lib\libarchive.a(archive_string.o)
 .text.unicode_to_utf16le
                0x0011a9ac       0x7c c:/devkitPro/libctru/lib\libarchive.a(archive_string.o)
 .text.unlikely.add_converter.part.8
                0x0011aa28       0x14 c:/devkitPro/libctru/lib\libarchive.a(archive_string.o)
 .text.canonical_charset_name.part.11
                0x0011aa3c      0x148 c:/devkitPro/libctru/lib\libarchive.a(archive_string.o)
 .text.unlikely.archive_string_concat.part.14
                0x0011ab84       0x14 c:/devkitPro/libctru/lib\libarchive.a(archive_string.o)
 .text.utf16le_to_unicode
                0x0011ab98       0xa8 c:/devkitPro/libctru/lib\libarchive.a(archive_string.o)
 .text.get_sconv_object.part.12
                0x0011ac40      0x47c c:/devkitPro/libctru/lib\libarchive.a(archive_string.o)
 .text.best_effort_strncat_from_utf16be
                0x0011b0bc      0x218 c:/devkitPro/libctru/lib\libarchive.a(archive_string.o)
 .text.best_effort_strncat_to_utf16le
                0x0011b2d4      0x16c c:/devkitPro/libctru/lib\libarchive.a(archive_string.o)
 .text.best_effort_strncat_from_utf16le
                0x0011b440      0x218 c:/devkitPro/libctru/lib\libarchive.a(archive_string.o)
 .text.best_effort_strncat_to_utf16be
                0x0011b658      0x16c c:/devkitPro/libctru/lib\libarchive.a(archive_string.o)
 .text.archive_string_append_unicode
                0x0011b7c4      0x368 c:/devkitPro/libctru/lib\libarchive.a(archive_string.o)
 .text.best_effort_strncat_in_locale
                0x0011bb2c      0x370 c:/devkitPro/libctru/lib\libarchive.a(archive_string.o)
 .text.cesu8_to_unicode
                0x0011be9c      0x568 c:/devkitPro/libctru/lib\libarchive.a(archive_string.o)
 .text.strncat_from_utf8_to_utf8
                0x0011c404      0x770 c:/devkitPro/libctru/lib\libarchive.a(archive_string.o)
 .text.archive_string_normalize_C
                0x0011cb74     0x1c4c c:/devkitPro/libctru/lib\libarchive.a(archive_string.o)
 .text.archive_string_free
                0x0011e7c0       0x24 c:/devkitPro/libctru/lib\libarchive.a(archive_string.o)
                0x0011e7c0                archive_string_free
 .text.archive_string_ensure
                0x0011e7e4       0xc0 c:/devkitPro/libctru/lib\libarchive.a(archive_string.o)
                0x0011e7e4                archive_string_ensure
 .text.archive_strncat
                0x0011e8a4      0x138 c:/devkitPro/libctru/lib\libarchive.a(archive_string.o)
                0x0011e8a4                archive_strncat
 .text.archive_strcat
                0x0011e9dc      0x118 c:/devkitPro/libctru/lib\libarchive.a(archive_string.o)
                0x0011e9dc                archive_strcat
 .text.archive_strappend_char
                0x0011eaf4       0xf0 c:/devkitPro/libctru/lib\libarchive.a(archive_string.o)
                0x0011eaf4                archive_strappend_char
 .text.archive_wstring_append_from_mbs
                0x0011ebe4      0x284 c:/devkitPro/libctru/lib\libarchive.a(archive_string.o)
                0x0011ebe4                archive_wstring_append_from_mbs
 .text.archive_string_append_from_wcs
                0x0011ee68      0x290 c:/devkitPro/libctru/lib\libarchive.a(archive_string.o)
                0x0011ee68                archive_string_append_from_wcs
 .text.archive_string_conversion_from_charset
                0x0011f0f8       0xd0 c:/devkitPro/libctru/lib\libarchive.a(archive_string.o)
                0x0011f0f8                archive_string_conversion_from_charset
 .text.archive_string_default_conversion_for_read
                0x0011f1c8        0x8 c:/devkitPro/libctru/lib\libarchive.a(archive_string.o)
                0x0011f1c8                archive_string_default_conversion_for_read
 .text.archive_string_conversion_free
                0x0011f1d0       0x58 c:/devkitPro/libctru/lib\libarchive.a(archive_string.o)
                0x0011f1d0                archive_string_conversion_free
 .text.archive_string_conversion_charset_name
                0x0011f228       0x18 c:/devkitPro/libctru/lib\libarchive.a(archive_string.o)
                0x0011f228                archive_string_conversion_charset_name
 .text.archive_mstring_clean
                0x0011f240       0x64 c:/devkitPro/libctru/lib\libarchive.a(archive_string.o)
                0x0011f240                archive_mstring_clean
 .text.archive_mstring_copy
                0x0011f2a4      0x2d0 c:/devkitPro/libctru/lib\libarchive.a(archive_string.o)
                0x0011f2a4                archive_mstring_copy
 .text.archive_mstring_get_mbs
                0x0011f574       0x68 c:/devkitPro/libctru/lib\libarchive.a(archive_string.o)
                0x0011f574                archive_mstring_get_mbs
 .text.archive_mstring_get_wcs
                0x0011f5dc       0x68 c:/devkitPro/libctru/lib\libarchive.a(archive_string.o)
                0x0011f5dc                archive_mstring_get_wcs
 .text.archive_mstring_copy_mbs
                0x0011f644      0x15c c:/devkitPro/libctru/lib\libarchive.a(archive_string.o)
                0x0011f644                archive_mstring_copy_mbs
 .text.archive_mstring_copy_mbs_len_l
                0x0011f7a0      0x390 c:/devkitPro/libctru/lib\libarchive.a(archive_string.o)
                0x0011f7a0                archive_mstring_copy_mbs_len_l
 .text.__archive_clean
                0x0011fb30       0x10 c:/devkitPro/libctru/lib\libarchive.a(archive_util.o)
                0x0011fb30                __archive_clean
 .text.archive_error_string
                0x0011fb40       0x1c c:/devkitPro/libctru/lib\libarchive.a(archive_util.o)
                0x0011fb40                archive_error_string
 .text.archive_clear_error
                0x0011fb5c       0x14 c:/devkitPro/libctru/lib\libarchive.a(archive_util.o)
                0x0011fb5c                archive_clear_error
 .text.archive_set_error
                0x0011fb70       0x5c c:/devkitPro/libctru/lib\libarchive.a(archive_util.o)
                0x0011fb70                archive_set_error
 .text.__archive_errx
                0x0011fbcc       0x54 c:/devkitPro/libctru/lib\libarchive.a(archive_util.o)
                0x0011fbcc                __archive_errx
 .text.__archive_ensure_cloexec_flag
                0x0011fc20       0x3c c:/devkitPro/libctru/lib\libarchive.a(archive_util.o)
                0x0011fc20                __archive_ensure_cloexec_flag
 .text.archive_write_close
                0x0011fc5c        0xc c:/devkitPro/libctru/lib\libarchive.a(archive_virtual.o)
                0x0011fc5c                archive_write_close
 .text.archive_read_close
                0x0011fc68        0xc c:/devkitPro/libctru/lib\libarchive.a(archive_virtual.o)
                0x0011fc68                archive_read_close
 .text.archive_write_free
                0x0011fc74       0x14 c:/devkitPro/libctru/lib\libarchive.a(archive_virtual.o)
                0x0011fc74                archive_write_free
 .text.archive_read_free
                0x0011fc88       0x14 c:/devkitPro/libctru/lib\libarchive.a(archive_virtual.o)
                0x0011fc88                archive_read_free
 .text.archive_write_header
                0x0011fc9c       0x18 c:/devkitPro/libctru/lib\libarchive.a(archive_virtual.o)
                0x0011fc9c                archive_write_header
 .text.archive_write_finish_entry
                0x0011fcb4        0xc c:/devkitPro/libctru/lib\libarchive.a(archive_virtual.o)
                0x0011fcb4                archive_write_finish_entry
 .text.archive_write_data_block
                0x0011fcc0       0x3c c:/devkitPro/libctru/lib\libarchive.a(archive_virtual.o)
                0x0011fcc0                archive_write_data_block
 .text.archive_read_next_header
                0x0011fcfc        0xc c:/devkitPro/libctru/lib\libarchive.a(archive_virtual.o)
                0x0011fcfc                archive_read_next_header
 .text.archive_read_data_block
                0x0011fd08       0x18 c:/devkitPro/libctru/lib\libarchive.a(archive_virtual.o)
                0x0011fd08                archive_read_data_block
 .text._archive_write_disk_filter_bytes
                0x0011fd20       0x24 c:/devkitPro/libctru/lib\libarchive.a(archive_write_disk_posix.o)
 .text.create_filesystem_object
                0x0011fd44      0x1a8 c:/devkitPro/libctru/lib\libarchive.a(archive_write_disk_posix.o)
 .text.sort_dir_list
                0x0011feec      0x16c c:/devkitPro/libctru/lib\libarchive.a(archive_write_disk_posix.o)
 .text._archive_write_disk_finish_entry
                0x00120058      0x7f4 c:/devkitPro/libctru/lib\libarchive.a(archive_write_disk_posix.o)
 .text._archive_write_disk_close
                0x0012084c      0x114 c:/devkitPro/libctru/lib\libarchive.a(archive_write_disk_posix.o)
 .text._archive_write_disk_free
                0x00120960      0x180 c:/devkitPro/libctru/lib\libarchive.a(archive_write_disk_posix.o)
 .text.create_dir
                0x00120ae0      0x28c c:/devkitPro/libctru/lib\libarchive.a(archive_write_disk_posix.o)
 .text._archive_write_disk_data
                0x00120d6c      0x57c c:/devkitPro/libctru/lib\libarchive.a(archive_write_disk_posix.o)
 .text._archive_write_disk_data_block
                0x001212e8      0x5dc c:/devkitPro/libctru/lib\libarchive.a(archive_write_disk_posix.o)
 .text._archive_write_disk_header
                0x001218c4      0xa84 c:/devkitPro/libctru/lib\libarchive.a(archive_write_disk_posix.o)
 .text.archive_write_disk_set_options
                0x00122348        0xc c:/devkitPro/libctru/lib\libarchive.a(archive_write_disk_posix.o)
                0x00122348                archive_write_disk_set_options
 .text.archive_write_disk_new
                0x00122354       0xf0 c:/devkitPro/libctru/lib\libarchive.a(archive_write_disk_posix.o)
                0x00122354                archive_write_disk_new
 .text.archive_acl_clear
                0x00122444       0x70 c:/devkitPro/libctru/lib\libarchive.a(archive_acl.o)
                0x00122444                archive_acl_clear
 .text.archive_acl_copy
                0x001224b4      0x234 c:/devkitPro/libctru/lib\libarchive.a(archive_acl.o)
                0x001224b4                archive_acl_copy
 .text.unlikely.errmsg
                0x001226e8       0x44 c:/devkitPro/libctru/lib\libarchive.a(archive_check_magic.o)
 .text.__archive_check_magic
                0x0012272c      0x2e4 c:/devkitPro/libctru/lib\libarchive.a(archive_check_magic.o)
                0x0012272c                __archive_check_magic
 .text.Ppmd7_Free
                0x00122a10       0x28 c:/devkitPro/libctru/lib\libarchive.a(archive_ppmd7.o)
 .text.Ppmd7_Alloc
                0x00122a38       0x80 c:/devkitPro/libctru/lib\libarchive.a(archive_ppmd7.o)
 .text.GlueFreeBlocks
                0x00122ab8      0x1fc c:/devkitPro/libctru/lib\libarchive.a(archive_ppmd7.o)
 .text.PpmdRAR_RangeDec_Init
                0x00122cb4       0x58 c:/devkitPro/libctru/lib\libarchive.a(archive_ppmd7.o)
 .text.Range_GetThreshold
                0x00122d0c       0x30 c:/devkitPro/libctru/lib\libarchive.a(archive_ppmd7.o)
 .text.Range_DecodeBit_7z
                0x00122d3c       0xa4 c:/devkitPro/libctru/lib\libarchive.a(archive_ppmd7.o)
 .text.Ppmd7z_RangeDec_CreateVTable
                0x00122de0       0x20 c:/devkitPro/libctru/lib\libarchive.a(archive_ppmd7.o)
 .text.PpmdRAR_RangeDec_CreateVTable
                0x00122e00       0x20 c:/devkitPro/libctru/lib\libarchive.a(archive_ppmd7.o)
 .text.Ppmd7z_RangeEnc_Init
                0x00122e20       0x34 c:/devkitPro/libctru/lib\libarchive.a(archive_ppmd7.o)
 .text.RestartModel
                0x00122e54      0x334 c:/devkitPro/libctru/lib\libarchive.a(archive_ppmd7.o)
 .text.Ppmd7_Init
                0x00123188       0x20 c:/devkitPro/libctru/lib\libarchive.a(archive_ppmd7.o)
 .text.Ppmd7_Construct
                0x001231a8      0x154 c:/devkitPro/libctru/lib\libarchive.a(archive_ppmd7.o)
 .text.Ppmd7z_RangeDec_Init
                0x001232fc       0x64 c:/devkitPro/libctru/lib\libarchive.a(archive_ppmd7.o)
 .text.Range_DecodeBit_RAR
                0x00123360       0x58 c:/devkitPro/libctru/lib\libarchive.a(archive_ppmd7.o)
 .text.Range_Decode_7z
                0x001233b8       0x88 c:/devkitPro/libctru/lib\libarchive.a(archive_ppmd7.o)
 .text.Range_Decode_RAR
                0x00123440       0x88 c:/devkitPro/libctru/lib\libarchive.a(archive_ppmd7.o)
 .text.Ppmd7z_RangeEnc_FlushData
                0x001234c8       0x98 c:/devkitPro/libctru/lib\libarchive.a(archive_ppmd7.o)
 .text.CreateSuccessors
                0x00123560      0x33c c:/devkitPro/libctru/lib\libarchive.a(archive_ppmd7.o)
 .text.UpdateModel
                0x0012389c      0x718 c:/devkitPro/libctru/lib\libarchive.a(archive_ppmd7.o)
 .text.Rescale  0x00123fb4      0x384 c:/devkitPro/libctru/lib\libarchive.a(archive_ppmd7.o)
 .text.Ppmd7_DecodeSymbol
                0x00124338      0x83c c:/devkitPro/libctru/lib\libarchive.a(archive_ppmd7.o)
 .text.Ppmd7_EncodeSymbol
                0x00124b74      0xd10 c:/devkitPro/libctru/lib\libarchive.a(archive_ppmd7.o)
 .text.__archive_rb_tree_removal_rebalance.isra.1
                0x00125884      0x39c c:/devkitPro/libctru/lib\libarchive.a(archive_rb.o)
 .text.__archive_rb_tree_init
                0x00125c20       0x10 c:/devkitPro/libctru/lib\libarchive.a(archive_rb.o)
                0x00125c20                __archive_rb_tree_init
 .text.__archive_rb_tree_find_node
                0x00125c30       0x5c c:/devkitPro/libctru/lib\libarchive.a(archive_rb.o)
                0x00125c30                __archive_rb_tree_find_node
 .text.__archive_rb_tree_insert_node
                0x00125c8c      0x334 c:/devkitPro/libctru/lib\libarchive.a(archive_rb.o)
                0x00125c8c                __archive_rb_tree_insert_node
 .text.__archive_rb_tree_remove_node
                0x00125fc0      0x208 c:/devkitPro/libctru/lib\libarchive.a(archive_rb.o)
                0x00125fc0                __archive_rb_tree_remove_node
 .text.__archive_rb_tree_iterate
                0x001261c8       0xb0 c:/devkitPro/libctru/lib\libarchive.a(archive_rb.o)
                0x001261c8                __archive_rb_tree_iterate
 .text.append_uint
                0x00126278       0xd0 c:/devkitPro/libctru/lib\libarchive.a(archive_string_sprintf.o)
 .text.archive_string_vsprintf
                0x00126348      0xa5c c:/devkitPro/libctru/lib\libarchive.a(archive_string_sprintf.o)
                0x00126348                archive_string_vsprintf
 .text.archive_write_disk_set_acls
                0x00126da4        0x8 c:/devkitPro/libctru/lib\libarchive.a(archive_write_disk_acl.o)
                0x00126da4                archive_write_disk_set_acls
 .text.lzma_alloc
                0x00126dac       0x34 c:/devkitPro/libctru/lib\liblzma.a(liblzma_la-common.o)
                0x00126dac                lzma_alloc
 .text.lzma_free
                0x00126de0       0x24 c:/devkitPro/libctru/lib\liblzma.a(liblzma_la-common.o)
                0x00126de0                lzma_free
 .text.lzma_bufcpy
                0x00126e04       0x50 c:/devkitPro/libctru/lib\liblzma.a(liblzma_la-common.o)
                0x00126e04                lzma_bufcpy
 .text.lzma_next_filter_init
                0x00126e54       0xa4 c:/devkitPro/libctru/lib\liblzma.a(liblzma_la-common.o)
                0x00126e54                lzma_next_filter_init
 .text.lzma_next_filter_update
                0x00126ef8       0x58 c:/devkitPro/libctru/lib\liblzma.a(liblzma_la-common.o)
                0x00126ef8                lzma_next_filter_update
 .text.lzma_next_end
                0x00126f50       0x70 c:/devkitPro/libctru/lib\liblzma.a(liblzma_la-common.o)
                0x00126f50                lzma_next_end
 .text.lzma_strm_init
                0x00126fc0       0xc0 c:/devkitPro/libctru/lib\liblzma.a(liblzma_la-common.o)
                0x00126fc0                lzma_strm_init
 .text.lzma_code
                0x00127080      0x2fc c:/devkitPro/libctru/lib\liblzma.a(liblzma_la-common.o)
                0x00127080                lzma_code
 .text.lzma_end
                0x0012737c       0xd0 c:/devkitPro/libctru/lib\liblzma.a(liblzma_la-common.o)
                0x0012737c                lzma_end
 .text.decoder_find
                0x0012744c       0xc8 c:/devkitPro/libctru/lib\liblzma.a(liblzma_la-filter_decoder.o)
 .text.lzma_raw_decoder
                0x00127514       0x7c c:/devkitPro/libctru/lib\liblzma.a(liblzma_la-filter_decoder.o)
                0x00127514                lzma_raw_decoder
 .text.lzma_properties_decode
                0x00127590      0x104 c:/devkitPro/libctru/lib\liblzma.a(liblzma_la-filter_decoder.o)
                0x00127590                lzma_properties_decode
 .text.lzma_decoder_uncompressed
                0x00127694        0xc c:/devkitPro/libctru/lib\liblzma.a(liblzma_la-lzma_decoder.o)
 .text.lzma_decoder_reset
                0x001276a0      0x384 c:/devkitPro/libctru/lib\liblzma.a(liblzma_la-lzma_decoder.o)
 .text.lzma_decode
                0x00127a24     0x34cc c:/devkitPro/libctru/lib\liblzma.a(liblzma_la-lzma_decoder.o)
 .text.lzma_decoder_init
                0x0012aef0      0x444 c:/devkitPro/libctru/lib\liblzma.a(liblzma_la-lzma_decoder.o)
 .text.lzma_lzma_decoder_create
                0x0012b334       0x7c c:/devkitPro/libctru/lib\liblzma.a(liblzma_la-lzma_decoder.o)
                0x0012b334                lzma_lzma_decoder_create
 .text.lzma_lzma_decoder_init
                0x0012b3b0        0xc c:/devkitPro/libctru/lib\liblzma.a(liblzma_la-lzma_decoder.o)
                0x0012b3b0                lzma_lzma_decoder_init
 .text.lzma_lzma_lclppb_decode
                0x0012b3bc       0x84 c:/devkitPro/libctru/lib\liblzma.a(liblzma_la-lzma_decoder.o)
                0x0012b3bc                lzma_lzma_lclppb_decode
 .text.lzma_lzma_decoder_memusage_nocheck
                0x0012b440       0x24 c:/devkitPro/libctru/lib\liblzma.a(liblzma_la-lzma_decoder.o)
                0x0012b440                lzma_lzma_decoder_memusage_nocheck
 .text.lzma_lzma_decoder_memusage
                0x0012b464       0x68 c:/devkitPro/libctru/lib\liblzma.a(liblzma_la-lzma_decoder.o)
                0x0012b464                lzma_lzma_decoder_memusage
 .text.lzma_lzma_props_decode
                0x0012b4cc       0xd4 c:/devkitPro/libctru/lib\liblzma.a(liblzma_la-lzma_decoder.o)
                0x0012b4cc                lzma_lzma_props_decode
 .text.lzma2_decoder_init
                0x0012b5a0       0xbc c:/devkitPro/libctru/lib\liblzma.a(liblzma_la-lzma2_decoder.o)
 .text.lzma2_decoder_end
                0x0012b65c       0x24 c:/devkitPro/libctru/lib\liblzma.a(liblzma_la-lzma2_decoder.o)
 .text.lzma2_decode
                0x0012b680      0x328 c:/devkitPro/libctru/lib\liblzma.a(liblzma_la-lzma2_decoder.o)
 .text.lzma_lzma2_decoder_init
                0x0012b9a8        0xc c:/devkitPro/libctru/lib\liblzma.a(liblzma_la-lzma2_decoder.o)
                0x0012b9a8                lzma_lzma2_decoder_init
 .text.lzma_lzma2_decoder_memusage
                0x0012b9b4       0x14 c:/devkitPro/libctru/lib\liblzma.a(liblzma_la-lzma2_decoder.o)
                0x0012b9b4                lzma_lzma2_decoder_memusage
 .text.lzma_lzma2_props_decode
                0x0012b9c8       0x80 c:/devkitPro/libctru/lib\liblzma.a(liblzma_la-lzma2_decoder.o)
                0x0012b9c8                lzma_lzma2_props_decode
 .text.delta_coder_end
                0x0012ba48       0x20 c:/devkitPro/libctru/lib\liblzma.a(liblzma_la-delta_common.o)
 .text.lzma_delta_coder_init
                0x0012ba68       0xc0 c:/devkitPro/libctru/lib\liblzma.a(liblzma_la-delta_common.o)
                0x0012ba68                lzma_delta_coder_init
 .text.lzma_delta_coder_memusage
                0x0012bb28       0x3c c:/devkitPro/libctru/lib\liblzma.a(liblzma_la-delta_common.o)
                0x0012bb28                lzma_delta_coder_memusage
 .text.delta_decode
                0x0012bb64       0xa4 c:/devkitPro/libctru/lib\liblzma.a(liblzma_la-delta_decoder.o)
 .text.lzma_delta_decoder_init
                0x0012bc08       0x10 c:/devkitPro/libctru/lib\liblzma.a(liblzma_la-delta_decoder.o)
                0x0012bc08                lzma_delta_decoder_init
 .text.lzma_delta_props_decode
                0x0012bc18       0x50 c:/devkitPro/libctru/lib\liblzma.a(liblzma_la-delta_decoder.o)
                0x0012bc18                lzma_delta_props_decode
 .text.lzma_simple_props_decode
                0x0012bc68       0x74 c:/devkitPro/libctru/lib\liblzma.a(liblzma_la-simple_decoder.o)
                0x0012bc68                lzma_simple_props_decode
 .text.x86_code
                0x0012bcdc      0x264 c:/devkitPro/libctru/lib\liblzma.a(liblzma_la-x86.o)
 .text.lzma_simple_x86_decoder_init
                0x0012bf40       0x48 c:/devkitPro/libctru/lib\liblzma.a(liblzma_la-x86.o)
                0x0012bf40                lzma_simple_x86_decoder_init
 .text.powerpc_code
                0x0012bf88      0x134 c:/devkitPro/libctru/lib\liblzma.a(liblzma_la-powerpc.o)
 .text.lzma_simple_powerpc_decoder_init
                0x0012c0bc       0x34 c:/devkitPro/libctru/lib\liblzma.a(liblzma_la-powerpc.o)
                0x0012c0bc                lzma_simple_powerpc_decoder_init
 .text.ia64_code
                0x0012c0f0      0x4e4 c:/devkitPro/libctru/lib\liblzma.a(liblzma_la-ia64.o)
 .text.lzma_simple_ia64_decoder_init
                0x0012c5d4       0x34 c:/devkitPro/libctru/lib\liblzma.a(liblzma_la-ia64.o)
                0x0012c5d4                lzma_simple_ia64_decoder_init
 .text.arm_code
                0x0012c608       0xd8 c:/devkitPro/libctru/lib\liblzma.a(liblzma_la-arm.o)
 .text.lzma_simple_arm_decoder_init
                0x0012c6e0       0x34 c:/devkitPro/libctru/lib\liblzma.a(liblzma_la-arm.o)
                0x0012c6e0                lzma_simple_arm_decoder_init
 .text.armthumb_code
                0x0012c714      0x180 c:/devkitPro/libctru/lib\liblzma.a(liblzma_la-armthumb.o)
 .text.lzma_simple_armthumb_decoder_init
                0x0012c894       0x30 c:/devkitPro/libctru/lib\liblzma.a(liblzma_la-armthumb.o)
                0x0012c894                lzma_simple_armthumb_decoder_init
 .text.sparc_code
                0x0012c8c4       0xd8 c:/devkitPro/libctru/lib\liblzma.a(liblzma_la-sparc.o)
 .text.lzma_simple_sparc_decoder_init
                0x0012c99c       0x34 c:/devkitPro/libctru/lib\liblzma.a(liblzma_la-sparc.o)
                0x0012c99c                lzma_simple_sparc_decoder_init
 .text.lzma_raw_coder_init
                0x0012c9d0      0x28c c:/devkitPro/libctru/lib\liblzma.a(liblzma_la-filter_common.o)
                0x0012c9d0                lzma_raw_coder_init
 .text.lz_decoder_end
                0x0012cc5c       0x50 c:/devkitPro/libctru/lib\liblzma.a(liblzma_la-lz_decoder.o)
 .text.lz_decode
                0x0012ccac      0x334 c:/devkitPro/libctru/lib\liblzma.a(liblzma_la-lz_decoder.o)
 .text.lzma_lz_decoder_init
                0x0012cfe0      0x1c8 c:/devkitPro/libctru/lib\liblzma.a(liblzma_la-lz_decoder.o)
                0x0012cfe0                lzma_lz_decoder_init
 .text.lzma_lz_decoder_memusage
                0x0012d1a8       0x18 c:/devkitPro/libctru/lib\liblzma.a(liblzma_la-lz_decoder.o)
                0x0012d1a8                lzma_lz_decoder_memusage
 .text.simple_coder_update
                0x0012d1c0        0x8 c:/devkitPro/libctru/lib\liblzma.a(liblzma_la-simple_coder.o)
 .text.simple_coder_end
                0x0012d1c8       0x2c c:/devkitPro/libctru/lib\liblzma.a(liblzma_la-simple_coder.o)
 .text.simple_code
                0x0012d1f4      0x388 c:/devkitPro/libctru/lib\liblzma.a(liblzma_la-simple_coder.o)
 .text.lzma_simple_coder_init
                0x0012d57c      0x140 c:/devkitPro/libctru/lib\liblzma.a(liblzma_la-simple_coder.o)
                0x0012d57c                lzma_simple_coder_init
 .text._ZL21addrMapNodeComparatorPK11rbtree_nodeS1_
                0x0012d6bc       0x24 c:/devkitPro/libctru/lib\libctru.a(linear.o)
 .text._ZL21addrMapNodeDestructorP11rbtree_node
                0x0012d6e0        0x4 c:/devkitPro/libctru/lib\libctru.a(linear.o)
 .text.linearMemAlign
                0x0012d6e4      0x11c c:/devkitPro/libctru/lib\libctru.a(linear.o)
                0x0012d6e4                linearMemAlign
 .text.linearAlloc
                0x0012d800        0x8 c:/devkitPro/libctru/lib\libctru.a(linear.o)
                0x0012d800                linearAlloc
 .text.linearFree
                0x0012d808       0x50 c:/devkitPro/libctru/lib\libctru.a(linear.o)
                0x0012d808                linearFree
 .text._ZN7MemPool13CoalesceRightEP8MemBlock
                0x0012d858       0x98 c:/devkitPro/libctru/lib\libctru.a(mem_pool.o)
                0x0012d858                MemPool::CoalesceRight(MemBlock*)
 .text._ZN7MemPool8AllocateER8MemChunkmi
                0x0012d8f0      0x16c c:/devkitPro/libctru/lib\libctru.a(mem_pool.o)
                0x0012d8f0                MemPool::Allocate(MemChunk&, unsigned long, int)
 .text._ZN7MemPool10DeallocateERK8MemChunk
                0x0012da5c       0xfc c:/devkitPro/libctru/lib\libctru.a(mem_pool.o)
                0x0012da5c                MemPool::Deallocate(MemChunk const&)
 .text.consoleSelect
                0x0012db58       0x18 c:/devkitPro/libctru/lib\libctru.a(console.o)
                0x0012db58                consoleSelect
 .text.consoleDrawChar
                0x0012db70      0x1c0 c:/devkitPro/libctru/lib\libctru.a(console.o)
                0x0012db70                consoleDrawChar
 .text.consolePrintChar
                0x0012dd30      0x128 c:/devkitPro/libctru/lib\libctru.a(console.o)
                0x0012dd30                consolePrintChar
 .text.consoleCls
                0x0012de58      0x184 c:/devkitPro/libctru/lib\libctru.a(console.o)
 .text.consoleInit
                0x0012dfdc      0x104 c:/devkitPro/libctru/lib\libctru.a(console.o)
                0x0012dfdc                consoleInit
 .text.consoleClearLine
                0x0012e0e0      0x138 c:/devkitPro/libctru/lib\libctru.a(console.o)
 .text.newRow   0x0012e218       0xc0 c:/devkitPro/libctru/lib\libctru.a(console.o)
 .text.con_write
                0x0012e2d8      0x810 c:/devkitPro/libctru/lib\libctru.a(console.o)
                0x0012e2d8                con_write
 .text.gfxSetFramebufferInfo.part.0
                0x0012eae8       0x8c c:/devkitPro/libctru/lib\libctru.a(gfx.o)
 .text.__get_bytes_per_pixel
                0x0012eb74       0x18 c:/devkitPro/libctru/lib\libctru.a(gfx.o)
                0x0012eb74                __get_bytes_per_pixel
 .text.gfxSetScreenFormat
                0x0012eb8c      0x184 c:/devkitPro/libctru/lib\libctru.a(gfx.o)
                0x0012eb8c                gfxSetScreenFormat
 .text.gfxSetDoubleBuffering
                0x0012ed10       0x10 c:/devkitPro/libctru/lib\libctru.a(gfx.o)
                0x0012ed10                gfxSetDoubleBuffering
 .text.gfxSetFramebufferInfo
                0x0012ed20       0x6c c:/devkitPro/libctru/lib\libctru.a(gfx.o)
                0x0012ed20                gfxSetFramebufferInfo
 .text.gfxWriteFramebufferInfo
                0x0012ed8c       0xb0 c:/devkitPro/libctru/lib\libctru.a(gfx.o)
                0x0012ed8c                gfxWriteFramebufferInfo
 .text.gfxInit  0x0012ee3c      0x210 c:/devkitPro/libctru/lib\libctru.a(gfx.o)
                0x0012ee3c                gfxInit
 .text.gfxInitDefault
                0x0012f04c       0x10 c:/devkitPro/libctru/lib\libctru.a(gfx.o)
                0x0012f04c                gfxInitDefault
 .text.gfxExit  0x0012f05c       0xe0 c:/devkitPro/libctru/lib\libctru.a(gfx.o)
                0x0012f05c                gfxExit
 .text.gfxGetFramebuffer
                0x0012f13c       0xa8 c:/devkitPro/libctru/lib\libctru.a(gfx.o)
                0x0012f13c                gfxGetFramebuffer
 .text.gfxFlushBuffers
                0x0012f1e4       0xe8 c:/devkitPro/libctru/lib\libctru.a(gfx.o)
                0x0012f1e4                gfxFlushBuffers
 .text.gfxConfigScreen
                0x0012f2cc       0x60 c:/devkitPro/libctru/lib\libctru.a(gfx.o)
                0x0012f2cc                gfxConfigScreen
 .text.gfxSwapBuffers
                0x0012f32c       0x20 c:/devkitPro/libctru/lib\libctru.a(gfx.o)
                0x0012f32c                gfxSwapBuffers
 .text.gfxSwapBuffersGpu
                0x0012f34c       0x20 c:/devkitPro/libctru/lib\libctru.a(gfx.o)
                0x0012f34c                gfxSwapBuffersGpu
 .text.getSysTime
                0x0012f36c       0x58 c:/devkitPro/libctru/lib\libctru.a(os.o)
 .text.__ctru_speedup_config.part.0
                0x0012f3c4       0x28 c:/devkitPro/libctru/lib\libctru.a(os.o)
 .text.osConvertVirtToPhys
                0x0012f3ec       0x4c c:/devkitPro/libctru/lib\libctru.a(os.o)
                0x0012f3ec                osConvertVirtToPhys
 .text.__libctru_gtod
                0x0012f438      0x128 c:/devkitPro/libctru/lib\libctru.a(os.o)
                0x0012f438                __libctru_gtod
 .text.__ctru_speedup_config
                0x0012f560       0x18 c:/devkitPro/libctru/lib\libctru.a(os.o)
                0x0012f560                __ctru_speedup_config
 .text.romfs_close
                0x0012f578        0x8 c:/devkitPro/libctru/lib\libctru.a(romfs_dev.o)
 .text.romfs_seek
                0x0012f580       0xcc c:/devkitPro/libctru/lib\libctru.a(romfs_dev.o)
 .text.romfs_dirreset
                0x0012f64c       0x28 c:/devkitPro/libctru/lib\libctru.a(romfs_dev.o)
 .text.romfs_fstat
                0x0012f674       0x78 c:/devkitPro/libctru/lib\libctru.a(romfs_dev.o)
 .text._romfs_read_chk
                0x0012f6ec       0x5c c:/devkitPro/libctru/lib\libctru.a(romfs_dev.o)
 .text.romfs_read
                0x0012f748       0xe8 c:/devkitPro/libctru/lib\libctru.a(romfs_dev.o)
 .text.romfs_free
                0x0012f830       0x7c c:/devkitPro/libctru/lib\libctru.a(romfs_dev.o)
 .text.romfsMountCommon
                0x0012f8ac      0x16c c:/devkitPro/libctru/lib\libctru.a(romfs_dev.o)
 .text.romfs_dirnext
                0x0012fa18      0x254 c:/devkitPro/libctru/lib\libctru.a(romfs_dev.o)
 *fill*         0x0012fc6c        0x4 
 .text.romfsInitMtime.isra.4
                0x0012fc70       0xd0 c:/devkitPro/libctru/lib\libctru.a(romfs_dev.o)
 .text.searchForFile.constprop.7
                0x0012fd40       0xb4 c:/devkitPro/libctru/lib\libctru.a(romfs_dev.o)
 .text.searchForDir.constprop.8
                0x0012fdf4       0xb8 c:/devkitPro/libctru/lib\libctru.a(romfs_dev.o)
 .text.navigateToDir.constprop.6
                0x0012feac      0x1b8 c:/devkitPro/libctru/lib\libctru.a(romfs_dev.o)
 .text.romfs_open
                0x00130064      0x130 c:/devkitPro/libctru/lib\libctru.a(romfs_dev.o)
 .text.romfs_stat
                0x00130194      0x210 c:/devkitPro/libctru/lib\libctru.a(romfs_dev.o)
 .text.romfs_chdir
                0x001303a4       0x54 c:/devkitPro/libctru/lib\libctru.a(romfs_dev.o)
 .text.romfs_diropen
                0x001303f8       0x78 c:/devkitPro/libctru/lib\libctru.a(romfs_dev.o)
 .text.romfs_dirclose
                0x00130470        0x8 c:/devkitPro/libctru/lib\libctru.a(romfs_dev.o)
 .text.romfsMount
                0x00130478      0x344 c:/devkitPro/libctru/lib\libctru.a(romfs_dev.o)
                0x00130478                romfsMount
 .text.srvExit  0x001307bc       0x58 c:/devkitPro/libctru/lib\libctru.a(srv.o)
                0x001307bc                srvExit
 .text.srvRegisterClient
                0x00130814       0x38 c:/devkitPro/libctru/lib\libctru.a(srv.o)
                0x00130814                srvRegisterClient
 .text.srvInit  0x0013084c       0xc4 c:/devkitPro/libctru/lib\libctru.a(srv.o)
                0x0013084c                srvInit
 .text.srvGetServiceHandleDirect
                0x00130910       0x6c c:/devkitPro/libctru/lib\libctru.a(srv.o)
                0x00130910                srvGetServiceHandleDirect
 .text.srvGetServiceHandle
                0x0013097c       0x38 c:/devkitPro/libctru/lib\libctru.a(srv.o)
                0x0013097c                srvGetServiceHandle
 .text.gxCmdQueueAdd
                0x001309b4        0x4 c:/devkitPro/libctru/lib\libctru.a(gx.o)
                0x001309b4                gxCmdQueueAdd
 .text.submitGxCommand
                0x001309b8       0x38 c:/devkitPro/libctru/lib\libctru.a(gx.o)
 .text.GX_TextureCopy
                0x001309f0       0x4c c:/devkitPro/libctru/lib\libctru.a(gx.o)
                0x001309f0                GX_TextureCopy
 .text.amInit   0x00130a3c       0xa4 c:/devkitPro/libctru/lib\libctru.a(am.o)
                0x00130a3c                amInit
 .text.amExit   0x00130ae0       0x3c c:/devkitPro/libctru/lib\libctru.a(am.o)
                0x00130ae0                amExit
 .text.AM_StartCiaInstall
                0x00130b1c       0x48 c:/devkitPro/libctru/lib\libctru.a(am.o)
                0x00130b1c                AM_StartCiaInstall
 .text.AM_FinishCiaInstall
                0x00130b64       0x3c c:/devkitPro/libctru/lib\libctru.a(am.o)
                0x00130b64                AM_FinishCiaInstall
 .text.AM_QueryAvailableExternalTitleDatabase
                0x00130ba0       0x68 c:/devkitPro/libctru/lib\libctru.a(am.o)
                0x00130ba0                AM_QueryAvailableExternalTitleDatabase
 .text._aptDebug
                0x00130c08        0x4 c:/devkitPro/libctru/lib\libctru.a(apt.o)
                0x00130c08                _aptDebug
 .text.aptSendCommand
                0x00130c0c      0x15c c:/devkitPro/libctru/lib\libctru.a(apt.o)
                0x00130c0c                aptSendCommand
 .text.aptExitProcess
                0x00130d68       0x3c c:/devkitPro/libctru/lib\libctru.a(apt.o)
 .text.APT_InquireNotification
                0x00130da4       0x4c c:/devkitPro/libctru/lib\libctru.a(apt.o)
                0x00130da4                APT_InquireNotification
 .text.aptEventHandler
                0x00130df0      0x19c c:/devkitPro/libctru/lib\libctru.a(apt.o)
 .text.APT_AppletUtility
                0x00130f8c       0x74 c:/devkitPro/libctru/lib\libctru.a(apt.o)
                0x00130f8c                APT_AppletUtility
 .text.aptSetSleepAllowed
                0x00131000       0xb0 c:/devkitPro/libctru/lib\libctru.a(apt.o)
                0x00131000                aptSetSleepAllowed
 .text.APT_GlanceParameter
                0x001310b0       0xb0 c:/devkitPro/libctru/lib\libctru.a(apt.o)
                0x001310b0                APT_GlanceParameter
 .text.APT_ReceiveParameter
                0x00131160       0xc4 c:/devkitPro/libctru/lib\libctru.a(apt.o)
                0x00131160                APT_ReceiveParameter
 .text.aptReceiveParameter.constprop.1
                0x00131224       0xbc c:/devkitPro/libctru/lib\libctru.a(apt.o)
 .text.aptScreenTransfer
                0x001312e0      0x1e8 c:/devkitPro/libctru/lib\libctru.a(apt.o)
 .text.aptWaitForWakeUp
                0x001314c8      0x210 c:/devkitPro/libctru/lib\libctru.a(apt.o)
 .text.APT_CancelParameter
                0x001316d8       0x70 c:/devkitPro/libctru/lib\libctru.a(apt.o)
                0x001316d8                APT_CancelParameter
 .text.aptInit  0x00131748      0x270 c:/devkitPro/libctru/lib\libctru.a(apt.o)
                0x00131748                aptInit
 .text.aptClearParamQueue
                0x001319b8       0x88 c:/devkitPro/libctru/lib\libctru.a(apt.o)
 .text.aptMainLoop.part.0
                0x00131a40      0x1e4 c:/devkitPro/libctru/lib\libctru.a(apt.o)
 .text.aptMainLoop
                0x00131c24       0x1c c:/devkitPro/libctru/lib\libctru.a(apt.o)
                0x00131c24                aptMainLoop
 .text.aptExit  0x00131c40      0x24c c:/devkitPro/libctru/lib\libctru.a(apt.o)
                0x00131c40                aptExit
 .text.APT_CheckNew3DS
                0x00131e8c       0x7c c:/devkitPro/libctru/lib\libctru.a(apt.o)
                0x00131e8c                APT_CheckNew3DS
 .text.fsSessionForArchive.part.0
                0x00131f08       0x28 c:/devkitPro/libctru/lib\libctru.a(fs.o)
 .text.fsInit   0x00131f30       0xd0 c:/devkitPro/libctru/lib\libctru.a(fs.o)
                0x00131f30                fsInit
 .text.fsExit   0x00132000       0x3c c:/devkitPro/libctru/lib\libctru.a(fs.o)
                0x00132000                fsExit
 .text.fsExemptFromSession
                0x0013203c       0x74 c:/devkitPro/libctru/lib\libctru.a(fs.o)
                0x0013203c                fsExemptFromSession
 .text.fsUnexemptFromSession
                0x001320b0       0x50 c:/devkitPro/libctru/lib\libctru.a(fs.o)
                0x001320b0                fsUnexemptFromSession
 .text.fsMakePath
                0x00132100       0x88 c:/devkitPro/libctru/lib\libctru.a(fs.o)
                0x00132100                fsMakePath
 .text.FSUSER_OpenFile
                0x00132188       0xc0 c:/devkitPro/libctru/lib\libctru.a(fs.o)
                0x00132188                FSUSER_OpenFile
 .text.FSUSER_OpenFileDirectly
                0x00132248       0xd4 c:/devkitPro/libctru/lib\libctru.a(fs.o)
                0x00132248                FSUSER_OpenFileDirectly
 .text.FSUSER_DeleteFile
                0x0013231c       0xa8 c:/devkitPro/libctru/lib\libctru.a(fs.o)
                0x0013231c                FSUSER_DeleteFile
 .text.FSUSER_RenameFile
                0x001323c4       0xe0 c:/devkitPro/libctru/lib\libctru.a(fs.o)
                0x001323c4                FSUSER_RenameFile
 .text.FSUSER_DeleteDirectory
                0x001324a4       0xa8 c:/devkitPro/libctru/lib\libctru.a(fs.o)
                0x001324a4                FSUSER_DeleteDirectory
 .text.FSUSER_CreateFile
                0x0013254c       0xc0 c:/devkitPro/libctru/lib\libctru.a(fs.o)
                0x0013254c                FSUSER_CreateFile
 .text.FSUSER_CreateDirectory
                0x0013260c       0xb0 c:/devkitPro/libctru/lib\libctru.a(fs.o)
                0x0013260c                FSUSER_CreateDirectory
 .text.FSUSER_RenameDirectory
                0x001326bc       0xe0 c:/devkitPro/libctru/lib\libctru.a(fs.o)
                0x001326bc                FSUSER_RenameDirectory
 .text.FSUSER_OpenDirectory
                0x0013279c       0xa4 c:/devkitPro/libctru/lib\libctru.a(fs.o)
                0x0013279c                FSUSER_OpenDirectory
 .text.FSUSER_OpenArchive
                0x00132840       0x98 c:/devkitPro/libctru/lib\libctru.a(fs.o)
                0x00132840                FSUSER_OpenArchive
 .text.FSUSER_ControlArchive
                0x001328d8       0x9c c:/devkitPro/libctru/lib\libctru.a(fs.o)
                0x001328d8                FSUSER_ControlArchive
 .text.FSUSER_CloseArchive
                0x00132974       0x74 c:/devkitPro/libctru/lib\libctru.a(fs.o)
                0x00132974                FSUSER_CloseArchive
 .text.FSUSER_GetSdmcArchiveResource
                0x001329e8       0x78 c:/devkitPro/libctru/lib\libctru.a(fs.o)
                0x001329e8                FSUSER_GetSdmcArchiveResource
 .text.FSUSER_IsSdmcWritable
                0x00132a60       0x64 c:/devkitPro/libctru/lib\libctru.a(fs.o)
                0x00132a60                FSUSER_IsSdmcWritable
 .text.FSFILE_Read
                0x00132ac4       0x58 c:/devkitPro/libctru/lib\libctru.a(fs.o)
                0x00132ac4                FSFILE_Read
 .text.FSFILE_Write
                0x00132b1c       0x64 c:/devkitPro/libctru/lib\libctru.a(fs.o)
                0x00132b1c                FSFILE_Write
 .text.FSFILE_GetSize
                0x00132b80       0x38 c:/devkitPro/libctru/lib\libctru.a(fs.o)
                0x00132b80                FSFILE_GetSize
 .text.FSFILE_SetSize
                0x00132bb8       0x28 c:/devkitPro/libctru/lib\libctru.a(fs.o)
                0x00132bb8                FSFILE_SetSize
 .text.FSFILE_Close
                0x00132be0       0x3c c:/devkitPro/libctru/lib\libctru.a(fs.o)
                0x00132be0                FSFILE_Close
 .text.FSFILE_Flush
                0x00132c1c       0x24 c:/devkitPro/libctru/lib\libctru.a(fs.o)
                0x00132c1c                FSFILE_Flush
 .text.FSDIR_Read
                0x00132c40       0x54 c:/devkitPro/libctru/lib\libctru.a(fs.o)
                0x00132c40                FSDIR_Read
 .text.FSDIR_Close
                0x00132c94       0x3c c:/devkitPro/libctru/lib\libctru.a(fs.o)
                0x00132c94                FSDIR_Close
 .text.gspInit  0x00132cd0       0x74 c:/devkitPro/libctru/lib\libctru.a(gspgpu.o)
                0x00132cd0                gspInit
 .text.gspExit  0x00132d44       0x3c c:/devkitPro/libctru/lib\libctru.a(gspgpu.o)
                0x00132d44                gspExit
 .text.gspInitEventHandler
                0x00132d80       0xa0 c:/devkitPro/libctru/lib\libctru.a(gspgpu.o)
                0x00132d80                gspInitEventHandler
 .text.gspExitEventHandler
                0x00132e20       0x40 c:/devkitPro/libctru/lib\libctru.a(gspgpu.o)
                0x00132e20                gspExitEventHandler
 .text.gspWaitForEvent
                0x00132e60       0x44 c:/devkitPro/libctru/lib\libctru.a(gspgpu.o)
                0x00132e60                gspWaitForEvent
 .text.gxCmdQueueInterrupt
                0x00132ea4        0x4 c:/devkitPro/libctru/lib\libctru.a(gspgpu.o)
                0x00132ea4                gxCmdQueueInterrupt
 .text.gspEventThreadMain
                0x00132ea8      0x174 c:/devkitPro/libctru/lib\libctru.a(gspgpu.o)
 .text.gspSubmitGxCommand
                0x0013301c      0x124 c:/devkitPro/libctru/lib\libctru.a(gspgpu.o)
                0x0013301c                gspSubmitGxCommand
 .text.GSPGPU_WriteHWRegs
                0x00133140       0x68 c:/devkitPro/libctru/lib\libctru.a(gspgpu.o)
                0x00133140                GSPGPU_WriteHWRegs
 .text.GSPGPU_ReadHWRegs
                0x001331a8       0x68 c:/devkitPro/libctru/lib\libctru.a(gspgpu.o)
                0x001331a8                GSPGPU_ReadHWRegs
 .text.GSPGPU_SetBufferSwap
                0x00133210       0x6c c:/devkitPro/libctru/lib\libctru.a(gspgpu.o)
                0x00133210                GSPGPU_SetBufferSwap
 .text.GSPGPU_FlushDataCache
                0x0013327c       0x4c c:/devkitPro/libctru/lib\libctru.a(gspgpu.o)
                0x0013327c                GSPGPU_FlushDataCache
 .text.GSPGPU_InvalidateDataCache
                0x001332c8       0x4c c:/devkitPro/libctru/lib\libctru.a(gspgpu.o)
                0x001332c8                GSPGPU_InvalidateDataCache
 .text.GSPGPU_SetLcdForceBlack
                0x00133314       0x34 c:/devkitPro/libctru/lib\libctru.a(gspgpu.o)
                0x00133314                GSPGPU_SetLcdForceBlack
 .text.GSPGPU_RegisterInterruptRelayQueue
                0x00133348       0x64 c:/devkitPro/libctru/lib\libctru.a(gspgpu.o)
                0x00133348                GSPGPU_RegisterInterruptRelayQueue
 .text.GSPGPU_UnregisterInterruptRelayQueue
                0x001333ac       0x2c c:/devkitPro/libctru/lib\libctru.a(gspgpu.o)
                0x001333ac                GSPGPU_UnregisterInterruptRelayQueue
 .text.GSPGPU_AcquireRight
                0x001333d8       0x48 c:/devkitPro/libctru/lib\libctru.a(gspgpu.o)
                0x001333d8                GSPGPU_AcquireRight
 .text.GSPGPU_ReleaseRight
                0x00133420       0x2c c:/devkitPro/libctru/lib\libctru.a(gspgpu.o)
                0x00133420                GSPGPU_ReleaseRight
 .text.GSPGPU_ImportDisplayCaptureInfo
                0x0013344c       0x80 c:/devkitPro/libctru/lib\libctru.a(gspgpu.o)
                0x0013344c                GSPGPU_ImportDisplayCaptureInfo
 .text.GSPGPU_SaveVramSysArea
                0x001334cc       0x2c c:/devkitPro/libctru/lib\libctru.a(gspgpu.o)
                0x001334cc                GSPGPU_SaveVramSysArea
 .text.GSPGPU_RestoreVramSysArea
                0x001334f8       0x2c c:/devkitPro/libctru/lib\libctru.a(gspgpu.o)
                0x001334f8                GSPGPU_RestoreVramSysArea
 .text.hidExit  0x00133524       0xd0 c:/devkitPro/libctru/lib\libctru.a(hid.o)
                0x00133524                hidExit
 .text.hidScanInput
                0x001335f4      0x26c c:/devkitPro/libctru/lib\libctru.a(hid.o)
                0x001335f4                hidScanInput
 .text.hidKeysDown
                0x00133860       0x10 c:/devkitPro/libctru/lib\libctru.a(hid.o)
                0x00133860                hidKeysDown
 .text.HIDUSER_GetHandles
                0x00133870       0x90 c:/devkitPro/libctru/lib\libctru.a(hid.o)
                0x00133870                HIDUSER_GetHandles
 .text.hidInit  0x00133900      0x1a8 c:/devkitPro/libctru/lib\libctru.a(hid.o)
                0x00133900                hidInit
 .text.httpcInit
                0x00133aa8      0x19c c:/devkitPro/libctru/lib\libctru.a(httpc.o)
                0x00133aa8                httpcInit
 .text.httpcExit
                0x00133c44       0x94 c:/devkitPro/libctru/lib\libctru.a(httpc.o)
                0x00133c44                httpcExit
 .text.httpcOpenContext
                0x00133cd8      0x138 c:/devkitPro/libctru/lib\libctru.a(httpc.o)
                0x00133cd8                httpcOpenContext
 .text.httpcCloseContext
                0x00133e10       0x44 c:/devkitPro/libctru/lib\libctru.a(httpc.o)
                0x00133e10                httpcCloseContext
 .text.httpcBeginRequest
                0x00133e54       0x30 c:/devkitPro/libctru/lib\libctru.a(httpc.o)
                0x00133e54                httpcBeginRequest
 .text.httpcReceiveData
                0x00133e84       0x44 c:/devkitPro/libctru/lib\libctru.a(httpc.o)
                0x00133e84                httpcReceiveData
 .text.httpcDownloadData
                0x00133ec8      0x100 c:/devkitPro/libctru/lib\libctru.a(httpc.o)
                0x00133ec8                httpcDownloadData
 .text.httpcGetDownloadSizeState
                0x00133fc8       0x54 c:/devkitPro/libctru/lib\libctru.a(httpc.o)
                0x00133fc8                httpcGetDownloadSizeState
 .text.httpcGetResponseHeader
                0x0013401c       0x78 c:/devkitPro/libctru/lib\libctru.a(httpc.o)
                0x0013401c                httpcGetResponseHeader
 .text.httpcGetResponseStatusCode
                0x00134094       0x3c c:/devkitPro/libctru/lib\libctru.a(httpc.o)
                0x00134094                httpcGetResponseStatusCode
 .text.httpcSetSSLOpt
                0x001340d0       0x34 c:/devkitPro/libctru/lib\libctru.a(httpc.o)
                0x001340d0                httpcSetSSLOpt
 .text.irrstScanInput
                0x00134104       0xac c:/devkitPro/libctru/lib\libctru.a(irrst.o)
                0x00134104                irrstScanInput
 .text.irrstKeysHeld
                0x001341b0       0x24 c:/devkitPro/libctru/lib\libctru.a(irrst.o)
                0x001341b0                irrstKeysHeld
 .text.IRRST_GetHandles
                0x001341d4       0x50 c:/devkitPro/libctru/lib\libctru.a(irrst.o)
                0x001341d4                IRRST_GetHandles
 .text.irrstInit
                0x00134224      0x158 c:/devkitPro/libctru/lib\libctru.a(irrst.o)
                0x00134224                irrstInit
 .text.IRRST_Shutdown
                0x0013437c       0x2c c:/devkitPro/libctru/lib\libctru.a(irrst.o)
                0x0013437c                IRRST_Shutdown
 .text.irrstExit
                0x001343a8       0xac c:/devkitPro/libctru/lib\libctru.a(irrst.o)
                0x001343a8                irrstExit
 .text.pmInit   0x00134454       0x74 c:/devkitPro/libctru/lib\libctru.a(pm.o)
                0x00134454                pmInit
 .text.pmExit   0x001344c8       0x3c c:/devkitPro/libctru/lib\libctru.a(pm.o)
                0x001344c8                pmExit
 .text.PM_LaunchFIRMSetParams
                0x00134504       0x44 c:/devkitPro/libctru/lib\libctru.a(pm.o)
                0x00134504                PM_LaunchFIRMSetParams
 .text.ptmSysmInit
                0x00134548       0x74 c:/devkitPro/libctru/lib\libctru.a(ptmsysm.o)
                0x00134548                ptmSysmInit
 .text.ptmSysmExit
                0x001345bc       0x3c c:/devkitPro/libctru/lib\libctru.a(ptmsysm.o)
                0x001345bc                ptmSysmExit
 .text.PTMSYSM_ConfigureNew3DSCPU
                0x001345f8       0x34 c:/devkitPro/libctru/lib\libctru.a(ptmsysm.o)
                0x001345f8                PTMSYSM_ConfigureNew3DSCPU
 .text.srvPmGetSessionHandle
                0x0013462c        0xc c:/devkitPro/libctru/lib\libctru.a(srvpm.o)
                0x0013462c                srvPmGetSessionHandle
 .text.fcntl    0x00134638      0x15c c:/devkitPro/libctru/lib\libctru.a(soc_fcntl.o)
                0x00134638                fcntl
 .text.rbtree_find
                0x00134794       0x6c c:/devkitPro/libctru/lib\libctru.a(rbtree_find.o)
                0x00134794                rbtree_find
 .text.rbtree_init
                0x00134800       0x14 c:/devkitPro/libctru/lib\libctru.a(rbtree_init.o)
                0x00134800                rbtree_init
 .text.do_insert
                0x00134814      0x18c c:/devkitPro/libctru/lib\libctru.a(rbtree_insert.o)
 .text.rbtree_insert
                0x001349a0        0x8 c:/devkitPro/libctru/lib\libctru.a(rbtree_insert.o)
                0x001349a0                rbtree_insert
 .text.rbtree_remove
                0x001349a8      0x32c c:/devkitPro/libctru/lib\libctru.a(rbtree_remove.o)
                0x001349a8                rbtree_remove
 .text.rbtree_rotate
                0x00134cd4       0x94 c:/devkitPro/libctru/lib\libctru.a(rbtree_rotate.o)
                0x00134cd4                rbtree_rotate
 .text.utf16_to_utf8
                0x00134d68       0xe8 c:/devkitPro/libctru/lib\libctru.a(utf16_to_utf8.o)
                0x00134d68                utf16_to_utf8
 .text.utf8_to_utf16
                0x00134e50       0xc0 c:/devkitPro/libctru/lib\libctru.a(utf8_to_utf16.o)
                0x00134e50                utf8_to_utf16
 .text.__system_initArgv
                0x00134f10       0xec c:/devkitPro/libctru/lib\libctru.a(initArgv.o)
                0x00134f10                __system_initArgv
 .text.__libctru_init
                0x00134ffc       0x38 c:/devkitPro/libctru/lib\libctru.a(initSystem.o)
                0x00134ffc                __libctru_init
 .text.__ctru_get_reent
                0x00135034       0x30 c:/devkitPro/libctru/lib\libctru.a(syscalls.o)
 .text.__system_initSyscalls
                0x00135064       0xe4 c:/devkitPro/libctru/lib\libctru.a(syscalls.o)
                0x00135064                __system_initSyscalls
 .text.svcControlMemory
                0x00135148       0x20 c:/devkitPro/libctru/lib\libctru.a(svc.o)
                0x00135148                svcControlMemory
 .text.svcExitProcess
                0x00135168        0x8 c:/devkitPro/libctru/lib\libctru.a(svc.o)
                0x00135168                svcExitProcess
 .text.svcCreateThread
                0x00135170       0x20 c:/devkitPro/libctru/lib\libctru.a(svc.o)
                0x00135170                svcCreateThread
 .text.svcExitThread
                0x00135190        0x8 c:/devkitPro/libctru/lib\libctru.a(svc.o)
                0x00135190                svcExitThread
 .text.svcSleepThread
                0x00135198        0x8 c:/devkitPro/libctru/lib\libctru.a(svc.o)
                0x00135198                svcSleepThread
 .text.svcReleaseMutex
                0x001351a0        0x8 c:/devkitPro/libctru/lib\libctru.a(svc.o)
                0x001351a0                svcReleaseMutex
 .text.svcCreateEvent
                0x001351a8       0x14 c:/devkitPro/libctru/lib\libctru.a(svc.o)
                0x001351a8                svcCreateEvent
 .text.svcSignalEvent
                0x001351bc        0x8 c:/devkitPro/libctru/lib\libctru.a(svc.o)
                0x001351bc                svcSignalEvent
 .text.svcClearEvent
                0x001351c4        0x8 c:/devkitPro/libctru/lib\libctru.a(svc.o)
                0x001351c4                svcClearEvent
 .text.svcCreateMemoryBlock
                0x001351cc       0x18 c:/devkitPro/libctru/lib\libctru.a(svc.o)
                0x001351cc                svcCreateMemoryBlock
 .text.svcMapMemoryBlock
                0x001351e4        0x8 c:/devkitPro/libctru/lib\libctru.a(svc.o)
                0x001351e4                svcMapMemoryBlock
 .text.svcUnmapMemoryBlock
                0x001351ec        0x8 c:/devkitPro/libctru/lib\libctru.a(svc.o)
                0x001351ec                svcUnmapMemoryBlock
 .text.svcCreateAddressArbiter
                0x001351f4       0x14 c:/devkitPro/libctru/lib\libctru.a(svc.o)
                0x001351f4                svcCreateAddressArbiter
 .text.svcArbitrateAddress
                0x00135208       0x18 c:/devkitPro/libctru/lib\libctru.a(svc.o)
                0x00135208                svcArbitrateAddress
 .text.svcCloseHandle
                0x00135220        0x8 c:/devkitPro/libctru/lib\libctru.a(svc.o)
                0x00135220                svcCloseHandle
 .text.svcWaitSynchronization
                0x00135228        0x8 c:/devkitPro/libctru/lib\libctru.a(svc.o)
                0x00135228                svcWaitSynchronization
 .text.svcWaitSynchronizationN
                0x00135230       0x28 c:/devkitPro/libctru/lib\libctru.a(svc.o)
                0x00135230                svcWaitSynchronizationN
 .text.svcDuplicateHandle
                0x00135258       0x14 c:/devkitPro/libctru/lib\libctru.a(svc.o)
                0x00135258                svcDuplicateHandle
 .text.svcGetSystemTick
                0x0013526c        0x8 c:/devkitPro/libctru/lib\libctru.a(svc.o)
                0x0013526c                svcGetSystemTick
 .text.svcGetSystemInfo
                0x00135274       0x18 c:/devkitPro/libctru/lib\libctru.a(svc.o)
                0x00135274                svcGetSystemInfo
 .text.svcConnectToPort
                0x0013528c       0x14 c:/devkitPro/libctru/lib\libctru.a(svc.o)
                0x0013528c                svcConnectToPort
 .text.svcSendSyncRequest
                0x001352a0        0x8 c:/devkitPro/libctru/lib\libctru.a(svc.o)
                0x001352a0                svcSendSyncRequest
 .text.svcBreak
                0x001352a8        0x8 c:/devkitPro/libctru/lib\libctru.a(svc.o)
                0x001352a8                svcBreak
 .text.svcBackdoor
                0x001352b0        0x8 c:/devkitPro/libctru/lib\libctru.a(svc.o)
                0x001352b0                svcBackdoor
 .text._ZL21addrMapNodeComparatorPK11rbtree_nodeS1_
                0x001352b8       0x24 c:/devkitPro/libctru/lib\libctru.a(mappable.o)
 .text._ZL21addrMapNodeDestructorP11rbtree_node
                0x001352dc        0x4 c:/devkitPro/libctru/lib\libctru.a(mappable.o)
 .text.mappableAlloc
                0x001352e0       0xe4 c:/devkitPro/libctru/lib\libctru.a(mappable.o)
                0x001352e0                mappableAlloc
 .text.mappableFree
                0x001353c4       0x50 c:/devkitPro/libctru/lib\libctru.a(mappable.o)
                0x001353c4                mappableFree
 .text._ZL21addrMapNodeComparatorPK11rbtree_nodeS1_
                0x00135414       0x24 c:/devkitPro/libctru/lib\libctru.a(vram.o)
 .text._ZL21addrMapNodeDestructorP11rbtree_node
                0x00135438        0x4 c:/devkitPro/libctru/lib\libctru.a(vram.o)
 .text.vramMemAlign
                0x0013543c      0x110 c:/devkitPro/libctru/lib\libctru.a(vram.o)
                0x0013543c                vramMemAlign
 .text.vramAlloc
                0x0013554c        0x8 c:/devkitPro/libctru/lib\libctru.a(vram.o)
                0x0013554c                vramAlloc
 .text.vramFree
                0x00135554       0x50 c:/devkitPro/libctru/lib\libctru.a(vram.o)
                0x00135554                vramFree
 .text.envGetHandle
                0x001355a4       0x84 c:/devkitPro/libctru/lib\libctru.a(env.o)
                0x001355a4                envGetHandle
 .text.envDestroyHandles
                0x00135628       0x4c c:/devkitPro/libctru/lib\libctru.a(env.o)
                0x00135628                envDestroyHandles
 .text.LightLock_Unlock.part.1
                0x00135674       0x34 c:/devkitPro/libctru/lib\libctru.a(synchronization.o)
 .text.__sync_init
                0x001356a8        0xc c:/devkitPro/libctru/lib\libctru.a(synchronization.o)
                0x001356a8                __sync_init
 .text.__sync_fini
                0x001356b4       0x18 c:/devkitPro/libctru/lib\libctru.a(synchronization.o)
                0x001356b4                __sync_fini
 .text.__sync_get_arbiter
                0x001356cc       0x10 c:/devkitPro/libctru/lib\libctru.a(synchronization.o)
                0x001356cc                __sync_get_arbiter
 .text.LightLock_Init
                0x001356dc       0x18 c:/devkitPro/libctru/lib\libctru.a(synchronization.o)
                0x001356dc                LightLock_Init
 .text.LightLock_Lock
                0x001356f4       0x9c c:/devkitPro/libctru/lib\libctru.a(synchronization.o)
                0x001356f4                LightLock_Lock
 .text.LightLock_TryLock
                0x00135790       0x34 c:/devkitPro/libctru/lib\libctru.a(synchronization.o)
                0x00135790                LightLock_TryLock
 .text.LightLock_Unlock
                0x001357c4       0x20 c:/devkitPro/libctru/lib\libctru.a(synchronization.o)
                0x001357c4                LightLock_Unlock
 .text.RecursiveLock_Init
                0x001357e4       0x24 c:/devkitPro/libctru/lib\libctru.a(synchronization.o)
                0x001357e4                RecursiveLock_Init
 .text.RecursiveLock_Lock
                0x00135808       0x30 c:/devkitPro/libctru/lib\libctru.a(synchronization.o)
                0x00135808                RecursiveLock_Lock
 .text.RecursiveLock_TryLock
                0x00135838       0x58 c:/devkitPro/libctru/lib\libctru.a(synchronization.o)
                0x00135838                RecursiveLock_TryLock
 .text.RecursiveLock_Unlock
                0x00135890       0x38 c:/devkitPro/libctru/lib\libctru.a(synchronization.o)
                0x00135890                RecursiveLock_Unlock
 .text.LightEvent_Init
                0x001358c8       0x38 c:/devkitPro/libctru/lib\libctru.a(synchronization.o)
                0x001358c8                LightEvent_Init
 .text.LightEvent_Clear
                0x00135900       0x7c c:/devkitPro/libctru/lib\libctru.a(synchronization.o)
                0x00135900                LightEvent_Clear
 .text.LightEvent_Signal
                0x0013597c       0xdc c:/devkitPro/libctru/lib\libctru.a(synchronization.o)
                0x0013597c                LightEvent_Signal
 .text.LightEvent_Wait
                0x00135a58       0xbc c:/devkitPro/libctru/lib\libctru.a(synchronization.o)
                0x00135a58                LightEvent_Wait
 .text.threadFree.part.0
                0x00135b14       0x1c c:/devkitPro/libctru/lib\libctru.a(thread.o)
 .text.threadCreate
                0x00135b30      0x1ac c:/devkitPro/libctru/lib\libctru.a(thread.o)
                0x00135b30                threadCreate
 .text.threadJoin
                0x00135cdc       0x24 c:/devkitPro/libctru/lib\libctru.a(thread.o)
                0x00135cdc                threadJoin
 .text.threadExit
                0x00135d00       0x64 c:/devkitPro/libctru/lib\libctru.a(thread.o)
                0x00135d00                threadExit
 .text._thread_begin
                0x00135d64       0x40 c:/devkitPro/libctru/lib\libctru.a(thread.o)
 .text._net_convert_error
                0x00135da4       0x3c c:/devkitPro/libctru/lib\libctru.a(soc_common.o)
                0x00135da4                _net_convert_error
 .text.rbtree_node_next
                0x00135de0       0x74 c:/devkitPro/libctru/lib\libctru.a(rbtree_iterator.o)
                0x00135de0                rbtree_node_next
 .text.decode_utf16
                0x00135e54       0x60 c:/devkitPro/libctru/lib\libctru.a(decode_utf16.o)
                0x00135e54                decode_utf16
 .text.decode_utf8
                0x00135eb4      0x138 c:/devkitPro/libctru/lib\libctru.a(decode_utf8.o)
                0x00135eb4                decode_utf8
 .text.encode_utf16
                0x00135fec       0x68 c:/devkitPro/libctru/lib\libctru.a(encode_utf16.o)
                0x00135fec                encode_utf16
 .text.encode_utf8
                0x00136054      0x104 c:/devkitPro/libctru/lib\libctru.a(encode_utf8.o)
                0x00136054                encode_utf8
 .text.__appExit
                0x00136158       0x1c c:/devkitPro/libctru/lib\libctru.a(appExit.o)
                0x00136158                __appExit
 .text.__appInit
                0x00136174       0x1c c:/devkitPro/libctru/lib\libctru.a(appInit.o)
                0x00136174                __appInit
 .text.__libctru_exit
                0x00136190       0xa4 c:/devkitPro/libctru/lib\libctru.a(ctru_exit.o)
                0x00136190                __libctru_exit
 .text.sdmc_link
                0x00136234       0x10 c:/devkitPro/libctru/lib\libctru.a(sdmc_dev.o)
 .text.sdmc_dirreset
                0x00136244       0x10 c:/devkitPro/libctru/lib\libctru.a(sdmc_dev.o)
 .text.sdmc_chmod
                0x00136254       0x10 c:/devkitPro/libctru/lib\libctru.a(sdmc_dev.o)
 .text.error_cmp
                0x00136264       0x24 c:/devkitPro/libctru/lib\libctru.a(sdmc_dev.o)
 .text.sdmc_translate_error
                0x00136288       0x50 c:/devkitPro/libctru/lib\libctru.a(sdmc_dev.o)
 .text.sdmc_fsync
                0x001362d8       0x34 c:/devkitPro/libctru/lib\libctru.a(sdmc_dev.o)
 .text.sdmc_ftruncate
                0x0013630c       0x54 c:/devkitPro/libctru/lib\libctru.a(sdmc_dev.o)
 .text.sdmc_statvfs
                0x00136360       0xb8 c:/devkitPro/libctru/lib\libctru.a(sdmc_dev.o)